Archive member included because of file (symbol)

C:/Users/Juraj/Workspace/Eclipse_C++_Arduino/Quadcopter/Release/arduino.ar(variant.cpp.o)
                              ./lib/I2C/Wire.cpp.o (g_APinDescription)
C:/Users/Juraj/Workspace/Eclipse_C++_Arduino/Quadcopter/Release/arduino.ar(Print.cpp.o)
                              ./lib/I2C/Wire.cpp.o (Print::write(unsigned char const*, unsigned int))
C:/Users/Juraj/Workspace/Eclipse_C++_Arduino/Quadcopter/Release/arduino.ar(RingBuffer.cpp.o)
                              C:/Users/Juraj/Workspace/Eclipse_C++_Arduino/Quadcopter/Release/arduino.ar(variant.cpp.o) (RingBuffer::RingBuffer())
C:/Users/Juraj/Workspace/Eclipse_C++_Arduino/Quadcopter/Release/arduino.ar(Stream.cpp.o)
                              ./Quadcopter.cpp.o (Stream::readStringUntil(char))
C:/Users/Juraj/Workspace/Eclipse_C++_Arduino/Quadcopter/Release/arduino.ar(UARTClass.cpp.o)
                              C:/Users/Juraj/Workspace/Eclipse_C++_Arduino/Quadcopter/Release/arduino.ar(variant.cpp.o) (UARTClass::UARTClass(Uart*, IRQn, unsigned long, RingBuffer*))
C:/Users/Juraj/Workspace/Eclipse_C++_Arduino/Quadcopter/Release/arduino.ar(USARTClass.cpp.o)
                              C:/Users/Juraj/Workspace/Eclipse_C++_Arduino/Quadcopter/Release/arduino.ar(variant.cpp.o) (USARTClass::USARTClass(Usart*, IRQn, unsigned long, RingBuffer*))
C:/Users/Juraj/Workspace/Eclipse_C++_Arduino/Quadcopter/Release/arduino.ar(WMath.cpp.o)
                              ./lib/MotorESC/Servo.cpp.o (map(long, long, long, long, long))
C:/Users/Juraj/Workspace/Eclipse_C++_Arduino/Quadcopter/Release/arduino.ar(WString.cpp.o)
                              ./lib/ArduinoCommunication/ArduinoCommunication.cpp.o (String::operator[](unsigned int))
C:/Users/Juraj/Workspace/Eclipse_C++_Arduino/Quadcopter/Release/arduino.ar(cxxabi-compat.cpp.o)
                              ./lib/I2C/Wire.cpp.o (__cxa_pure_virtual)
C:/Users/Juraj/Workspace/Eclipse_C++_Arduino/Quadcopter/Release/arduino.ar(itoa.c.o)
                              C:/Users/Juraj/Workspace/Eclipse_C++_Arduino/Quadcopter/Release/arduino.ar(WString.cpp.o) (ltoa)
C:/Users/Juraj/Workspace/Eclipse_C++_Arduino/Quadcopter/Release/arduino.ar(wiring.c.o)
                              ./lib/PID/PID.cpp.o (millis)
C:/Users/Juraj/Workspace/Eclipse_C++_Arduino/Quadcopter/Release/arduino.ar(wiring_analog.c.o)
                              C:/Users/Juraj/Workspace/Eclipse_C++_Arduino/Quadcopter/Release/arduino.ar(variant.cpp.o) (analogOutputInit)
C:/Users/Juraj/Workspace/Eclipse_C++_Arduino/Quadcopter/Release/arduino.ar(wiring_digital.c.o)
                              ./lib/MotorESC/Servo.cpp.o (digitalWrite)
C:/Users/Juraj/Workspace/Eclipse_C++_Arduino/Quadcopter/Release/arduino.ar(dtostrf.c.o)
                              C:/Users/Juraj/Workspace/Eclipse_C++_Arduino/Quadcopter/Release/arduino.ar(WString.cpp.o) (dtostrf)
C:/Users/Juraj/Workspace/Eclipse_C++_Arduino/Quadcopter/Release/arduino.ar(hooks.c.o)
                              C:/Users/Juraj/Workspace/Eclipse_C++_Arduino/Quadcopter/Release/arduino.ar(wiring.c.o) (yield)
C:/Programs/Arduino/hardware/arduino/sam/variants/arduino_due_x/libsam_sam3x8e_gcc_rel.a(pio.o)
                              C:/Users/Juraj/Workspace/Eclipse_C++_Arduino/Quadcopter/Release/arduino.ar(wiring_digital.c.o) (PIO_PullUp)
C:/Programs/Arduino/hardware/arduino/sam/variants/arduino_due_x/libsam_sam3x8e_gcc_rel.a(pmc.o)
                              ./lib/MotorESC/Servo.cpp.o (pmc_enable_periph_clk)
C:/Programs/Arduino/hardware/arduino/sam/variants/arduino_due_x/libsam_sam3x8e_gcc_rel.a(pwmc.o)
                              C:/Users/Juraj/Workspace/Eclipse_C++_Arduino/Quadcopter/Release/arduino.ar(wiring_analog.c.o) (PWMC_ConfigureChannel)
C:/Programs/Arduino/hardware/arduino/sam/variants/arduino_due_x/libsam_sam3x8e_gcc_rel.a(tc.o)
                              ./lib/MotorESC/Servo.cpp.o (TC_Configure)
C:/Programs/Arduino/hardware/arduino/sam/variants/arduino_due_x/libsam_sam3x8e_gcc_rel.a(timetick.o)
                              C:/Users/Juraj/Workspace/Eclipse_C++_Arduino/Quadcopter/Release/arduino.ar(wiring.c.o) (GetTickCount)
C:/Programs/Arduino/hardware/arduino/sam/variants/arduino_due_x/libsam_sam3x8e_gcc_rel.a(twi.o)
                              ./lib/I2C/Wire.cpp.o (TWI_ConfigureMaster)
C:/Programs/Arduino/hardware/arduino/sam/variants/arduino_due_x/libsam_sam3x8e_gcc_rel.a(wdt.o)
                              C:/Users/Juraj/Workspace/Eclipse_C++_Arduino/Quadcopter/Release/arduino.ar(variant.cpp.o) (WDT_Disable)
C:/Programs/Arduino/hardware/arduino/sam/variants/arduino_due_x/libsam_sam3x8e_gcc_rel.a(system_sam3xa.o)
                              C:/Users/Juraj/Workspace/Eclipse_C++_Arduino/Quadcopter/Release/arduino.ar(variant.cpp.o) (SystemInit)
C:/Programs/Arduino/hardware/arduino/sam/variants/arduino_due_x/libsam_sam3x8e_gcc_rel.a(startup_sam3xa.o)
                              (Reset_Handler)
[...]
Memory Configuration

Name             Origin             Length             Attributes
rom              0x00080000         0x00080000         xr
sram0            0x20000000         0x00010000         xrw
sram1            0x20080000         0x00008000         xrw
ram              0x20070000         0x00018000         xrw
*default*        0x00000000         0xffffffff

Linker script and memory map

LOAD c:/programs/arduino/hardware/tools/g++_arm_none_eabi/bin/../lib/gcc/arm-none-eabi/4.4.1/thumb2/crti.o
LOAD c:/programs/arduino/hardware/tools/g++_arm_none_eabi/bin/../lib/gcc/arm-none-eabi/4.4.1/thumb2/crtbegin.o
LOAD c:/programs/arduino/hardware/tools/g++_arm_none_eabi/bin/../lib/gcc/arm-none-eabi/4.4.1/thumb2\libgcc.a
START GROUP
LOAD C:/Users/Juraj/Workspace/Eclipse_C++_Arduino/Quadcopter/Release/arduino/syscalls_sam3.c.o
LOAD ./.ino.cpp.o
LOAD ./Quadcopter.cpp.o
LOAD ./lib/PID/PID.cpp.o
LOAD ./lib/MotorESC/Servo.cpp.o
LOAD ./lib/IMU/IMU.cpp.o
LOAD ./lib/IMU/MPU6050.cpp.o
LOAD ./lib/IMU/MPU6050_6Axis_MotionApps20.cpp.o
LOAD ./lib/I2C/I2Cdev.cpp.o
LOAD ./lib/I2C/Wire.cpp.o
LOAD ./lib/ArduinoCommunication/ArduinoCommunication.cpp.o
LOAD C:/Users/Juraj/Workspace/Eclipse_C++_Arduino/Quadcopter/Release/arduino.ar
LOAD C:/Programs/Arduino/hardware/arduino/sam/variants/arduino_due_x/libsam_sam3x8e_gcc_rel.a
LOAD C:/Users/Juraj/Workspace/Eclipse_C++_Arduino/Quadcopter/Release/arduino.ar
END GROUP
LOAD c:/programs/arduino/hardware/tools/g++_arm_none_eabi/bin/../lib/gcc/arm-none-eabi/4.4.1/../../../../arm-none-eabi/lib/thumb2\libstdc++.a
LOAD c:/programs/arduino/hardware/tools/g++_arm_none_eabi/bin/../lib/gcc/arm-none-eabi/4.4.1/../../../../arm-none-eabi/lib/thumb2\libm.a
START GROUP
LOAD c:/programs/arduino/hardware/tools/g++_arm_none_eabi/bin/../lib/gcc/arm-none-eabi/4.4.1/thumb2\libgcc.a
LOAD c:/programs/arduino/hardware/tools/g++_arm_none_eabi/bin/../lib/gcc/arm-none-eabi/4.4.1/../../../../arm-none-eabi/lib/thumb2\libc.a
END GROUP
LOAD c:/programs/arduino/hardware/tools/g++_arm_none_eabi/bin/../lib/gcc/arm-none-eabi/4.4.1/thumb2/crtend.o
LOAD c:/programs/arduino/hardware/tools/g++_arm_none_eabi/bin/../lib/gcc/arm-none-eabi/4.4.1/thumb2/crtn.o

.text           0x00080000    0x107d4
                0x00080000                . = ALIGN (0x4)
                0x00080000                _sfixed = .
 *(.vectors .vectors.*)
 .vectors       0x00080000       0xf4 C:/Programs/Arduino/hardware/arduino/sam/variants/arduino_due_x/libsam_sam3x8e_gcc_rel.a(startup_sam3xa.o)
                0x00080000                exception_table
 *(.text .text.* .gnu.linkonce.t.*)
 .text          0x000800f4       0x30 c:/programs/arduino/hardware/tools/g++_arm_none_eabi/bin/../lib/gcc/arm-none-eabi/4.4.1/thumb2/crtbegin.o
 .text._sbrk    0x00080124       0x20 C:/Users/Juraj/Workspace/Eclipse_C++_Arduino/Quadcopter/Release/arduino/syscalls_sam3.c.o
                0x00080124                _sbrk
 .text._close   0x00080144        0x6 C:/Users/Juraj/Workspace/Eclipse_C++_Arduino/Quadcopter/Release/arduino/syscalls_sam3.c.o
                0x00080144                _close
 .text._fstat   0x0008014a        0xa C:/Users/Juraj/Workspace/Eclipse_C++_Arduino/Quadcopter/Release/arduino/syscalls_sam3.c.o
                0x0008014a                _fstat
 .text._isatty  0x00080154        0x4 C:/Users/Juraj/Workspace/Eclipse_C++_Arduino/Quadcopter/Release/arduino/syscalls_sam3.c.o
                0x00080154                _isatty
 .text._lseek   0x00080158        0x4 C:/Users/Juraj/Workspace/Eclipse_C++_Arduino/Quadcopter/Release/arduino/syscalls_sam3.c.o
                0x00080158                _lseek
 .text._read    0x0008015c        0x4 C:/Users/Juraj/Workspace/Eclipse_C++_Arduino/Quadcopter/Release/arduino/syscalls_sam3.c.o
                0x0008015c                _read
 .text._write   0x00080160       0x20 C:/Users/Juraj/Workspace/Eclipse_C++_Arduino/Quadcopter/Release/arduino/syscalls_sam3.c.o
                0x00080160                _write
 .text._kill    0x00080180        0x2 C:/Users/Juraj/Workspace/Eclipse_C++_Arduino/Quadcopter/Release/arduino/syscalls_sam3.c.o
                0x00080180                _kill
 .text._getpid  0x00080182        0x6 C:/Users/Juraj/Workspace/Eclipse_C++_Arduino/Quadcopter/Release/arduino/syscalls_sam3.c.o
                0x00080182                _getpid
 .text._exit    0x00080188       0x10 C:/Users/Juraj/Workspace/Eclipse_C++_Arduino/Quadcopter/Release/arduino/syscalls_sam3.c.o
                0x00080188                _exit
 .text._ZN20ArduinoCommunicationD1Ev
                0x00080198       0x3e ./Quadcopter.cpp.o
                0x00080198                ArduinoCommunication::~ArduinoCommunication()
 .text._ZN8MotorESCD1Ev
                0x000801d6        0xe ./Quadcopter.cpp.o
                0x000801d6                MotorESC::~MotorESC()
 *fill*         0x000801e4        0x4 00
 .text._ZN8MotorESCC1Ei6String
                0x000801e8       0x50 ./Quadcopter.cpp.o
                0x000801e8                MotorESC::MotorESC(int, String)
 .text._Z11serialEventv
                0x00080238       0x30 ./Quadcopter.cpp.o
                0x00080238                serialEvent()
 .text._ZN8MotorESC13setMotorSpeedEd
                0x00080268       0x8e ./Quadcopter.cpp.o
                0x00080268                MotorESC::setMotorSpeed(double)
 *fill*         0x000802f6        0x2 00
 .text.loop     0x000802f8       0xcc ./Quadcopter.cpp.o
                0x000802f8                loop
 .text._ZN8MotorESC10initializeEv
                0x000803c4       0xf4 ./Quadcopter.cpp.o
                0x000803c4                MotorESC::initialize()
 .text.setup    0x000804b8       0xb4 ./Quadcopter.cpp.o
                0x000804b8                setup
 *fill*         0x0008056c        0x4 00
 .text.T.43     0x00080570      0x320 ./Quadcopter.cpp.o
 .text._GLOBAL__I_rollControll
                0x00080890        0x4 ./Quadcopter.cpp.o
 *fill*         0x00080894        0x4 00
 .text._ZN3PID10SetTuningsEddd
                0x00080898       0xd0 ./lib/PID/PID.cpp.o
                0x00080898                PID::SetTunings(double, double, double)
 .text._ZN3PID13SetSampleTimeEi
                0x00080968       0x4c ./lib/PID/PID.cpp.o
                0x00080968                PID::SetSampleTime(int)
 .text._ZN3PID15SetOutputLimitsEdd
                0x000809b4       0x92 ./lib/PID/PID.cpp.o
                0x000809b4                PID::SetOutputLimits(double, double)
 .text._ZN3PID22SetControllerDirectionEi
                0x00080a46       0x46 ./lib/PID/PID.cpp.o
                0x00080a46                PID::SetControllerDirection(int)
 .text._ZN3PID5GetKpEv
                0x00080a8c        0x4 ./lib/PID/PID.cpp.o
                0x00080a8c                PID::GetKp()
 .text._ZN3PID5GetKiEv
                0x00080a90        0xa ./lib/PID/PID.cpp.o
                0x00080a90                PID::GetKi()
 .text._ZN3PID5GetKdEv
                0x00080a9a        0xa ./lib/PID/PID.cpp.o
                0x00080a9a                PID::GetKd()
 .text._ZN3PID9getOutMaxEv
                0x00080aa4        0xa ./lib/PID/PID.cpp.o
                0x00080aa4                PID::getOutMax()
 .text._ZNK3PID13getSampleTimeEv
                0x00080aae        0x4 ./lib/PID/PID.cpp.o
                0x00080aae                PID::getSampleTime() const
 .text._ZN3PID7ComputeEv
                0x00080ab2       0xf6 ./lib/PID/PID.cpp.o
                0x00080ab2                PID::Compute()
 .text._ZN3PIDC1EPdS0_S0_dddi
                0x00080ba8       0x68 ./lib/PID/PID.cpp.o
                0x00080ba8                PID::PID(double*, double*, double*, double, double, double, int)
 .text._ZL13isTimerActive18timer16_Sequence_t
                0x00080c10       0x20 ./lib/MotorESC/Servo.cpp.o
 .text._ZN5ServoC1Ev
                0x00080c30       0x44 ./lib/MotorESC/Servo.cpp.o
                0x00080c30                Servo::Servo()
 .text._ZN5Servo17writeMicrosecondsEi
                0x00080c74       0x4c ./lib/MotorESC/Servo.cpp.o
                0x00080c74                Servo::writeMicroseconds(int)
 .text._ZL8_initISRP2Tcmm4IRQn
                0x00080cc0       0x54 ./lib/MotorESC/Servo.cpp.o
 .text._ZN5Servo6attachEiii
                0x00080d14       0xb0 ./lib/MotorESC/Servo.cpp.o
                0x00080d14                Servo::attach(int, int, int)
 .text._ZN5Servo6attachEi
                0x00080dc4        0xc ./lib/MotorESC/Servo.cpp.o
                0x00080dc4                Servo::attach(int)
 .text._Z13Servo_Handler18timer16_Sequence_tP2Tch
                0x00080dd0      0x10c ./lib/MotorESC/Servo.cpp.o
                0x00080dd0                Servo_Handler(timer16_Sequence_t, Tc*, unsigned char)
 .text.TC0_Handler
                0x00080edc       0x10 ./lib/MotorESC/Servo.cpp.o
                0x00080edc                TC0_Handler
 .text.TC2_Handler
                0x00080eec       0x10 ./lib/MotorESC/Servo.cpp.o
                0x00080eec                TC2_Handler
 .text.TC5_Handler
                0x00080efc       0x10 ./lib/MotorESC/Servo.cpp.o
                0x00080efc                TC5_Handler
 .text.TC4_Handler
                0x00080f0c       0x10 ./lib/MotorESC/Servo.cpp.o
                0x00080f0c                TC4_Handler
 .text.TC3_Handler
                0x00080f1c       0x10 ./lib/MotorESC/Servo.cpp.o
                0x00080f1c                TC3_Handler
 *fill*         0x00080f2c        0x4 00
 .text._ZN3IMU9getYPRdmpEv
                0x00080f30      0x118 ./lib/IMU/IMU.cpp.o
                0x00080f30                IMU::getYPRdmp()
 .text._ZN3IMU8startDMPEv
                0x00081048       0x6c ./lib/IMU/IMU.cpp.o
                0x00081048                IMU::startDMP()
 .text._ZN3IMU6setDMPEv
                0x000810b4       0xc8 ./lib/IMU/IMU.cpp.o
                0x000810b4                IMU::setDMP()
 .text._ZN7MPU6050C1Ev
                0x0008117c        0x6 ./lib/IMU/MPU6050.cpp.o
                0x0008117c                MPU6050::MPU6050()
 .text._ZN7MPU605013setDMPConfig2Eh
                0x00081182        0xa ./lib/IMU/MPU6050.cpp.o
                0x00081182                MPU6050::setDMPConfig2(unsigned char)
 .text._ZN7MPU605013setDMPConfig1Eh
                0x0008118c        0xa ./lib/IMU/MPU6050.cpp.o
                0x0008118c                MPU6050::setDMPConfig1(unsigned char)
 .text._ZN7MPU605021setMemoryStartAddressEh
                0x00081196        0xa ./lib/IMU/MPU6050.cpp.o
                0x00081196                MPU6050::setMemoryStartAddress(unsigned char)
 .text._ZN7MPU605013setMemoryBankEhbb
                0x000811a0       0x20 ./lib/IMU/MPU6050.cpp.o
                0x000811a0                MPU6050::setMemoryBank(unsigned char, bool, bool)
 .text._ZN7MPU605013setIntEnabledEh
                0x000811c0        0xa ./lib/IMU/MPU6050.cpp.o
                0x000811c0                MPU6050::setIntEnabled(unsigned char)
 .text._ZN7MPU605015setSlaveAddressEhh
                0x000811ca       0x14 ./lib/IMU/MPU6050.cpp.o
                0x000811ca                MPU6050::setSlaveAddress(unsigned char, unsigned char)
 .text._ZN7MPU605030setZeroMotionDetectionDurationEh
                0x000811de        0xa ./lib/IMU/MPU6050.cpp.o
                0x000811de                MPU6050::setZeroMotionDetectionDuration(unsigned char)
 .text._ZN7MPU605031setZeroMotionDetectionThresholdEh
                0x000811e8        0xa ./lib/IMU/MPU6050.cpp.o
                0x000811e8                MPU6050::setZeroMotionDetectionThreshold(unsigned char)
 .text._ZN7MPU605026setMotionDetectionDurationEh
                0x000811f2        0xa ./lib/IMU/MPU6050.cpp.o
                0x000811f2                MPU6050::setMotionDetectionDuration(unsigned char)
 .text._ZN7MPU605027setMotionDetectionThresholdEh
                0x000811fc        0xa ./lib/IMU/MPU6050.cpp.o
                0x000811fc                MPU6050::setMotionDetectionThreshold(unsigned char)
 .text._ZN7MPU60507setRateEh
                0x00081206        0xa ./lib/IMU/MPU6050.cpp.o
                0x00081206                MPU6050::setRate(unsigned char)
 .text._ZN7MPU605014readMemoryByteEv
                0x00081210       0x1c ./lib/IMU/MPU6050.cpp.o
                0x00081210                MPU6050::readMemoryByte()
 .text._ZN7MPU605012getIntStatusEv
                0x0008122c       0x1c ./lib/IMU/MPU6050.cpp.o
                0x0008122c                MPU6050::getIntStatus()
 .text._ZN7MPU605015readMemoryBlockEPhthh
                0x00081248       0x90 ./lib/IMU/MPU6050.cpp.o
                0x00081248                MPU6050::readMemoryBlock(unsigned char*, unsigned short, unsigned char, unsigned char)
 .text._ZN7MPU605012getFIFOBytesEPhh
                0x000812d8       0x18 ./lib/IMU/MPU6050.cpp.o
                0x000812d8                MPU6050::getFIFOBytes(unsigned char*, unsigned char)
 .text._ZN7MPU605012getFIFOCountEv
                0x000812f0       0x28 ./lib/IMU/MPU6050.cpp.o
                0x000812f0                MPU6050::getFIFOCount()
 .text._ZN7MPU605016writeMemoryBlockEPKhthhbb
                0x00081318      0x150 ./lib/IMU/MPU6050.cpp.o
                0x00081318                MPU6050::writeMemoryBlock(unsigned char const*, unsigned short, unsigned char, unsigned char, bool, bool)
 .text._ZN7MPU605024writeDMPConfigurationSetEPKhtb
                0x00081468       0xce ./lib/IMU/MPU6050.cpp.o
                0x00081468                MPU6050::writeDMPConfigurationSet(unsigned char const*, unsigned short, bool)
 .text._ZN7MPU605028writeProgDMPConfigurationSetEPKht
                0x00081536        0x6 ./lib/IMU/MPU6050.cpp.o
                0x00081536                MPU6050::writeProgDMPConfigurationSet(unsigned char const*, unsigned short)
 .text._ZN7MPU605020writeProgMemoryBlockEPKhthhb
                0x0008153c       0x1c ./lib/IMU/MPU6050.cpp.o
                0x0008153c                MPU6050::writeProgMemoryBlock(unsigned char const*, unsigned short, unsigned char, unsigned char, bool)
 .text._ZN7MPU60508resetDMPEv
                0x00081558        0xc ./lib/IMU/MPU6050.cpp.o
                0x00081558                MPU6050::resetDMP()
 .text._ZN7MPU605013setDMPEnabledEb
                0x00081564        0xc ./lib/IMU/MPU6050.cpp.o
                0x00081564                MPU6050::setDMPEnabled(bool)
 .text._ZN7MPU605015setOTPBankValidEb
                0x00081570        0xc ./lib/IMU/MPU6050.cpp.o
                0x00081570                MPU6050::setOTPBankValid(bool)
 .text._ZN7MPU605015setSleepEnabledEb
                0x0008157c        0xc ./lib/IMU/MPU6050.cpp.o
                0x0008157c                MPU6050::setSleepEnabled(bool)
 .text._ZN7MPU60505resetEv
                0x00081588        0xc ./lib/IMU/MPU6050.cpp.o
                0x00081588                MPU6050::reset()
 .text._ZN7MPU605014resetI2CMasterEv
                0x00081594        0xc ./lib/IMU/MPU6050.cpp.o
                0x00081594                MPU6050::resetI2CMaster()
 .text._ZN7MPU60509resetFIFOEv
                0x000815a0        0xc ./lib/IMU/MPU6050.cpp.o
                0x000815a0                MPU6050::resetFIFO()
 .text._ZN7MPU605023setI2CMasterModeEnabledEb
                0x000815ac        0xc ./lib/IMU/MPU6050.cpp.o
                0x000815ac                MPU6050::setI2CMasterModeEnabled(bool)
 .text._ZN7MPU605014setFIFOEnabledEb
                0x000815b8        0xc ./lib/IMU/MPU6050.cpp.o
                0x000815b8                MPU6050::setFIFOEnabled(bool)
 .text._ZN7MPU605015getOTPBankValidEv
                0x000815c4       0x20 ./lib/IMU/MPU6050.cpp.o
                0x000815c4                MPU6050::getOTPBankValid()
 .text._ZN7MPU605014setZGyroOffsetEs
                0x000815e4        0xa ./lib/IMU/MPU6050.cpp.o
                0x000815e4                MPU6050::setZGyroOffset(short)
 .text._ZN7MPU605014setYGyroOffsetEs
                0x000815ee        0xa ./lib/IMU/MPU6050.cpp.o
                0x000815ee                MPU6050::setYGyroOffset(short)
 .text._ZN7MPU605014setXGyroOffsetEs
                0x000815f8        0xa ./lib/IMU/MPU6050.cpp.o
                0x000815f8                MPU6050::setXGyroOffset(short)
 .text._ZN7MPU605015setZAccelOffsetEs
                0x00081602        0xa ./lib/IMU/MPU6050.cpp.o
                0x00081602                MPU6050::setZAccelOffset(short)
 .text._ZN7MPU605015setYAccelOffsetEs
                0x0008160c        0xa ./lib/IMU/MPU6050.cpp.o
                0x0008160c                MPU6050::setYAccelOffset(short)
 .text._ZN7MPU605015setXAccelOffsetEs
                0x00081616        0xa ./lib/IMU/MPU6050.cpp.o
                0x00081616                MPU6050::setXAccelOffset(short)
 .text._ZN7MPU605016setZGyroOffsetTCEa
                0x00081620       0x14 ./lib/IMU/MPU6050.cpp.o
                0x00081620                MPU6050::setZGyroOffsetTC(signed char)
 .text._ZN7MPU605016setYGyroOffsetTCEa
                0x00081634       0x14 ./lib/IMU/MPU6050.cpp.o
                0x00081634                MPU6050::setYGyroOffsetTC(signed char)
 .text._ZN7MPU605016setXGyroOffsetTCEa
                0x00081648       0x14 ./lib/IMU/MPU6050.cpp.o
                0x00081648                MPU6050::setXGyroOffsetTC(signed char)
 .text._ZN7MPU605014setClockSourceEh
                0x0008165c       0x12 ./lib/IMU/MPU6050.cpp.o
                0x0008165c                MPU6050::setClockSource(unsigned char)
 .text._ZN7MPU605022setFullScaleAccelRangeEh
                0x0008166e       0x12 ./lib/IMU/MPU6050.cpp.o
                0x0008166e                MPU6050::setFullScaleAccelRange(unsigned char)
 .text._ZN7MPU605021setFullScaleGyroRangeEh
                0x00081680       0x12 ./lib/IMU/MPU6050.cpp.o
                0x00081680                MPU6050::setFullScaleGyroRange(unsigned char)
 .text._ZN7MPU605010initializeEv
                0x00081692       0x26 ./lib/IMU/MPU6050.cpp.o
                0x00081692                MPU6050::initialize()
 .text._ZN7MPU605011setDLPFModeEh
                0x000816b8       0x12 ./lib/IMU/MPU6050.cpp.o
                0x000816b8                MPU6050::setDLPFMode(unsigned char)
 .text._ZN7MPU605020setExternalFrameSyncEh
                0x000816ca       0x12 ./lib/IMU/MPU6050.cpp.o
                0x000816ca                MPU6050::setExternalFrameSync(unsigned char)
 .text._ZN7MPU605016getZGyroOffsetTCEv
                0x000816dc       0x28 ./lib/IMU/MPU6050.cpp.o
                0x000816dc                MPU6050::getZGyroOffsetTC()
 .text._ZN7MPU605016getYGyroOffsetTCEv
                0x00081704       0x28 ./lib/IMU/MPU6050.cpp.o
                0x00081704                MPU6050::getYGyroOffsetTC()
 .text._ZN7MPU605016getXGyroOffsetTCEv
                0x0008172c       0x28 ./lib/IMU/MPU6050.cpp.o
                0x0008172c                MPU6050::getXGyroOffsetTC()
 .text._ZN7MPU605011getDeviceIDEv
                0x00081754       0x24 ./lib/IMU/MPU6050.cpp.o
                0x00081754                MPU6050::getDeviceID()
 .text._ZN7MPU605014testConnectionEv
                0x00081778       0x10 ./lib/IMU/MPU6050.cpp.o
                0x00081778                MPU6050::testConnection()
 .text._ZN7MPU605016dmpGetQuaternionEPsPKh
                0x00081788       0x32 ./lib/IMU/MPU6050_6Axis_MotionApps20.cpp.o
                0x00081788                MPU6050::dmpGetQuaternion(short*, unsigned char const*)
 .text._ZN7MPU605016dmpGetQuaternionEP10QuaternionPKh
                0x000817ba       0x5a ./lib/IMU/MPU6050_6Axis_MotionApps20.cpp.o
                0x000817ba                MPU6050::dmpGetQuaternion(Quaternion*, unsigned char const*)
 .text._ZN7MPU605013dmpGetGravityEP11VectorFloatP10Quaternion
                0x00081814       0x9a ./lib/IMU/MPU6050_6Axis_MotionApps20.cpp.o
                0x00081814                MPU6050::dmpGetGravity(VectorFloat*, Quaternion*)
 .text._ZN7MPU605020dmpGetFIFOPacketSizeEv
                0x000818ae        0x4 ./lib/IMU/MPU6050_6Axis_MotionApps20.cpp.o
                0x000818ae                MPU6050::dmpGetFIFOPacketSize()
 *fill*         0x000818b2        0x2 00
 .text._ZN7MPU605018dmpGetYawPitchRollEPfP10QuaternionP11VectorFloat
                0x000818b4      0x120 ./lib/IMU/MPU6050_6Axis_MotionApps20.cpp.o
                0x000818b4                MPU6050::dmpGetYawPitchRoll(float*, Quaternion*, VectorFloat*)
 .text._ZN7MPU605013dmpInitializeEv
                0x000819d4      0x3a8 ./lib/IMU/MPU6050_6Axis_MotionApps20.cpp.o
                0x000819d4                MPU6050::dmpInitialize()
 .text._ZN6I2Cdev10writeWordsEhhhPt
                0x00081d7c       0x54 ./lib/I2C/I2Cdev.cpp.o
                0x00081d7c                I2Cdev::writeWords(unsigned char, unsigned char, unsigned char, unsigned short*)
 .text._ZN6I2Cdev9writeWordEhht
                0x00081dd0       0x10 ./lib/I2C/I2Cdev.cpp.o
                0x00081dd0                I2Cdev::writeWord(unsigned char, unsigned char, unsigned short)
 .text._ZN6I2Cdev10writeBytesEhhhPh
                0x00081de0       0x44 ./lib/I2C/I2Cdev.cpp.o
                0x00081de0                I2Cdev::writeBytes(unsigned char, unsigned char, unsigned char, unsigned char*)
 .text._ZN6I2Cdev9writeByteEhhh
                0x00081e24       0x10 ./lib/I2C/I2Cdev.cpp.o
                0x00081e24                I2Cdev::writeByte(unsigned char, unsigned char, unsigned char)
 .text._ZN6I2Cdev9readBytesEhhhPht
                0x00081e34       0xb8 ./lib/I2C/I2Cdev.cpp.o
                0x00081e34                I2Cdev::readBytes(unsigned char, unsigned char, unsigned char, unsigned char*, unsigned short)
 .text._ZN6I2Cdev8readByteEhhPht
                0x00081eec       0x12 ./lib/I2C/I2Cdev.cpp.o
                0x00081eec                I2Cdev::readByte(unsigned char, unsigned char, unsigned char*, unsigned short)
 *fill*         0x00081efe        0x2 00
 .text._ZN6I2Cdev9writeBitsEhhhhh
                0x00081f00       0x54 ./lib/I2C/I2Cdev.cpp.o
                0x00081f00                I2Cdev::writeBits(unsigned char, unsigned char, unsigned char, unsigned char, unsigned char)
 .text._ZN6I2Cdev8writeBitEhhhh
                0x00081f54       0x44 ./lib/I2C/I2Cdev.cpp.o
                0x00081f54                I2Cdev::writeBit(unsigned char, unsigned char, unsigned char, unsigned char)
 .text._ZN6I2Cdev8readBitsEhhhhPht
                0x00081f98       0x36 ./lib/I2C/I2Cdev.cpp.o
                0x00081f98                I2Cdev::readBits(unsigned char, unsigned char, unsigned char, unsigned char, unsigned char*, unsigned short)
 .text._ZN6I2Cdev7readBitEhhhPht
                0x00081fce       0x24 ./lib/I2C/I2Cdev.cpp.o
                0x00081fce                I2Cdev::readBit(unsigned char, unsigned char, unsigned char, unsigned char*, unsigned short)
 *fill*         0x00081ff2        0x2 00
 .text._ZN7TwoWireC1EP3TwiPFvvE
                0x00081ff4       0x3c ./lib/I2C/Wire.cpp.o
                0x00081ff4                TwoWire::TwoWire(Twi*, void (*)())
 .text._ZN7TwoWire17beginTransmissionEh
                0x00082030       0x12 ./lib/I2C/Wire.cpp.o
                0x00082030                TwoWire::beginTransmission(unsigned char)
 .text._ZN7TwoWire5writeEh
                0x00082042       0x3a ./lib/I2C/Wire.cpp.o
                0x00082042                TwoWire::write(unsigned char)
 .text._ZN7TwoWire5writeEPKhj
                0x0008207c       0x5e ./lib/I2C/Wire.cpp.o
                0x0008207c                TwoWire::write(unsigned char const*, unsigned int)
 .text._ZN7TwoWire9availableEv
                0x000820da        0xc ./lib/I2C/Wire.cpp.o
                0x000820da                TwoWire::available()
 .text._ZN7TwoWire4readEv
                0x000820e6       0x20 ./lib/I2C/Wire.cpp.o
                0x000820e6                TwoWire::read()
 .text._ZN7TwoWire4peekEv
                0x00082106       0x18 ./lib/I2C/Wire.cpp.o
                0x00082106                TwoWire::peek()
 .text._ZN7TwoWire5flushEv
                0x0008211e        0x2 ./lib/I2C/Wire.cpp.o
                0x0008211e                TwoWire::flush()
 .text._ZL10Wire1_Initv
                0x00082120       0x54 ./lib/I2C/Wire.cpp.o
 .text._ZL9Wire_Initv
                0x00082174       0x54 ./lib/I2C/Wire.cpp.o
 .text._ZN7TwoWire9onServiceEv
                0x000821c8      0x130 ./lib/I2C/Wire.cpp.o
                0x000821c8                TwoWire::onService()
 .text.TWI0_Handler
                0x000822f8        0xc ./lib/I2C/Wire.cpp.o
                0x000822f8                TWI0_Handler
 .text.TWI1_Handler
                0x00082304        0xc ./lib/I2C/Wire.cpp.o
                0x00082304                TWI1_Handler
 .text._ZN7TwoWire15endTransmissionEh
                0x00082310       0xcc ./lib/I2C/Wire.cpp.o
                0x00082310                TwoWire::endTransmission(unsigned char)
 .text._ZN7TwoWire15endTransmissionEv
                0x000823dc        0x6 ./lib/I2C/Wire.cpp.o
                0x000823dc                TwoWire::endTransmission()
 *fill*         0x000823e2        0x2 00
 .text._ZN7TwoWire11requestFromEhhh
                0x000823e4       0x90 ./lib/I2C/Wire.cpp.o
                0x000823e4                TwoWire::requestFrom(unsigned char, unsigned char, unsigned char)
 .text._ZN7TwoWire11requestFromEhh
                0x00082474        0x6 ./lib/I2C/Wire.cpp.o
                0x00082474                TwoWire::requestFrom(unsigned char, unsigned char)
 *fill*         0x0008247a        0x2 00
 .text._ZN7TwoWire5beginEv
                0x0008247c       0x30 ./lib/I2C/Wire.cpp.o
                0x0008247c                TwoWire::begin()
 .text._GLOBAL__I__ZN7TwoWireC2EP3TwiPFvvE
                0x000824ac       0x34 ./lib/I2C/Wire.cpp.o
 .text._ZN20ArduinoCommunication14sendOverSerialEv
                0x000824e0      0x134 ./lib/ArduinoCommunication/ArduinoCommunication.cpp.o
                0x000824e0                ArduinoCommunication::sendOverSerial()
 .text._ZN20ArduinoCommunication13sendSerialValE6Stringd
                0x00082614       0x74 ./lib/ArduinoCommunication/ArduinoCommunication.cpp.o
                0x00082614                ArduinoCommunication::sendSerialVal(String, double)
 .text._ZN20ArduinoCommunication12setGuiValuesEv
                0x00082688      0x1dc ./lib/ArduinoCommunication/ArduinoCommunication.cpp.o
                0x00082688                ArduinoCommunication::setGuiValues()
 .text._ZN20ArduinoCommunication31serial_Communication_GUI_CsharpEv
                0x00082864      0x4c4 ./lib/ArduinoCommunication/ArduinoCommunication.cpp.o
                0x00082864                ArduinoCommunication::serial_Communication_GUI_Csharp()
 .text._Z12serialEvent1v
                0x00082d28        0x2 C:/Users/Juraj/Workspace/Eclipse_C++_Arduino/Quadcopter/Release/arduino.ar(variant.cpp.o)
                0x00082d28                serialEvent1()
 .text._Z12serialEvent2v
                0x00082d2a        0x2 C:/Users/Juraj/Workspace/Eclipse_C++_Arduino/Quadcopter/Release/arduino.ar(variant.cpp.o)
                0x00082d2a                serialEvent2()
 .text._Z12serialEvent3v
                0x00082d2c        0x2 C:/Users/Juraj/Workspace/Eclipse_C++_Arduino/Quadcopter/Release/arduino.ar(variant.cpp.o)
                0x00082d2c                serialEvent3()
 *fill*         0x00082d2e        0x2 00
 .text.init     0x00082d30      0x134 C:/Users/Juraj/Workspace/Eclipse_C++_Arduino/Quadcopter/Release/arduino.ar(variant.cpp.o)
                0x00082d30                init
 .text._Z14serialEventRunv
                0x00082e64       0x48 C:/Users/Juraj/Workspace/Eclipse_C++_Arduino/Quadcopter/Release/arduino.ar(variant.cpp.o)
                0x00082e64                serialEventRun()
 .text.USART3_Handler
                0x00082eac        0xc C:/Users/Juraj/Workspace/Eclipse_C++_Arduino/Quadcopter/Release/arduino.ar(variant.cpp.o)
                0x00082eac                USART3_Handler
 .text.USART1_Handler
                0x00082eb8        0xc C:/Users/Juraj/Workspace/Eclipse_C++_Arduino/Quadcopter/Release/arduino.ar(variant.cpp.o)
                0x00082eb8                USART1_Handler
 .text.USART0_Handler
                0x00082ec4        0xc C:/Users/Juraj/Workspace/Eclipse_C++_Arduino/Quadcopter/Release/arduino.ar(variant.cpp.o)
                0x00082ec4                USART0_Handler
 .text.UART_Handler
                0x00082ed0        0xc C:/Users/Juraj/Workspace/Eclipse_C++_Arduino/Quadcopter/Release/arduino.ar(variant.cpp.o)
                0x00082ed0                UART_Handler
 .text._GLOBAL__I_g_APinDescription
                0x00082edc       0x8c C:/Users/Juraj/Workspace/Eclipse_C++_Arduino/Quadcopter/Release/arduino.ar(variant.cpp.o)
 .text._ZN5Print5writeEPKhj
                0x00082f68       0x2e C:/Users/Juraj/Workspace/Eclipse_C++_Arduino/Quadcopter/Release/arduino.ar(Print.cpp.o)
                0x00082f68                Print::write(unsigned char const*, unsigned int)
 .text._ZN5Print5printERK6String
                0x00082f96       0x10 C:/Users/Juraj/Workspace/Eclipse_C++_Arduino/Quadcopter/Release/arduino.ar(Print.cpp.o)
                0x00082f96                Print::print(String const&)
 .text._ZN5Print5printEc
                0x00082fa6        0xa C:/Users/Juraj/Workspace/Eclipse_C++_Arduino/Quadcopter/Release/arduino.ar(Print.cpp.o)
                0x00082fa6                Print::print(char)
 .text._ZN5Print7printlnEv
                0x00082fb0       0x18 C:/Users/Juraj/Workspace/Eclipse_C++_Arduino/Quadcopter/Release/arduino.ar(Print.cpp.o)
                0x00082fb0                Print::println()
 .text._ZN5Print7printlnERK6String
                0x00082fc8       0x14 C:/Users/Juraj/Workspace/Eclipse_C++_Arduino/Quadcopter/Release/arduino.ar(Print.cpp.o)
                0x00082fc8                Print::println(String const&)
 .text._ZN5Print5writeEPKc
                0x00082fdc       0x20 C:/Users/Juraj/Workspace/Eclipse_C++_Arduino/Quadcopter/Release/arduino.ar(Print.cpp.o)
                0x00082fdc                Print::write(char const*)
 .text._ZN5Print11printNumberEmh
                0x00082ffc       0x3e C:/Users/Juraj/Workspace/Eclipse_C++_Arduino/Quadcopter/Release/arduino.ar(Print.cpp.o)
                0x00082ffc                Print::printNumber(unsigned long, unsigned char)
 .text._ZN5Print5printEmi
                0x0008303a       0x1a C:/Users/Juraj/Workspace/Eclipse_C++_Arduino/Quadcopter/Release/arduino.ar(Print.cpp.o)
                0x0008303a                Print::print(unsigned long, int)
 .text._ZN5Print5printEji
                0x00083054        0x4 C:/Users/Juraj/Workspace/Eclipse_C++_Arduino/Quadcopter/Release/arduino.ar(Print.cpp.o)
                0x00083054                Print::print(unsigned int, int)
 .text._ZN5Print7printlnEji
                0x00083058       0x14 C:/Users/Juraj/Workspace/Eclipse_C++_Arduino/Quadcopter/Release/arduino.ar(Print.cpp.o)
                0x00083058                Print::println(unsigned int, int)
 .text._ZN5Print5printEli
                0x0008306c       0x42 C:/Users/Juraj/Workspace/Eclipse_C++_Arduino/Quadcopter/Release/arduino.ar(Print.cpp.o)
                0x0008306c                Print::print(long, int)
 .text._ZN5Print5printEii
                0x000830ae        0x4 C:/Users/Juraj/Workspace/Eclipse_C++_Arduino/Quadcopter/Release/arduino.ar(Print.cpp.o)
                0x000830ae                Print::print(int, int)
 .text._ZN5Print7printlnEii
                0x000830b2       0x14 C:/Users/Juraj/Workspace/Eclipse_C++_Arduino/Quadcopter/Release/arduino.ar(Print.cpp.o)
                0x000830b2                Print::println(int, int)
 .text._ZN5Print5printEPKc
                0x000830c6        0x4 C:/Users/Juraj/Workspace/Eclipse_C++_Arduino/Quadcopter/Release/arduino.ar(Print.cpp.o)
                0x000830c6                Print::print(char const*)
 .text._ZN5Print7printlnEPKc
                0x000830ca       0x14 C:/Users/Juraj/Workspace/Eclipse_C++_Arduino/Quadcopter/Release/arduino.ar(Print.cpp.o)
                0x000830ca                Print::println(char const*)
 .text._ZN5Print5printEPK19__FlashStringHelper
                0x000830de        0x4 C:/Users/Juraj/Workspace/Eclipse_C++_Arduino/Quadcopter/Release/arduino.ar(Print.cpp.o)
                0x000830de                Print::print(__FlashStringHelper const*)
 .text._ZN5Print7printlnEPK19__FlashStringHelper
                0x000830e2       0x14 C:/Users/Juraj/Workspace/Eclipse_C++_Arduino/Quadcopter/Release/arduino.ar(Print.cpp.o)
                0x000830e2                Print::println(__FlashStringHelper const*)
 .text._ZN10RingBuffer10store_charEh
                0x000830f6       0x16 C:/Users/Juraj/Workspace/Eclipse_C++_Arduino/Quadcopter/Release/arduino.ar(RingBuffer.cpp.o)
                0x000830f6                RingBuffer::store_char(unsigned char)
 .text._ZN10RingBufferC1Ev
                0x0008310c       0x16 C:/Users/Juraj/Workspace/Eclipse_C++_Arduino/Quadcopter/Release/arduino.ar(RingBuffer.cpp.o)
                0x0008310c                RingBuffer::RingBuffer()
 .text._ZN6Stream9timedReadEv
                0x00083122       0x2a C:/Users/Juraj/Workspace/Eclipse_C++_Arduino/Quadcopter/Release/arduino.ar(Stream.cpp.o)
                0x00083122                Stream::timedRead()
 .text._ZN6Stream15readStringUntilEc
                0x0008314c       0x30 C:/Users/Juraj/Workspace/Eclipse_C++_Arduino/Quadcopter/Release/arduino.ar(Stream.cpp.o)
                0x0008314c                Stream::readStringUntil(char)
 .text._ZN9UARTClasscvbEv
                0x0008317c        0x4 C:/Users/Juraj/Workspace/Eclipse_C++_Arduino/Quadcopter/Release/arduino.ar(UARTClass.cpp.o)
                0x0008317c                UARTClass::operator bool()
 .text._ZN9UARTClassC1EP4Uart4IRQnmP10RingBuffer
                0x00083180       0x24 C:/Users/Juraj/Workspace/Eclipse_C++_Arduino/Quadcopter/Release/arduino.ar(UARTClass.cpp.o)
                0x00083180                UARTClass::UARTClass(Uart*, IRQn, unsigned long, RingBuffer*)
 .text._ZN9UARTClass9availableEv
                0x000831a4        0xe C:/Users/Juraj/Workspace/Eclipse_C++_Arduino/Quadcopter/Release/arduino.ar(UARTClass.cpp.o)
                0x000831a4                UARTClass::available()
 .text._ZN9UARTClass4peekEv
                0x000831b2       0x12 C:/Users/Juraj/Workspace/Eclipse_C++_Arduino/Quadcopter/Release/arduino.ar(UARTClass.cpp.o)
                0x000831b2                UARTClass::peek()
 .text._ZN9UARTClass4readEv
                0x000831c4       0x1c C:/Users/Juraj/Workspace/Eclipse_C++_Arduino/Quadcopter/Release/arduino.ar(UARTClass.cpp.o)
                0x000831c4                UARTClass::read()
 .text._ZN9UARTClass5flushEv
                0x000831e0        0xc C:/Users/Juraj/Workspace/Eclipse_C++_Arduino/Quadcopter/Release/arduino.ar(UARTClass.cpp.o)
                0x000831e0                UARTClass::flush()
 .text._ZN9UARTClass5writeEh
                0x000831ec       0x10 C:/Users/Juraj/Workspace/Eclipse_C++_Arduino/Quadcopter/Release/arduino.ar(UARTClass.cpp.o)
                0x000831ec                UARTClass::write(unsigned char)
 .text._ZN9UARTClass10IrqHandlerEv
                0x000831fc       0x2a C:/Users/Juraj/Workspace/Eclipse_C++_Arduino/Quadcopter/Release/arduino.ar(UARTClass.cpp.o)
                0x000831fc                UARTClass::IrqHandler()
 *fill*         0x00083226        0x2 00
 .text._ZN9UARTClass3endEv
                0x00083228       0x38 C:/Users/Juraj/Workspace/Eclipse_C++_Arduino/Quadcopter/Release/arduino.ar(UARTClass.cpp.o)
                0x00083228                UARTClass::end()
 .text._ZN9UARTClass5beginEm
                0x00083260       0x5c C:/Users/Juraj/Workspace/Eclipse_C++_Arduino/Quadcopter/Release/arduino.ar(UARTClass.cpp.o)
                0x00083260                UARTClass::begin(unsigned long)
 .text._ZN10USARTClasscvbEv
                0x000832bc        0x4 C:/Users/Juraj/Workspace/Eclipse_C++_Arduino/Quadcopter/Release/arduino.ar(USARTClass.cpp.o)
                0x000832bc                USARTClass::operator bool()
 .text._ZN10USARTClassC1EP5Usart4IRQnmP10RingBuffer
                0x000832c0       0x24 C:/Users/Juraj/Workspace/Eclipse_C++_Arduino/Quadcopter/Release/arduino.ar(USARTClass.cpp.o)
                0x000832c0                USARTClass::USARTClass(Usart*, IRQn, unsigned long, RingBuffer*)
 .text._ZN10USARTClass9availableEv
                0x000832e4        0xe C:/Users/Juraj/Workspace/Eclipse_C++_Arduino/Quadcopter/Release/arduino.ar(USARTClass.cpp.o)
                0x000832e4                USARTClass::available()
 .text._ZN10USARTClass4peekEv
                0x000832f2       0x12 C:/Users/Juraj/Workspace/Eclipse_C++_Arduino/Quadcopter/Release/arduino.ar(USARTClass.cpp.o)
                0x000832f2                USARTClass::peek()
 .text._ZN10USARTClass4readEv
                0x00083304       0x1c C:/Users/Juraj/Workspace/Eclipse_C++_Arduino/Quadcopter/Release/arduino.ar(USARTClass.cpp.o)
                0x00083304                USARTClass::read()
 .text._ZN10USARTClass5flushEv
                0x00083320        0xc C:/Users/Juraj/Workspace/Eclipse_C++_Arduino/Quadcopter/Release/arduino.ar(USARTClass.cpp.o)
                0x00083320                USARTClass::flush()
 .text._ZN10USARTClass5writeEh
                0x0008332c       0x10 C:/Users/Juraj/Workspace/Eclipse_C++_Arduino/Quadcopter/Release/arduino.ar(USARTClass.cpp.o)
                0x0008332c                USARTClass::write(unsigned char)
 .text._ZN10USARTClass10IrqHandlerEv
                0x0008333c       0x2a C:/Users/Juraj/Workspace/Eclipse_C++_Arduino/Quadcopter/Release/arduino.ar(USARTClass.cpp.o)
                0x0008333c                USARTClass::IrqHandler()
 *fill*         0x00083366        0x2 00
 .text._ZN10USARTClass3endEv
                0x00083368       0x38 C:/Users/Juraj/Workspace/Eclipse_C++_Arduino/Quadcopter/Release/arduino.ar(USARTClass.cpp.o)
                0x00083368                USARTClass::end()
 .text._ZN10USARTClass5beginEm
                0x000833a0       0x5c C:/Users/Juraj/Workspace/Eclipse_C++_Arduino/Quadcopter/Release/arduino.ar(USARTClass.cpp.o)
                0x000833a0                USARTClass::begin(unsigned long)
 .text._ZN6StringixEj
                0x000833fc       0x1c C:/Users/Juraj/Workspace/Eclipse_C++_Arduino/Quadcopter/Release/arduino.ar(WString.cpp.o)
                0x000833fc                String::operator[](unsigned int)
 .text._ZNK6String7toFloatEv
                0x00083418       0x14 C:/Users/Juraj/Workspace/Eclipse_C++_Arduino/Quadcopter/Release/arduino.ar(WString.cpp.o)
                0x00083418                String::toFloat() const
 .text._ZNK6String5toIntEv
                0x0008342c        0xa C:/Users/Juraj/Workspace/Eclipse_C++_Arduino/Quadcopter/Release/arduino.ar(WString.cpp.o)
                0x0008342c                String::toInt() const
 .text._ZNK6String7indexOfEcj
                0x00083436       0x20 C:/Users/Juraj/Workspace/Eclipse_C++_Arduino/Quadcopter/Release/arduino.ar(WString.cpp.o)
                0x00083436                String::indexOf(char, unsigned int) const
 .text._ZNK6String7indexOfEc
                0x00083456        0x6 C:/Users/Juraj/Workspace/Eclipse_C++_Arduino/Quadcopter/Release/arduino.ar(WString.cpp.o)
                0x00083456                String::indexOf(char) const
 .text._ZN6String12changeBufferEj
                0x0008345c       0x1a C:/Users/Juraj/Workspace/Eclipse_C++_Arduino/Quadcopter/Release/arduino.ar(WString.cpp.o)
                0x0008345c                String::changeBuffer(unsigned int)
 .text._ZN6String7reserveEj
                0x00083476       0x28 C:/Users/Juraj/Workspace/Eclipse_C++_Arduino/Quadcopter/Release/arduino.ar(WString.cpp.o)
                0x00083476                String::reserve(unsigned int)
 .text._ZN6String6concatEPKcj
                0x0008349e       0x2c C:/Users/Juraj/Workspace/Eclipse_C++_Arduino/Quadcopter/Release/arduino.ar(WString.cpp.o)
                0x0008349e                String::concat(char const*, unsigned int)
 .text._ZN6String6concatEc
                0x000834ca       0x16 C:/Users/Juraj/Workspace/Eclipse_C++_Arduino/Quadcopter/Release/arduino.ar(WString.cpp.o)
                0x000834ca                String::concat(char)
 .text._ZN6String6concatEPKc
                0x000834e0       0x20 C:/Users/Juraj/Workspace/Eclipse_C++_Arduino/Quadcopter/Release/arduino.ar(WString.cpp.o)
                0x000834e0                String::concat(char const*)
 .text._ZN6String6concatERKS_
                0x00083500        0xa C:/Users/Juraj/Workspace/Eclipse_C++_Arduino/Quadcopter/Release/arduino.ar(WString.cpp.o)
                0x00083500                String::concat(String const&)
 .text._ZN6String10invalidateEv
                0x0008350a       0x16 C:/Users/Juraj/Workspace/Eclipse_C++_Arduino/Quadcopter/Release/arduino.ar(WString.cpp.o)
                0x0008350a                String::invalidate()
 .text._ZN6String4copyEPKcj
                0x00083520       0x26 C:/Users/Juraj/Workspace/Eclipse_C++_Arduino/Quadcopter/Release/arduino.ar(WString.cpp.o)
                0x00083520                String::copy(char const*, unsigned int)
 .text._ZN6StringC1EPKc
                0x00083546       0x24 C:/Users/Juraj/Workspace/Eclipse_C++_Arduino/Quadcopter/Release/arduino.ar(WString.cpp.o)
                0x00083546                String::String(char const*)
 .text._ZN6StringaSEPKc
                0x0008356a       0x22 C:/Users/Juraj/Workspace/Eclipse_C++_Arduino/Quadcopter/Release/arduino.ar(WString.cpp.o)
                0x0008356a                String::operator=(char const*)
 .text._ZN6StringC1Edh
                0x0008358c       0x36 C:/Users/Juraj/Workspace/Eclipse_C++_Arduino/Quadcopter/Release/arduino.ar(WString.cpp.o)
                0x0008358c                String::String(double, unsigned char)
 *fill*         0x000835c2        0x2 00
 .text._ZNK6String9substringEjj
                0x000835c4       0x4c C:/Users/Juraj/Workspace/Eclipse_C++_Arduino/Quadcopter/Release/arduino.ar(WString.cpp.o)
                0x000835c4                String::substring(unsigned int, unsigned int) const
 .text._ZN6StringaSERKS_
                0x00083610       0x1e C:/Users/Juraj/Workspace/Eclipse_C++_Arduino/Quadcopter/Release/arduino.ar(WString.cpp.o)
                0x00083610                String::operator=(String const&)
 .text._ZN6StringC1ERKS_
                0x0008362e       0x14 C:/Users/Juraj/Workspace/Eclipse_C++_Arduino/Quadcopter/Release/arduino.ar(WString.cpp.o)
                0x0008362e                String::String(String const&)
 .text._ZN6StringD1Ev
                0x00083642        0xe C:/Users/Juraj/Workspace/Eclipse_C++_Arduino/Quadcopter/Release/arduino.ar(WString.cpp.o)
                0x00083642                String::~String()
 .text.millis   0x00083650        0x4 C:/Users/Juraj/Workspace/Eclipse_C++_Arduino/Quadcopter/Release/arduino.ar(wiring.c.o)
                0x00083650                millis
 .text.delay    0x00083654       0x1c C:/Users/Juraj/Workspace/Eclipse_C++_Arduino/Quadcopter/Release/arduino.ar(wiring.c.o)
                0x00083654                delay
 .text.analogOutputInit
                0x00083670       0x14 C:/Users/Juraj/Workspace/Eclipse_C++_Arduino/Quadcopter/Release/arduino.ar(wiring_analog.c.o)
                0x00083670                analogOutputInit
 .text.digitalWrite
                0x00083684       0x48 C:/Users/Juraj/Workspace/Eclipse_C++_Arduino/Quadcopter/Release/arduino.ar(wiring_digital.c.o)
                0x00083684                digitalWrite
 .text.pinMode  0x000836cc       0x68 C:/Users/Juraj/Workspace/Eclipse_C++_Arduino/Quadcopter/Release/arduino.ar(wiring_digital.c.o)
                0x000836cc                pinMode
 .text.dtostrf  0x00083734       0x2c C:/Users/Juraj/Workspace/Eclipse_C++_Arduino/Quadcopter/Release/arduino.ar(dtostrf.c.o)
                0x00083734                dtostrf
 .text.__empty  0x00083760        0x2 C:/Users/Juraj/Workspace/Eclipse_C++_Arduino/Quadcopter/Release/arduino.ar(hooks.c.o)
                0x00083760                yield
 .text.__false  0x00083762        0x4 C:/Users/Juraj/Workspace/Eclipse_C++_Arduino/Quadcopter/Release/arduino.ar(hooks.c.o)
                0x00083762                sysTickHook
 .text.__halt   0x00083766        0x2 C:/Users/Juraj/Workspace/Eclipse_C++_Arduino/Quadcopter/Release/arduino.ar(hooks.c.o)
                0x00083766                svcHook
                0x00083766                pendSVHook
 .text.PIO_DisableInterrupt
                0x00083768        0x4 C:/Programs/Arduino/hardware/arduino/sam/variants/arduino_due_x/libsam_sam3x8e_gcc_rel.a(pio.o)
                0x00083768                PIO_DisableInterrupt
 .text.PIO_PullUp
                0x0008376c        0xa C:/Programs/Arduino/hardware/arduino/sam/variants/arduino_due_x/libsam_sam3x8e_gcc_rel.a(pio.o)
                0x0008376c                PIO_PullUp
 .text.PIO_SetPeripheral
                0x00083776       0x2a C:/Programs/Arduino/hardware/arduino/sam/variants/arduino_due_x/libsam_sam3x8e_gcc_rel.a(pio.o)
                0x00083776                PIO_SetPeripheral
 .text.PIO_SetInput
                0x000837a0       0x40 C:/Programs/Arduino/hardware/arduino/sam/variants/arduino_due_x/libsam_sam3x8e_gcc_rel.a(pio.o)
                0x000837a0                PIO_SetInput
 .text.PIO_SetOutput
                0x000837e0       0x38 C:/Programs/Arduino/hardware/arduino/sam/variants/arduino_due_x/libsam_sam3x8e_gcc_rel.a(pio.o)
                0x000837e0                PIO_SetOutput
 .text.PIO_Configure
                0x00083818       0x74 C:/Programs/Arduino/hardware/arduino/sam/variants/arduino_due_x/libsam_sam3x8e_gcc_rel.a(pio.o)
                0x00083818                PIO_Configure
 .text.PIO_GetOutputDataStatus
                0x0008388c       0x16 C:/Programs/Arduino/hardware/arduino/sam/variants/arduino_due_x/libsam_sam3x8e_gcc_rel.a(pio.o)
                0x0008388c                PIO_GetOutputDataStatus
 *fill*         0x000838a2        0x2 00
 .text.pmc_enable_upll_clock
                0x000838a4       0x18 C:/Programs/Arduino/hardware/arduino/sam/variants/arduino_due_x/libsam_sam3x8e_gcc_rel.a(pmc.o)
                0x000838a4                pmc_enable_upll_clock
 .text.pmc_enable_periph_clk
                0x000838bc       0x48 C:/Programs/Arduino/hardware/arduino/sam/variants/arduino_due_x/libsam_sam3x8e_gcc_rel.a(pmc.o)
                0x000838bc                pmc_enable_periph_clk
 .text.pmc_disable_periph_clk
                0x00083904       0x48 C:/Programs/Arduino/hardware/arduino/sam/variants/arduino_due_x/libsam_sam3x8e_gcc_rel.a(pmc.o)
                0x00083904                pmc_disable_periph_clk
 .text.pmc_switch_udpck_to_upllck
                0x0008394c       0x14 C:/Programs/Arduino/hardware/arduino/sam/variants/arduino_due_x/libsam_sam3x8e_gcc_rel.a(pmc.o)
                0x0008394c                pmc_switch_udpck_to_upllck
 .text.pmc_enable_udpck
                0x00083960        0xc C:/Programs/Arduino/hardware/arduino/sam/variants/arduino_due_x/libsam_sam3x8e_gcc_rel.a(pmc.o)
                0x00083960                pmc_enable_udpck
 .text.TC_Configure
                0x0008396c       0x38 C:/Programs/Arduino/hardware/arduino/sam/variants/arduino_due_x/libsam_sam3x8e_gcc_rel.a(tc.o)
                0x0008396c                TC_Configure
 .text.TC_Start
                0x000839a4       0x2c C:/Programs/Arduino/hardware/arduino/sam/variants/arduino_due_x/libsam_sam3x8e_gcc_rel.a(tc.o)
                0x000839a4                TC_Start
 .text.TC_SetRA
                0x000839d0        0x8 C:/Programs/Arduino/hardware/arduino/sam/variants/arduino_due_x/libsam_sam3x8e_gcc_rel.a(tc.o)
                0x000839d0                TC_SetRA
 .text.TimeTick_Increment
                0x000839d8       0x10 C:/Programs/Arduino/hardware/arduino/sam/variants/arduino_due_x/libsam_sam3x8e_gcc_rel.a(timetick.o)
                0x000839d8                TimeTick_Increment
 .text.GetTickCount
                0x000839e8        0xc C:/Programs/Arduino/hardware/arduino/sam/variants/arduino_due_x/libsam_sam3x8e_gcc_rel.a(timetick.o)
                0x000839e8                GetTickCount
 .text.TWI_ConfigureMaster
                0x000839f4       0x70 C:/Programs/Arduino/hardware/arduino/sam/variants/arduino_due_x/libsam_sam3x8e_gcc_rel.a(twi.o)
                0x000839f4                TWI_ConfigureMaster
 .text.TWI_Stop
                0x00083a64       0x28 C:/Programs/Arduino/hardware/arduino/sam/variants/arduino_due_x/libsam_sam3x8e_gcc_rel.a(twi.o)
                0x00083a64                TWI_Stop
 .text.TWI_StartRead
                0x00083a8c       0x74 C:/Programs/Arduino/hardware/arduino/sam/variants/arduino_due_x/libsam_sam3x8e_gcc_rel.a(twi.o)
                0x00083a8c                TWI_StartRead
 .text.TWI_ReadByte
                0x00083b00       0x28 C:/Programs/Arduino/hardware/arduino/sam/variants/arduino_due_x/libsam_sam3x8e_gcc_rel.a(twi.o)
                0x00083b00                TWI_ReadByte
 .text.TWI_WriteByte
                0x00083b28       0x24 C:/Programs/Arduino/hardware/arduino/sam/variants/arduino_due_x/libsam_sam3x8e_gcc_rel.a(twi.o)
                0x00083b28                TWI_WriteByte
 .text.TWI_StartWrite
                0x00083b4c       0x80 C:/Programs/Arduino/hardware/arduino/sam/variants/arduino_due_x/libsam_sam3x8e_gcc_rel.a(twi.o)
                0x00083b4c                TWI_StartWrite
 .text.TWI_EnableIt
                0x00083bcc       0x40 C:/Programs/Arduino/hardware/arduino/sam/variants/arduino_due_x/libsam_sam3x8e_gcc_rel.a(twi.o)
                0x00083bcc                TWI_EnableIt
 .text.TWI_DisableIt
                0x00083c0c       0x40 C:/Programs/Arduino/hardware/arduino/sam/variants/arduino_due_x/libsam_sam3x8e_gcc_rel.a(twi.o)
                0x00083c0c                TWI_DisableIt
 .text.TWI_GetStatus
                0x00083c4c       0x28 C:/Programs/Arduino/hardware/arduino/sam/variants/arduino_due_x/libsam_sam3x8e_gcc_rel.a(twi.o)
                0x00083c4c                TWI_GetStatus
 .text.TWI_SendSTOPCondition
                0x00083c74       0x2c C:/Programs/Arduino/hardware/arduino/sam/variants/arduino_due_x/libsam_sam3x8e_gcc_rel.a(twi.o)
                0x00083c74                TWI_SendSTOPCondition
 .text.WDT_Disable
                0x00083ca0        0x8 C:/Programs/Arduino/hardware/arduino/sam/variants/arduino_due_x/libsam_sam3x8e_gcc_rel.a(wdt.o)
                0x00083ca0                WDT_Disable
 .text.SystemInit
                0x00083ca8       0x9c C:/Programs/Arduino/hardware/arduino/sam/variants/arduino_due_x/libsam_sam3x8e_gcc_rel.a(system_sam3xa.o)
                0x00083ca8                SystemInit
 .text.Reset_Handler
                0x00083d44       0x70 C:/Programs/Arduino/hardware/arduino/sam/variants/arduino_due_x/libsam_sam3x8e_gcc_rel.a(startup_sam3xa.o)
                0x00083d44                Reset_Handler
 .text.adc_init
                0x00083db4       0xa0 C:/Programs/Arduino/hardware/arduino/sam/variants/arduino_due_x/libsam_sam3x8e_gcc_rel.a(adc.o)
                0x00083db4                adc_init
 .text.adc_configure_trigger
                0x00083e54       0x10 C:/Programs/Arduino/hardware/arduino/sam/variants/arduino_due_x/libsam_sam3x8e_gcc_rel.a(adc.o)
                0x00083e54                adc_configure_trigger
 .text.adc_configure_timing
                0x00083e64       0x1a C:/Programs/Arduino/hardware/arduino/sam/variants/arduino_due_x/libsam_sam3x8e_gcc_rel.a(adc.o)
                0x00083e64                adc_configure_timing
 .text.adc_disable_all_channel
                0x00083e7e        0x8 C:/Programs/Arduino/hardware/arduino/sam/variants/arduino_due_x/libsam_sam3x8e_gcc_rel.a(adc.o)
                0x00083e7e                adc_disable_all_channel
 .text.adc_disable_interrupt
                0x00083e86        0x4 C:/Programs/Arduino/hardware/arduino/sam/variants/arduino_due_x/libsam_sam3x8e_gcc_rel.a(adc.o)
                0x00083e86                adc_disable_interrupt
 *fill*         0x00083e8a        0x2 00
 .text.UOTGHS_Handler
                0x00083e8c       0x10 C:/Programs/Arduino/hardware/arduino/sam/variants/arduino_due_x/libsam_sam3x8e_gcc_rel.a(uotghs.o)
                0x00083e8c                UOTGHS_Handler
 .text.PIOA_Handler
                0x00083e9c       0x2c C:/Users/Juraj/Workspace/Eclipse_C++_Arduino/Quadcopter/Release/arduino.ar(WInterrupts.c.o)
                0x00083e9c                PIOA_Handler
 .text.PIOB_Handler
                0x00083ec8       0x2c C:/Users/Juraj/Workspace/Eclipse_C++_Arduino/Quadcopter/Release/arduino.ar(WInterrupts.c.o)
                0x00083ec8                PIOB_Handler
 .text.PIOC_Handler
                0x00083ef4       0x2c C:/Users/Juraj/Workspace/Eclipse_C++_Arduino/Quadcopter/Release/arduino.ar(WInterrupts.c.o)
                0x00083ef4                PIOC_Handler
 .text.PIOD_Handler
                0x00083f20       0x2c C:/Users/Juraj/Workspace/Eclipse_C++_Arduino/Quadcopter/Release/arduino.ar(WInterrupts.c.o)
                0x00083f20                PIOD_Handler
 .text.__halt   0x00083f4c        0x2 C:/Users/Juraj/Workspace/Eclipse_C++_Arduino/Quadcopter/Release/arduino.ar(cortex_handlers.c.o)
                0x00083f4c                DACC_Handler
                0x00083f4c                DebugMon_Handler
                0x00083f4c                DMAC_Handler
                0x00083f4c                TRNG_Handler
                0x00083f4c                HardFault_Handler
                0x00083f4c                NMI_Handler
                0x00083f4c                TC7_Handler
                0x00083f4c                ADC_Handler
                0x00083f4c                SMC_Handler
                0x00083f4c                RTT_Handler
                0x00083f4c                EFC1_Handler
                0x00083f4c                RTC_Handler
                0x00083f4c                UsageFault_Handler
                0x00083f4c                TC6_Handler
                0x00083f4c                WDT_Handler
                0x00083f4c                CAN0_Handler
                0x00083f4c                TC1_Handler
                0x00083f4c                HSMCI_Handler
                0x00083f4c                SSC_Handler
                0x00083f4c                EFC0_Handler
                0x00083f4c                PMC_Handler
                0x00083f4c                PWM_Handler
                0x00083f4c                CAN1_Handler
                0x00083f4c                MemManage_Handler
                0x00083f4c                SUPC_Handler
                0x00083f4c                TC8_Handler
                0x00083f4c                USART2_Handler
                0x00083f4c                EMAC_Handler
                0x00083f4c                BusFault_Handler
                0x00083f4c                RSTC_Handler
                0x00083f4c                SPI0_Handler
 .text.SysTick_Handler
                0x00083f4e       0x16 C:/Users/Juraj/Workspace/Eclipse_C++_Arduino/Quadcopter/Release/arduino.ar(cortex_handlers.c.o)
                0x00083f4e                SysTick_Handler
 .text.PendSV_Handler
                0x00083f64        0x4 C:/Users/Juraj/Workspace/Eclipse_C++_Arduino/Quadcopter/Release/arduino.ar(cortex_handlers.c.o)
                0x00083f64                PendSV_Handler
 .text.SVC_Handler
                0x00083f68        0x4 C:/Users/Juraj/Workspace/Eclipse_C++_Arduino/Quadcopter/Release/arduino.ar(cortex_handlers.c.o)
                0x00083f68                SVC_Handler
 .text.main     0x00083f6c       0x30 C:/Users/Juraj/Workspace/Eclipse_C++_Arduino/Quadcopter/Release/arduino.ar(main.cpp.o)
                0x00083f6c                main
 .text._Z16USBD_InitControli
                0x00083f9c       0x14 C:/Users/Juraj/Workspace/Eclipse_C++_Arduino/Quadcopter/Release/arduino.ar(USBCore.cpp.o)
                0x00083f9c                USBD_InitControl(int)
 .text._ZL11USB_SendZlpv
                0x00083fb0       0x24 C:/Users/Juraj/Workspace/Eclipse_C++_Arduino/Quadcopter/Release/arduino.ar(USBCore.cpp.o)
 .text._ZN10USBDevice_6attachEv
                0x00083fd4       0x20 C:/Users/Juraj/Workspace/Eclipse_C++_Arduino/Quadcopter/Release/arduino.ar(USBCore.cpp.o)
                0x00083fd4                USBDevice_::attach()
 .text._ZN10USBDevice_C1Ev
                0x00083ff4       0x24 C:/Users/Juraj/Workspace/Eclipse_C++_Arduino/Quadcopter/Release/arduino.ar(USBCore.cpp.o)
                0x00083ff4                USBDevice_::USBDevice_()
 .text._Z14USBD_Availablem
                0x00084018       0x2c C:/Users/Juraj/Workspace/Eclipse_C++_Arduino/Quadcopter/Release/arduino.ar(USBCore.cpp.o)
                0x00084018                USBD_Available(unsigned long)
 .text._Z10USBD_Flushm
                0x00084044       0x16 C:/Users/Juraj/Workspace/Eclipse_C++_Arduino/Quadcopter/Release/arduino.ar(USBCore.cpp.o)
                0x00084044                USBD_Flush(unsigned long)
 .text._Z24USBD_SendOtherInterfacesv
                0x0008405a       0x1c C:/Users/Juraj/Workspace/Eclipse_C++_Arduino/Quadcopter/Release/arduino.ar(USBCore.cpp.o)
                0x0008405a                USBD_SendOtherInterfaces()
 .text._Z19USBD_SendInterfacesv
                0x00084076       0x1c C:/Users/Juraj/Workspace/Eclipse_C++_Arduino/Quadcopter/Release/arduino.ar(USBCore.cpp.o)
                0x00084076                USBD_SendInterfaces()
 .text._Z26USBD_ClassInterfaceRequestR5Setup
                0x00084092       0x14 C:/Users/Juraj/Workspace/Eclipse_C++_Arduino/Quadcopter/Release/arduino.ar(USBCore.cpp.o)
                0x00084092                USBD_ClassInterfaceRequest(Setup&)
 .text._Z16USBD_RecvControlPvm
                0x000840a6       0x1c C:/Users/Juraj/Workspace/Eclipse_C++_Arduino/Quadcopter/Release/arduino.ar(USBCore.cpp.o)
                0x000840a6                USBD_RecvControl(void*, unsigned long)
 *fill*         0x000840c2        0x2 00
 .text._Z16USBD_SendControlhPKvm
                0x000840c4       0x40 C:/Users/Juraj/Workspace/Eclipse_C++_Arduino/Quadcopter/Release/arduino.ar(USBCore.cpp.o)
                0x000840c4                USBD_SendControl(unsigned char, void const*, unsigned long)
 .text._ZL24USB_SendStringDescriptorPKhi
                0x00084104       0x42 C:/Users/Juraj/Workspace/Eclipse_C++_Arduino/Quadcopter/Release/arduino.ar(USBCore.cpp.o)
 *fill*         0x00084146        0x2 00
 .text._ZL7USB_ISRv
                0x00084148      0x438 C:/Users/Juraj/Workspace/Eclipse_C++_Arduino/Quadcopter/Release/arduino.ar(USBCore.cpp.o)
 .text._Z9USBD_SendmPKvm
                0x00084580       0x4c C:/Users/Juraj/Workspace/Eclipse_C++_Arduino/Quadcopter/Release/arduino.ar(USBCore.cpp.o)
                0x00084580                USBD_Send(unsigned long, void const*, unsigned long)
 .text._Z9USBD_RecvmPvm
                0x000845cc       0x7c C:/Users/Juraj/Workspace/Eclipse_C++_Arduino/Quadcopter/Release/arduino.ar(USBCore.cpp.o)
                0x000845cc                USBD_Recv(unsigned long, void*, unsigned long)
 .text._Z9USBD_Recvm
                0x00084648       0x1e C:/Users/Juraj/Workspace/Eclipse_C++_Arduino/Quadcopter/Release/arduino.ar(USBCore.cpp.o)
                0x00084648                USBD_Recv(unsigned long)
 *fill*         0x00084666        0x2 00
 .text._GLOBAL__I_TxLEDPulse
                0x00084668        0xc C:/Users/Juraj/Workspace/Eclipse_C++_Arduino/Quadcopter/Release/arduino.ar(USBCore.cpp.o)
 .text.initiateReset
                0x00084674        0xc C:/Users/Juraj/Workspace/Eclipse_C++_Arduino/Quadcopter/Release/arduino.ar(Reset.cpp.o)
                0x00084674                initiateReset
 .text.cancelReset
                0x00084680       0x10 C:/Users/Juraj/Workspace/Eclipse_C++_Arduino/Quadcopter/Release/arduino.ar(Reset.cpp.o)
                0x00084680                cancelReset
 .text.tickReset
                0x00084690       0x20 C:/Users/Juraj/Workspace/Eclipse_C++_Arduino/Quadcopter/Release/arduino.ar(Reset.cpp.o)
                0x00084690                tickReset
 .text._ZN7Serial_9availableEv
                0x000846b0       0x18 C:/Users/Juraj/Workspace/Eclipse_C++_Arduino/Quadcopter/Release/arduino.ar(CDC.cpp.o)
                0x000846b0                Serial_::available()
 .text._ZN7Serial_4peekEv
                0x000846c8       0x20 C:/Users/Juraj/Workspace/Eclipse_C++_Arduino/Quadcopter/Release/arduino.ar(CDC.cpp.o)
                0x000846c8                Serial_::peek()
 .text._ZN7Serial_5writeEh
                0x000846e8       0x14 C:/Users/Juraj/Workspace/Eclipse_C++_Arduino/Quadcopter/Release/arduino.ar(CDC.cpp.o)
                0x000846e8                Serial_::write(unsigned char)
 .text._ZN7Serial_5writeEPKhj
                0x000846fc       0x28 C:/Users/Juraj/Workspace/Eclipse_C++_Arduino/Quadcopter/Release/arduino.ar(CDC.cpp.o)
                0x000846fc                Serial_::write(unsigned char const*, unsigned int)
 .text._ZN7Serial_5flushEv
                0x00084724        0x6 C:/Users/Juraj/Workspace/Eclipse_C++_Arduino/Quadcopter/Release/arduino.ar(CDC.cpp.o)
                0x00084724                Serial_::flush()
 *fill*         0x0008472a        0x2 00
 .text._ZN7Serial_4readEv
                0x0008472c       0x44 C:/Users/Juraj/Workspace/Eclipse_C++_Arduino/Quadcopter/Release/arduino.ar(CDC.cpp.o)
                0x0008472c                Serial_::read()
 .text._ZN7Serial_6acceptEv
                0x00084770       0x6c C:/Users/Juraj/Workspace/Eclipse_C++_Arduino/Quadcopter/Release/arduino.ar(CDC.cpp.o)
                0x00084770                Serial_::accept()
 .text._Z21CDC_GetOtherInterfacePh
                0x000847dc       0x14 C:/Users/Juraj/Workspace/Eclipse_C++_Arduino/Quadcopter/Release/arduino.ar(CDC.cpp.o)
                0x000847dc                CDC_GetOtherInterface(unsigned char*)
 .text._Z16CDC_GetInterfacePh
                0x000847f0       0x14 C:/Users/Juraj/Workspace/Eclipse_C++_Arduino/Quadcopter/Release/arduino.ar(CDC.cpp.o)
                0x000847f0                CDC_GetInterface(unsigned char*)
 .text._Z9CDC_SetupR5Setup
                0x00084804       0x60 C:/Users/Juraj/Workspace/Eclipse_C++_Arduino/Quadcopter/Release/arduino.ar(CDC.cpp.o)
                0x00084804                CDC_Setup(Setup&)
 .text._GLOBAL__I_cdc_rx_buffer
                0x00084864       0x1c C:/Users/Juraj/Workspace/Eclipse_C++_Arduino/Quadcopter/Release/arduino.ar(CDC.cpp.o)
 .text._Z9HID_SetupR5Setup
                0x00084880       0x44 C:/Users/Juraj/Workspace/Eclipse_C++_Arduino/Quadcopter/Release/arduino.ar(HID.cpp.o)
                0x00084880                HID_Setup(Setup&)
 .text._ZN6Mouse_C1Ev
                0x000848c4        0x6 C:/Users/Juraj/Workspace/Eclipse_C++_Arduino/Quadcopter/Release/arduino.ar(HID.cpp.o)
                0x000848c4                Mouse_::Mouse_()
 *fill*         0x000848ca        0x2 00
 .text._ZN9Keyboard_C1Ev
                0x000848cc       0x10 C:/Users/Juraj/Workspace/Eclipse_C++_Arduino/Quadcopter/Release/arduino.ar(HID.cpp.o)
                0x000848cc                Keyboard_::Keyboard_()
 .text._ZN9Keyboard_5writeEh
                0x000848dc       0x1c C:/Users/Juraj/Workspace/Eclipse_C++_Arduino/Quadcopter/Release/arduino.ar(HID.cpp.o)
                0x000848dc                Keyboard_::write(unsigned char)
 .text._Z14HID_SendReporthPKvm
                0x000848f8       0x2c C:/Users/Juraj/Workspace/Eclipse_C++_Arduino/Quadcopter/Release/arduino.ar(HID.cpp.o)
                0x000848f8                HID_SendReport(unsigned char, void const*, unsigned long)
 .text._ZN9Keyboard_10sendReportEP9KeyReport
                0x00084924        0x8 C:/Users/Juraj/Workspace/Eclipse_C++_Arduino/Quadcopter/Release/arduino.ar(HID.cpp.o)
                0x00084924                Keyboard_::sendReport(KeyReport*)
 .text._ZN9Keyboard_10releaseAllEv
                0x0008492c       0x18 C:/Users/Juraj/Workspace/Eclipse_C++_Arduino/Quadcopter/Release/arduino.ar(HID.cpp.o)
                0x0008492c                Keyboard_::releaseAll()
 .text._ZN9Keyboard_7releaseEh
                0x00084944       0x74 C:/Users/Juraj/Workspace/Eclipse_C++_Arduino/Quadcopter/Release/arduino.ar(HID.cpp.o)
                0x00084944                Keyboard_::release(unsigned char)
 .text._ZN9Keyboard_5pressEh
                0x000849b8       0x9c C:/Users/Juraj/Workspace/Eclipse_C++_Arduino/Quadcopter/Release/arduino.ar(HID.cpp.o)
                0x000849b8                Keyboard_::press(unsigned char)
 .text._Z17HID_GetDescriptori
                0x00084a54       0x10 C:/Users/Juraj/Workspace/Eclipse_C++_Arduino/Quadcopter/Release/arduino.ar(HID.cpp.o)
                0x00084a54                HID_GetDescriptor(int)
 .text._Z16HID_GetInterfacePh
                0x00084a64       0x14 C:/Users/Juraj/Workspace/Eclipse_C++_Arduino/Quadcopter/Release/arduino.ar(HID.cpp.o)
                0x00084a64                HID_GetInterface(unsigned char*)
 .text._GLOBAL__I_Mouse
                0x00084a78       0x1c C:/Users/Juraj/Workspace/Eclipse_C++_Arduino/Quadcopter/Release/arduino.ar(HID.cpp.o)
 .text.UDD_SetStack
                0x00084a94        0xc C:/Programs/Arduino/hardware/arduino/sam/variants/arduino_due_x/libsam_sam3x8e_gcc_rel.a(uotghs_device.o)
                0x00084a94                UDD_SetStack
 .text.UDD_Init
                0x00084aa0       0xd0 C:/Programs/Arduino/hardware/arduino/sam/variants/arduino_due_x/libsam_sam3x8e_gcc_rel.a(uotghs_device.o)
                0x00084aa0                UDD_Init
 .text.UDD_Attach
                0x00084b70       0x4c C:/Programs/Arduino/hardware/arduino/sam/variants/arduino_due_x/libsam_sam3x8e_gcc_rel.a(uotghs_device.o)
                0x00084b70                UDD_Attach
 .text.UDD_InitEP
                0x00084bbc       0x30 C:/Programs/Arduino/hardware/arduino/sam/variants/arduino_due_x/libsam_sam3x8e_gcc_rel.a(uotghs_device.o)
                0x00084bbc                UDD_InitEP
 .text.UDD_InitEndpoints
                0x00084bec       0x3c C:/Programs/Arduino/hardware/arduino/sam/variants/arduino_due_x/libsam_sam3x8e_gcc_rel.a(uotghs_device.o)
                0x00084bec                UDD_InitEndpoints
 .text.UDD_WaitIN
                0x00084c28       0x14 C:/Programs/Arduino/hardware/arduino/sam/variants/arduino_due_x/libsam_sam3x8e_gcc_rel.a(uotghs_device.o)
                0x00084c28                UDD_WaitIN
 .text.UDD_WaitOUT
                0x00084c3c       0x14 C:/Programs/Arduino/hardware/arduino/sam/variants/arduino_due_x/libsam_sam3x8e_gcc_rel.a(uotghs_device.o)
                0x00084c3c                UDD_WaitOUT
 .text.UDD_ClearIN
                0x00084c50       0x18 C:/Programs/Arduino/hardware/arduino/sam/variants/arduino_due_x/libsam_sam3x8e_gcc_rel.a(uotghs_device.o)
                0x00084c50                UDD_ClearIN
 .text.UDD_ClearOUT
                0x00084c68       0x18 C:/Programs/Arduino/hardware/arduino/sam/variants/arduino_due_x/libsam_sam3x8e_gcc_rel.a(uotghs_device.o)
                0x00084c68                UDD_ClearOUT
 .text.UDD_ReceivedSetupInt
                0x00084c80       0x10 C:/Programs/Arduino/hardware/arduino/sam/variants/arduino_due_x/libsam_sam3x8e_gcc_rel.a(uotghs_device.o)
                0x00084c80                UDD_ReceivedSetupInt
 .text.UDD_ClearSetupInt
                0x00084c90       0x10 C:/Programs/Arduino/hardware/arduino/sam/variants/arduino_due_x/libsam_sam3x8e_gcc_rel.a(uotghs_device.o)
                0x00084c90                UDD_ClearSetupInt
 .text.UDD_Send
                0x00084ca0       0x90 C:/Programs/Arduino/hardware/arduino/sam/variants/arduino_due_x/libsam_sam3x8e_gcc_rel.a(uotghs_device.o)
                0x00084ca0                UDD_Send
 .text.UDD_Send8
                0x00084d30       0x28 C:/Programs/Arduino/hardware/arduino/sam/variants/arduino_due_x/libsam_sam3x8e_gcc_rel.a(uotghs_device.o)
                0x00084d30                UDD_Send8
 .text.UDD_Recv8
                0x00084d58       0x28 C:/Programs/Arduino/hardware/arduino/sam/variants/arduino_due_x/libsam_sam3x8e_gcc_rel.a(uotghs_device.o)
                0x00084d58                UDD_Recv8
 .text.UDD_Recv
                0x00084d80       0x34 C:/Programs/Arduino/hardware/arduino/sam/variants/arduino_due_x/libsam_sam3x8e_gcc_rel.a(uotghs_device.o)
                0x00084d80                UDD_Recv
 .text.UDD_Stall
                0x00084db4       0x14 C:/Programs/Arduino/hardware/arduino/sam/variants/arduino_due_x/libsam_sam3x8e_gcc_rel.a(uotghs_device.o)
                0x00084db4                UDD_Stall
 .text.UDD_FifoByteCount
                0x00084dc8       0x1c C:/Programs/Arduino/hardware/arduino/sam/variants/arduino_due_x/libsam_sam3x8e_gcc_rel.a(uotghs_device.o)
                0x00084dc8                UDD_FifoByteCount
 .text.UDD_ReleaseRX
                0x00084de4       0x2c C:/Programs/Arduino/hardware/arduino/sam/variants/arduino_due_x/libsam_sam3x8e_gcc_rel.a(uotghs_device.o)
                0x00084de4                UDD_ReleaseRX
 .text.UDD_ReleaseTX
                0x00084e10       0x2c C:/Programs/Arduino/hardware/arduino/sam/variants/arduino_due_x/libsam_sam3x8e_gcc_rel.a(uotghs_device.o)
                0x00084e10                UDD_ReleaseTX
 .text.UDD_SetAddress
                0x00084e3c       0x20 C:/Programs/Arduino/hardware/arduino/sam/variants/arduino_due_x/libsam_sam3x8e_gcc_rel.a(uotghs_device.o)
                0x00084e3c                UDD_SetAddress
 .text.__aeabi_atexit
                0x00084e5c        0xc c:/programs/arduino/hardware/tools/g++_arm_none_eabi/bin/../lib/gcc/arm-none-eabi/4.4.1/../../../../arm-none-eabi/lib/thumb2\libstdc++.a(atexit_arm.o)
                0x00084e5c                __aeabi_atexit
 .text._GLOBAL__I___cxa_allocate_exception
                0x00084e68        0x4 c:/programs/arduino/hardware/tools/g++_arm_none_eabi/bin/../lib/gcc/arm-none-eabi/4.4.1/../../../../arm-none-eabi/lib/thumb2\libstdc++.a(eh_alloc.o)
 .text          0x00084e6c       0x24 c:/programs/arduino/hardware/tools/g++_arm_none_eabi/bin/../lib/gcc/arm-none-eabi/4.4.1/../../../../arm-none-eabi/lib/thumb2\libm.a(lib_a-s_isinfd.o)
                0x00084e6c                __isinfd
 .text          0x00084e90       0x1c c:/programs/arduino/hardware/tools/g++_arm_none_eabi/bin/../lib/gcc/arm-none-eabi/4.4.1/../../../../arm-none-eabi/lib/thumb2\libm.a(lib_a-s_isnand.o)
                0x00084e90                __isnand
 .text          0x00084eac        0x4 c:/programs/arduino/hardware/tools/g++_arm_none_eabi/bin/../lib/gcc/arm-none-eabi/4.4.1/../../../../arm-none-eabi/lib/thumb2\libm.a(lib_a-w_atan2.o)
                0x00084eac                atan2
 .text          0x00084eb0       0xac c:/programs/arduino/hardware/tools/g++_arm_none_eabi/bin/../lib/gcc/arm-none-eabi/4.4.1/../../../../arm-none-eabi/lib/thumb2\libm.a(lib_a-w_sqrt.o)
                0x00084eb0                sqrt
 *fill*         0x00084f5c        0x4 00
 .text          0x00084f60      0x220 c:/programs/arduino/hardware/tools/g++_arm_none_eabi/bin/../lib/gcc/arm-none-eabi/4.4.1/../../../../arm-none-eabi/lib/thumb2\libm.a(lib_a-e_atan2.o)
                0x00084f60                __ieee754_atan2
 .text          0x00085180      0x1dc c:/programs/arduino/hardware/tools/g++_arm_none_eabi/bin/../lib/gcc/arm-none-eabi/4.4.1/../../../../arm-none-eabi/lib/thumb2\libm.a(lib_a-e_sqrt.o)
                0x00085180                __ieee754_sqrt
 *fill*         0x0008535c        0x4 00
 .text          0x00085360      0x348 c:/programs/arduino/hardware/tools/g++_arm_none_eabi/bin/../lib/gcc/arm-none-eabi/4.4.1/../../../../arm-none-eabi/lib/thumb2\libm.a(lib_a-s_atan.o)
                0x00085360                atan
 .text          0x000856a8        0x8 c:/programs/arduino/hardware/tools/g++_arm_none_eabi/bin/../lib/gcc/arm-none-eabi/4.4.1/../../../../arm-none-eabi/lib/thumb2\libm.a(lib_a-s_fabs.o)
                0x000856a8                fabs
 .text          0x000856b0        0x4 c:/programs/arduino/hardware/tools/g++_arm_none_eabi/bin/../lib/gcc/arm-none-eabi/4.4.1/../../../../arm-none-eabi/lib/thumb2\libm.a(lib_a-s_matherr.o)
                0x000856b0                matherr
 .text          0x000856b4      0x370 c:/programs/arduino/hardware/tools/g++_arm_none_eabi/bin/../lib/gcc/arm-none-eabi/4.4.1/thumb2\libgcc.a(_arm_addsubdf3.o)
                0x000856b4                __aeabi_drsub
                0x000856bc                __aeabi_dsub
                0x000856bc                __subdf3
                0x000856c0                __aeabi_dadd
                0x000856c0                __adddf3
                0x00085938                __floatunsidf
                0x00085938                __aeabi_ui2d
                0x00085958                __floatsidf
                0x00085958                __aeabi_i2d
                0x0008597c                __aeabi_f2d
                0x0008597c                __extendsfdf2
                0x000859b8                __floatundidf
                0x000859b8                __aeabi_ul2d
                0x000859c8                __floatdidf
                0x000859c8                __aeabi_l2d
 .text          0x00085a24      0x424 c:/programs/arduino/hardware/tools/g++_arm_none_eabi/bin/../lib/gcc/arm-none-eabi/4.4.1/thumb2\libgcc.a(_arm_muldivdf3.o)
                0x00085a24                __aeabi_dmul
                0x00085a24                __muldf3
                0x00085c78                __divdf3
                0x00085c78                __aeabi_ddiv
 .text          0x00085e48      0x110 c:/programs/arduino/hardware/tools/g++_arm_none_eabi/bin/../lib/gcc/arm-none-eabi/4.4.1/thumb2\libgcc.a(_arm_cmpdf2.o)
                0x00085e48                __gtdf2
                0x00085e48                __gedf2
                0x00085e50                __ltdf2
                0x00085e50                __ledf2
                0x00085e58                __nedf2
                0x00085e58                __eqdf2
                0x00085e58                __cmpdf2
                0x00085ed4                __aeabi_cdrcmple
                0x00085ee4                __aeabi_cdcmpeq
                0x00085ee4                __aeabi_cdcmple
                0x00085ef4                __aeabi_dcmpeq
                0x00085f08                __aeabi_dcmplt
                0x00085f1c                __aeabi_dcmple
                0x00085f30                __aeabi_dcmpge
                0x00085f44                __aeabi_dcmpgt
 .text          0x00085f58       0x50 c:/programs/arduino/hardware/tools/g++_arm_none_eabi/bin/../lib/gcc/arm-none-eabi/4.4.1/thumb2\libgcc.a(_arm_fixdfsi.o)
                0x00085f58                __aeabi_d2iz
                0x00085f58                __fixdfsi
 .text          0x00085fa8       0x40 c:/programs/arduino/hardware/tools/g++_arm_none_eabi/bin/../lib/gcc/arm-none-eabi/4.4.1/thumb2\libgcc.a(_arm_fixunsdfsi.o)
                0x00085fa8                __aeabi_d2uiz
                0x00085fa8                __fixunsdfsi
 .text          0x00085fe8       0xa0 c:/programs/arduino/hardware/tools/g++_arm_none_eabi/bin/../lib/gcc/arm-none-eabi/4.4.1/thumb2\libgcc.a(_arm_truncdfsf2.o)
                0x00085fe8                __truncdfsf2
                0x00085fe8                __aeabi_d2f
 .text          0x00086088      0x21c c:/programs/arduino/hardware/tools/g++_arm_none_eabi/bin/../lib/gcc/arm-none-eabi/4.4.1/thumb2\libgcc.a(_arm_addsubsf3.o)
                0x00086088                __aeabi_frsub
                0x00086090                __subsf3
                0x00086090                __aeabi_fsub
                0x00086094                __aeabi_fadd
                0x00086094                __addsf3
                0x000861f4                __aeabi_ui2f
                0x000861f4                __floatunsisf
                0x000861fc                __aeabi_i2f
                0x000861fc                __floatsisf
                0x00086218                __aeabi_ul2f
                0x00086218                __floatundisf
                0x00086228                __aeabi_l2f
                0x00086228                __floatdisf
 .text          0x000862a4      0x2a0 c:/programs/arduino/hardware/tools/g++_arm_none_eabi/bin/../lib/gcc/arm-none-eabi/4.4.1/thumb2\libgcc.a(_arm_muldivsf3.o)
                0x000862a4                __mulsf3
                0x000862a4                __aeabi_fmul
                0x0008640c                __aeabi_fdiv
                0x0008640c                __divsf3
 .text          0x00086544       0x4c c:/programs/arduino/hardware/tools/g++_arm_none_eabi/bin/../lib/gcc/arm-none-eabi/4.4.1/thumb2\libgcc.a(_arm_fixsfsi.o)
                0x00086544                __aeabi_f2iz
                0x00086544                __fixsfsi
 .text          0x00086590       0x10 c:/programs/arduino/hardware/tools/g++_arm_none_eabi/bin/../lib/gcc/arm-none-eabi/4.4.1/../../../../arm-none-eabi/lib/thumb2\libc.a(lib_a-abort.o)
                0x00086590                abort
 .text          0x000865a0       0x54 c:/programs/arduino/hardware/tools/g++_arm_none_eabi/bin/../lib/gcc/arm-none-eabi/4.4.1/../../../../arm-none-eabi/lib/thumb2\libc.a(lib_a-assert.o)
                0x000865a0                __assert_func
                0x000865e8                __assert
 .text          0x000865f4        0x8 c:/programs/arduino/hardware/tools/g++_arm_none_eabi/bin/../lib/gcc/arm-none-eabi/4.4.1/../../../../arm-none-eabi/lib/thumb2\libc.a(lib_a-atof.o)
                0x000865f4                atof
 .text          0x000865fc       0x10 c:/programs/arduino/hardware/tools/g++_arm_none_eabi/bin/../lib/gcc/arm-none-eabi/4.4.1/../../../../arm-none-eabi/lib/thumb2\libc.a(lib_a-atol.o)
                0x000865fc                _atol_r
                0x00086604                atol
 .text          0x0008660c       0x10 c:/programs/arduino/hardware/tools/g++_arm_none_eabi/bin/../lib/gcc/arm-none-eabi/4.4.1/../../../../arm-none-eabi/lib/thumb2\libc.a(lib_a-cxa_atexit.o)
                0x0008660c                __cxa_atexit
 .text          0x0008661c        0xc c:/programs/arduino/hardware/tools/g++_arm_none_eabi/bin/../lib/gcc/arm-none-eabi/4.4.1/../../../../arm-none-eabi/lib/thumb2\libc.a(lib_a-errno.o)
                0x0008661c                __errno
 .text          0x00086628       0x4c c:/programs/arduino/hardware/tools/g++_arm_none_eabi/bin/../lib/gcc/arm-none-eabi/4.4.1/../../../../arm-none-eabi/lib/thumb2\libc.a(lib_a-fiprintf.o)
                0x00086628                fiprintf
                0x00086654                _fiprintf_r
 .text          0x00086674      0x334 c:/programs/arduino/hardware/tools/g++_arm_none_eabi/bin/../lib/gcc/arm-none-eabi/4.4.1/../../../../arm-none-eabi/lib/thumb2\libc.a(lib_a-fvwrite.o)
                0x00086674                __sfvwrite_r
 .text          0x000869a8       0x50 c:/programs/arduino/hardware/tools/g++_arm_none_eabi/bin/../lib/gcc/arm-none-eabi/4.4.1/../../../../arm-none-eabi/lib/thumb2\libc.a(lib_a-init.o)
                0x000869a8                __libc_init_array
 .text          0x000869f8       0x64 c:/programs/arduino/hardware/tools/g++_arm_none_eabi/bin/../lib/gcc/arm-none-eabi/4.4.1/../../../../arm-none-eabi/lib/thumb2\libc.a(lib_a-iprintf.o)
                0x000869f8                _iprintf_r
                0x00086a24                iprintf
 .text          0x00086a5c       0x20 c:/programs/arduino/hardware/tools/g++_arm_none_eabi/bin/../lib/gcc/arm-none-eabi/4.4.1/../../../../arm-none-eabi/lib/thumb2\libc.a(lib_a-malloc.o)
                0x00086a5c                free
                0x00086a6c                malloc
 .text          0x00086a7c      0x5a4 c:/programs/arduino/hardware/tools/g++_arm_none_eabi/bin/../lib/gcc/arm-none-eabi/4.4.1/../../../../arm-none-eabi/lib/thumb2\libc.a(lib_a-mallocr.o)
                0x00086a7c                _malloc_r
 .text          0x00087020       0x74 c:/programs/arduino/hardware/tools/g++_arm_none_eabi/bin/../lib/gcc/arm-none-eabi/4.4.1/../../../../arm-none-eabi/lib/thumb2\libc.a(lib_a-memchr.o)
                0x00087020                memchr
 .text          0x00087094       0x64 c:/programs/arduino/hardware/tools/g++_arm_none_eabi/bin/../lib/gcc/arm-none-eabi/4.4.1/../../../../arm-none-eabi/lib/thumb2\libc.a(lib_a-memcmp.o)
                0x00087094                memcmp
 .text          0x000870f8      0x190 c:/programs/arduino/hardware/tools/g++_arm_none_eabi/bin/../lib/gcc/arm-none-eabi/4.4.1/../../../../arm-none-eabi/lib/thumb2\libc.a(lib_a-memcpy.o)
                0x000870f8                memcpy
 .text          0x00087288       0xb8 c:/programs/arduino/hardware/tools/g++_arm_none_eabi/bin/../lib/gcc/arm-none-eabi/4.4.1/../../../../arm-none-eabi/lib/thumb2\libc.a(lib_a-memmove.o)
                0x00087288                memmove
 .text          0x00087340       0xd4 c:/programs/arduino/hardware/tools/g++_arm_none_eabi/bin/../lib/gcc/arm-none-eabi/4.4.1/../../../../arm-none-eabi/lib/thumb2\libc.a(lib_a-memset.o)
                0x00087340                memset
 .text          0x00087414        0x8 c:/programs/arduino/hardware/tools/g++_arm_none_eabi/bin/../lib/gcc/arm-none-eabi/4.4.1/../../../../arm-none-eabi/lib/thumb2\libc.a(lib_a-mlock.o)
                0x00087414                __malloc_lock
                0x00087418                __malloc_unlock
 .text          0x0008741c       0x14 c:/programs/arduino/hardware/tools/g++_arm_none_eabi/bin/../lib/gcc/arm-none-eabi/4.4.1/../../../../arm-none-eabi/lib/thumb2\libc.a(lib_a-realloc.o)
                0x0008741c                realloc
 .text          0x00087430      0x3b4 c:/programs/arduino/hardware/tools/g++_arm_none_eabi/bin/../lib/gcc/arm-none-eabi/4.4.1/../../../../arm-none-eabi/lib/thumb2\libc.a(lib_a-reallocr.o)
                0x00087430                _realloc_r
 .text          0x000877e4       0x28 c:/programs/arduino/hardware/tools/g++_arm_none_eabi/bin/../lib/gcc/arm-none-eabi/4.4.1/../../../../arm-none-eabi/lib/thumb2\libc.a(lib_a-sbrkr.o)
                0x000877e4                _sbrk_r
 .text          0x0008780c      0x14c c:/programs/arduino/hardware/tools/g++_arm_none_eabi/bin/../lib/gcc/arm-none-eabi/4.4.1/../../../../arm-none-eabi/lib/thumb2\libc.a(lib_a-signal.o)
                0x0008780c                _raise_r
                0x00087864                raise
                0x00087874                _init_signal_r
                0x0008789c                _init_signal
                0x000878a8                __sigtramp_r
                0x000878fc                __sigtramp
                0x0008790c                _signal_r
                0x00087948                signal
 .text          0x00087958       0x30 c:/programs/arduino/hardware/tools/g++_arm_none_eabi/bin/../lib/gcc/arm-none-eabi/4.4.1/../../../../arm-none-eabi/lib/thumb2\libc.a(lib_a-signalr.o)
                0x00087958                _getpid_r
                0x0008795c                _kill_r
 .text          0x00087988       0x94 c:/programs/arduino/hardware/tools/g++_arm_none_eabi/bin/../lib/gcc/arm-none-eabi/4.4.1/../../../../arm-none-eabi/lib/thumb2\libc.a(lib_a-sprintf.o)
                0x00087988                sprintf
                0x000879d8                _sprintf_r
 .text          0x00087a1c       0xc0 c:/programs/arduino/hardware/tools/g++_arm_none_eabi/bin/../lib/gcc/arm-none-eabi/4.4.1/../../../../arm-none-eabi/lib/thumb2\libc.a(lib_a-strchr.o)
                0x00087a1c                strchr
 .text          0x00087adc      0x1dc c:/programs/arduino/hardware/tools/g++_arm_none_eabi/bin/../lib/gcc/arm-none-eabi/4.4.1/../../../../arm-none-eabi/lib/thumb2\libc.a(lib_a-strcmp.o)
                0x00087adc                strcmp
 .text          0x00087cb8       0xbc c:/programs/arduino/hardware/tools/g++_arm_none_eabi/bin/../lib/gcc/arm-none-eabi/4.4.1/../../../../arm-none-eabi/lib/thumb2\libc.a(lib_a-strcpy.o)
                0x00087cb8                strcpy
 .text          0x00087d74       0x60 c:/programs/arduino/hardware/tools/g++_arm_none_eabi/bin/../lib/gcc/arm-none-eabi/4.4.1/../../../../arm-none-eabi/lib/thumb2\libc.a(lib_a-strlen.o)
                0x00087d74                strlen
 *fill*         0x00087dd4        0x4 00
 .text          0x00087dd8     0x1010 c:/programs/arduino/hardware/tools/g++_arm_none_eabi/bin/../lib/gcc/arm-none-eabi/4.4.1/../../../../arm-none-eabi/lib/thumb2\libc.a(lib_a-strtod.o)
                0x00087dd8                _strtod_r
                0x00088d48                strtof
                0x00088dd4                strtod
 .text          0x00088de8      0x158 c:/programs/arduino/hardware/tools/g++_arm_none_eabi/bin/../lib/gcc/arm-none-eabi/4.4.1/../../../../arm-none-eabi/lib/thumb2\libc.a(lib_a-strtol.o)
                0x00088de8                _strtol_r
                0x00088f28                strtol
 .text          0x00088f40     0x15a8 c:/programs/arduino/hardware/tools/g++_arm_none_eabi/bin/../lib/gcc/arm-none-eabi/4.4.1/../../../../arm-none-eabi/lib/thumb2\libc.a(lib_a-svfprintf.o)
                0x0008905c                _svfprintf_r
 .text          0x0008a4e8      0xd38 c:/programs/arduino/hardware/tools/g++_arm_none_eabi/bin/../lib/gcc/arm-none-eabi/4.4.1/../../../../arm-none-eabi/lib/thumb2\libc.a(lib_a-vfiprintf.o)
                0x0008a504                _vfiprintf_r
                0x0008b204                vfiprintf
 .text          0x0008b220      0x104 c:/programs/arduino/hardware/tools/g++_arm_none_eabi/bin/../lib/gcc/arm-none-eabi/4.4.1/../../../../arm-none-eabi/lib/thumb2\libc.a(lib_a-wsetup.o)
                0x0008b220                __swsetup_r
 .text          0x0008b324       0xe8 c:/programs/arduino/hardware/tools/g++_arm_none_eabi/bin/../lib/gcc/arm-none-eabi/4.4.1/../../../../arm-none-eabi/lib/thumb2\libc.a(lib_a-__atexit.o)
                0x0008b324                __register_exitproc
 *fill*         0x0008b40c        0x4 00
 .text          0x0008b410      0xfb8 c:/programs/arduino/hardware/tools/g++_arm_none_eabi/bin/../lib/gcc/arm-none-eabi/4.4.1/../../../../arm-none-eabi/lib/thumb2\libc.a(lib_a-dtoa.o)
                0x0008b530                _dtoa_r
 .text          0x0008c3c8      0x178 c:/programs/arduino/hardware/tools/g++_arm_none_eabi/bin/../lib/gcc/arm-none-eabi/4.4.1/../../../../arm-none-eabi/lib/thumb2\libc.a(lib_a-fflush.o)
                0x0008c3c8                _fflush_r
                0x0008c518                fflush
 .text          0x0008c540      0x1c8 c:/programs/arduino/hardware/tools/g++_arm_none_eabi/bin/../lib/gcc/arm-none-eabi/4.4.1/../../../../arm-none-eabi/lib/thumb2\libc.a(lib_a-findfp.o)
                0x0008c540                __sfp_lock_acquire
                0x0008c544                __sfp_lock_release
                0x0008c548                __sinit_lock_acquire
                0x0008c54c                __sinit_lock_release
                0x0008c558                __fp_unlock_all
                0x0008c570                __fp_lock_all
                0x0008c588                _cleanup_r
                0x0008c594                _cleanup
                0x0008c5f0                __sfmoreglue
                0x0008c620                __sfp
                0x0008c6a8                __sinit
 .text          0x0008c708      0x268 c:/programs/arduino/hardware/tools/g++_arm_none_eabi/bin/../lib/gcc/arm-none-eabi/4.4.1/../../../../arm-none-eabi/lib/thumb2\libc.a(lib_a-freer.o)
                0x0008c708                _malloc_trim_r
                0x0008c7b0                _free_r
 .text          0x0008c970       0xa0 c:/programs/arduino/hardware/tools/g++_arm_none_eabi/bin/../lib/gcc/arm-none-eabi/4.4.1/../../../../arm-none-eabi/lib/thumb2\libc.a(lib_a-fwalk.o)
                0x0008c970                _fwalk_reent
                0x0008c9c4                _fwalk
 .text          0x0008ca10      0x5a8 c:/programs/arduino/hardware/tools/g++_arm_none_eabi/bin/../lib/gcc/arm-none-eabi/4.4.1/../../../../arm-none-eabi/lib/thumb2\libc.a(lib_a-gdtoa-gethex.o)
                0x0008ca10                __hexdig_init
                0x0008cafc                __gethex
 .text          0x0008cfb8      0x1bc c:/programs/arduino/hardware/tools/g++_arm_none_eabi/bin/../lib/gcc/arm-none-eabi/4.4.1/../../../../arm-none-eabi/lib/thumb2\libc.a(lib_a-gdtoa-hexnan.o)
                0x0008cfb8                __hexnan
 .text          0x0008d174       0x74 c:/programs/arduino/hardware/tools/g++_arm_none_eabi/bin/../lib/gcc/arm-none-eabi/4.4.1/../../../../arm-none-eabi/lib/thumb2\libc.a(lib_a-locale.o)
                0x0008d174                __locale_charset
                0x0008d180                _localeconv_r
                0x0008d188                localeconv
                0x0008d190                _setlocale_r
                0x0008d1d8                setlocale
 .text          0x0008d1e8       0xdc c:/programs/arduino/hardware/tools/g++_arm_none_eabi/bin/../lib/gcc/arm-none-eabi/4.4.1/../../../../arm-none-eabi/lib/thumb2\libc.a(lib_a-makebuf.o)
                0x0008d1e8                __smakebuf_r
 .text          0x0008d2c4      0x958 c:/programs/arduino/hardware/tools/g++_arm_none_eabi/bin/../lib/gcc/arm-none-eabi/4.4.1/../../../../arm-none-eabi/lib/thumb2\libc.a(lib_a-mprec.o)
                0x0008d2c4                __hi0bits
                0x0008d304                __lo0bits
                0x0008d368                __mcmp
                0x0008d3a8                __ulp
                0x0008d3f4                __b2d
                0x0008d49c                __ratio
                0x0008d4fc                _mprec_log10
                0x0008d534                __copybits
                0x0008d584                __any_on
                0x0008d5dc                _Bfree
                0x0008d614                _Balloc
                0x0008d680                __d2b
                0x0008d750                __mdiff
                0x0008d848                __lshift
                0x0008d904                __multiply
                0x0008da38                __i2b
                0x0008da4c                __multadd
                0x0008dad4                __pow5mult
                0x0008db80                __s2b
 .text          0x0008dc1c       0x90 c:/programs/arduino/hardware/tools/g++_arm_none_eabi/bin/../lib/gcc/arm-none-eabi/4.4.1/../../../../arm-none-eabi/lib/thumb2\libc.a(lib_a-stdio.o)
                0x0008dc1c                __sclose
                0x0008dc24                __sseek
                0x0008dc4c                __swrite
                0x0008dc88                __sread
 .text          0x0008dcac       0x2c c:/programs/arduino/hardware/tools/g++_arm_none_eabi/bin/../lib/gcc/arm-none-eabi/4.4.1/../../../../arm-none-eabi/lib/thumb2\libc.a(lib_a-writer.o)
                0x0008dcac                _write_r
 .text          0x0008dcd8       0x5c c:/programs/arduino/hardware/tools/g++_arm_none_eabi/bin/../lib/gcc/arm-none-eabi/4.4.1/../../../../arm-none-eabi/lib/thumb2\libc.a(lib_a-callocr.o)
                0x0008dcd8                _calloc_r
 .text          0x0008dd34       0x28 c:/programs/arduino/hardware/tools/g++_arm_none_eabi/bin/../lib/gcc/arm-none-eabi/4.4.1/../../../../arm-none-eabi/lib/thumb2\libc.a(lib_a-closer.o)
                0x0008dd34                _close_r
 .text          0x0008dd5c       0xcc c:/programs/arduino/hardware/tools/g++_arm_none_eabi/bin/../lib/gcc/arm-none-eabi/4.4.1/../../../../arm-none-eabi/lib/thumb2\libc.a(lib_a-fclose.o)
                0x0008dd5c                _fclose_r
                0x0008de18                fclose
 .text          0x0008de28       0x2c c:/programs/arduino/hardware/tools/g++_arm_none_eabi/bin/../lib/gcc/arm-none-eabi/4.4.1/../../../../arm-none-eabi/lib/thumb2\libc.a(lib_a-fstatr.o)
                0x0008de28                _fstat_r
 .text          0x0008de54       0x28 c:/programs/arduino/hardware/tools/g++_arm_none_eabi/bin/../lib/gcc/arm-none-eabi/4.4.1/../../../../arm-none-eabi/lib/thumb2\libc.a(lib_a-isattyr.o)
                0x0008de54                _isatty_r
 .text          0x0008de7c       0x2c c:/programs/arduino/hardware/tools/g++_arm_none_eabi/bin/../lib/gcc/arm-none-eabi/4.4.1/../../../../arm-none-eabi/lib/thumb2\libc.a(lib_a-lseekr.o)
                0x0008de7c                _lseek_r
 .text          0x0008dea8       0x2c c:/programs/arduino/hardware/tools/g++_arm_none_eabi/bin/../lib/gcc/arm-none-eabi/4.4.1/../../../../arm-none-eabi/lib/thumb2\libc.a(lib_a-readr.o)
                0x0008dea8                _read_r
 *fill*         0x0008ded4        0x4 00
 .text          0x0008ded8      0x278 c:/programs/arduino/hardware/tools/g++_arm_none_eabi/bin/../lib/gcc/arm-none-eabi/4.4.1/thumb2\libgcc.a(_udivsi3.o)
                0x0008ded8                __aeabi_uidiv
                0x0008ded8                __udivsi3
                0x0008e134                __aeabi_uidivmod
 .text          0x0008e150        0x4 c:/programs/arduino/hardware/tools/g++_arm_none_eabi/bin/../lib/gcc/arm-none-eabi/4.4.1/thumb2\libgcc.a(_dvmd_tls.o)
                0x0008e150                __aeabi_idiv0
                0x0008e150                __aeabi_ldiv0
 .text          0x0008e154       0xec c:/programs/arduino/hardware/tools/g++_arm_none_eabi/bin/../lib/gcc/arm-none-eabi/4.4.1/thumb2\libgcc.a(_arm_cmpsf2.o)
                0x0008e154                __gesf2
                0x0008e154                __gtsf2
                0x0008e15c                __lesf2
                0x0008e15c                __ltsf2
                0x0008e164                __nesf2
                0x0008e164                __eqsf2
                0x0008e164                __cmpsf2
                0x0008e1c4                __aeabi_cfrcmple
                0x0008e1cc                __aeabi_cfcmpeq
                0x0008e1cc                __aeabi_cfcmple
                0x0008e1dc                __aeabi_fcmpeq
                0x0008e1f0                __aeabi_fcmplt
                0x0008e204                __aeabi_fcmple
                0x0008e218                __aeabi_fcmpge
                0x0008e22c                __aeabi_fcmpgt
 .text          0x0008e240       0x2c c:/programs/arduino/hardware/tools/g++_arm_none_eabi/bin/../lib/gcc/arm-none-eabi/4.4.1/thumb2\libgcc.a(_aeabi_uldivmod.o)
                0x0008e240                __aeabi_uldivmod