Archive member included because of file (symbol)

C:/Users/Juraj/Workspace/Eclipse_C++_Arduino/Quadcopter/Release/arduino.ar(variant.cpp.o)
                              ./Wire.cpp.o (g_APinDescription)
C:/Users/Juraj/Workspace/Eclipse_C++_Arduino/Quadcopter/Release/arduino.ar(Print.cpp.o)
                              ./Wire.cpp.o (Print::write(unsigned char const*, unsigned int))
C:/Users/Juraj/Workspace/Eclipse_C++_Arduino/Quadcopter/Release/arduino.ar(RingBuffer.cpp.o)
                              C:/Users/Juraj/Workspace/Eclipse_C++_Arduino/Quadcopter/Release/arduino.ar(variant.cpp.o) (RingBuffer::RingBuffer())
C:/Users/Juraj/Workspace/Eclipse_C++_Arduino/Quadcopter/Release/arduino.ar(UARTClass.cpp.o)
                              C:/Users/Juraj/Workspace/Eclipse_C++_Arduino/Quadcopter/Release/arduino.ar(variant.cpp.o) (UARTClass::UARTClass(Uart*, IRQn, unsigned long, RingBuffer*))
C:/Users/Juraj/Workspace/Eclipse_C++_Arduino/Quadcopter/Release/arduino.ar(USARTClass.cpp.o)
                              C:/Users/Juraj/Workspace/Eclipse_C++_Arduino/Quadcopter/Release/arduino.ar(variant.cpp.o) (USARTClass::USARTClass(Usart*, IRQn, unsigned long, RingBuffer*))
C:/Users/Juraj/Workspace/Eclipse_C++_Arduino/Quadcopter/Release/arduino.ar(WMath.cpp.o)
                              ./Servo.cpp.o (map(long, long, long, long, long))
C:/Users/Juraj/Workspace/Eclipse_C++_Arduino/Quadcopter/Release/arduino.ar(WString.cpp.o)
                              ./ArduinoCommunication.cpp.o (String::toFloat() const)
C:/Users/Juraj/Workspace/Eclipse_C++_Arduino/Quadcopter/Release/arduino.ar(cxxabi-compat.cpp.o)
                              ./Wire.cpp.o (__cxa_pure_virtual)
C:/Users/Juraj/Workspace/Eclipse_C++_Arduino/Quadcopter/Release/arduino.ar(itoa.c.o)
                              C:/Users/Juraj/Workspace/Eclipse_C++_Arduino/Quadcopter/Release/arduino.ar(WString.cpp.o) (ltoa)
C:/Users/Juraj/Workspace/Eclipse_C++_Arduino/Quadcopter/Release/arduino.ar(wiring.c.o)
                              ./ArduinoCommunication.cpp.o (millis)
C:/Users/Juraj/Workspace/Eclipse_C++_Arduino/Quadcopter/Release/arduino.ar(wiring_analog.c.o)
                              C:/Users/Juraj/Workspace/Eclipse_C++_Arduino/Quadcopter/Release/arduino.ar(variant.cpp.o) (analogOutputInit)
C:/Users/Juraj/Workspace/Eclipse_C++_Arduino/Quadcopter/Release/arduino.ar(wiring_digital.c.o)
                              ./IMU.cpp.o (digitalWrite)
C:/Users/Juraj/Workspace/Eclipse_C++_Arduino/Quadcopter/Release/arduino.ar(dtostrf.c.o)
                              C:/Users/Juraj/Workspace/Eclipse_C++_Arduino/Quadcopter/Release/arduino.ar(WString.cpp.o) (dtostrf)
C:/Users/Juraj/Workspace/Eclipse_C++_Arduino/Quadcopter/Release/arduino.ar(hooks.c.o)
                              C:/Users/Juraj/Workspace/Eclipse_C++_Arduino/Quadcopter/Release/arduino.ar(wiring.c.o) (yield)
C:/Programs/Arduino/hardware/arduino/sam/variants/arduino_due_x/libsam_sam3x8e_gcc_rel.a(pio.o)
                              C:/Users/Juraj/Workspace/Eclipse_C++_Arduino/Quadcopter/Release/arduino.ar(wiring_digital.c.o) (PIO_PullUp)
C:/Programs/Arduino/hardware/arduino/sam/variants/arduino_due_x/libsam_sam3x8e_gcc_rel.a(pmc.o)
                              ./Servo.cpp.o (pmc_enable_periph_clk)
C:/Programs/Arduino/hardware/arduino/sam/variants/arduino_due_x/libsam_sam3x8e_gcc_rel.a(pwmc.o)
                              C:/Users/Juraj/Workspace/Eclipse_C++_Arduino/Quadcopter/Release/arduino.ar(wiring_analog.c.o) (PWMC_ConfigureChannel)
C:/Programs/Arduino/hardware/arduino/sam/variants/arduino_due_x/libsam_sam3x8e_gcc_rel.a(tc.o)
                              ./Servo.cpp.o (TC_Configure)
C:/Programs/Arduino/hardware/arduino/sam/variants/arduino_due_x/libsam_sam3x8e_gcc_rel.a(timetick.o)
                              C:/Users/Juraj/Workspace/Eclipse_C++_Arduino/Quadcopter/Release/arduino.ar(wiring.c.o) (GetTickCount)
C:/Programs/Arduino/hardware/arduino/sam/variants/arduino_due_x/libsam_sam3x8e_gcc_rel.a(twi.o)
                              ./Wire.cpp.o (TWI_ConfigureMaster)
C:/Programs/Arduino/hardware/arduino/sam/variants/arduino_due_x/libsam_sam3x8e_gcc_rel.a(wdt.o)
                              C:/Users/Juraj/Workspace/Eclipse_C++_Arduino/Quadcopter/Release/arduino.ar(variant.cpp.o) (WDT_Disable)
C:/Programs/Arduino/hardware/arduino/sam/variants/arduino_due_x/libsam_sam3x8e_gcc_rel.a(system_sam3xa.o)
                              C:/Users/Juraj/Workspace/Eclipse_C++_Arduino/Quadcopter/Release/arduino.ar(variant.cpp.o) (SystemInit)
C:/Programs/Arduino/hardware/arduino/sam/variants/arduino_due_x/libsam_sam3x8e_gcc_rel.a(startup_sam3xa.o)
                              (Reset_Handler)
C:/Programs/Arduino/hardware/arduino/sam/variants/arduino_due_x/libsam_sam3x8e_gcc_rel.a(adc.o)
                              C:/Users/Juraj/Workspace/Eclipse_C++_Arduino/Quadcopter/Release/arduino.ar(variant.cpp.o) (adc_init)
[...]
Memory Configuration

Name             Origin             Length             Attributes
rom              0x00080000         0x00080000         xr
sram0            0x20000000         0x00010000         xrw
sram1            0x20080000         0x00008000         xrw
ram              0x20070000         0x00018000         xrw
*default*        0x00000000         0xffffffff

Linker script and memory map

LOAD c:/programs/arduino/hardware/tools/g++_arm_none_eabi/bin/../lib/gcc/arm-none-eabi/4.4.1/thumb2/crti.o
LOAD c:/programs/arduino/hardware/tools/g++_arm_none_eabi/bin/../lib/gcc/arm-none-eabi/4.4.1/thumb2/crtbegin.o
LOAD c:/programs/arduino/hardware/tools/g++_arm_none_eabi/bin/../lib/gcc/arm-none-eabi/4.4.1/thumb2\libgcc.a
START GROUP
LOAD C:/Users/Juraj/Workspace/Eclipse_C++_Arduino/Quadcopter/Release/arduino/syscalls_sam3.c.o
LOAD ./.ino.cpp.o
LOAD ./ArduinoCommunication.cpp.o
LOAD ./I2Cdev.cpp.o
LOAD ./IMU.cpp.o
LOAD ./MPU6050.cpp.o
LOAD ./MPU6050_6Axis_MotionApps20.cpp.o
LOAD ./PID.cpp.o
LOAD ./Quadcopter.cpp.o
LOAD ./Servo.cpp.o
LOAD ./Wire.cpp.o
LOAD C:/Users/Juraj/Workspace/Eclipse_C++_Arduino/Quadcopter/Release/arduino.ar
LOAD C:/Programs/Arduino/hardware/arduino/sam/variants/arduino_due_x/libsam_sam3x8e_gcc_rel.a
LOAD C:/Users/Juraj/Workspace/Eclipse_C++_Arduino/Quadcopter/Release/arduino.ar
END GROUP
LOAD c:/programs/arduino/hardware/tools/g++_arm_none_eabi/bin/../lib/gcc/arm-none-eabi/4.4.1/../../../../arm-none-eabi/lib/thumb2\libstdc++.a
LOAD c:/programs/arduino/hardware/tools/g++_arm_none_eabi/bin/../lib/gcc/arm-none-eabi/4.4.1/../../../../arm-none-eabi/lib/thumb2\libm.a
START GROUP
LOAD c:/programs/arduino/hardware/tools/g++_arm_none_eabi/bin/../lib/gcc/arm-none-eabi/4.4.1/thumb2\libgcc.a
LOAD c:/programs/arduino/hardware/tools/g++_arm_none_eabi/bin/../lib/gcc/arm-none-eabi/4.4.1/../../../../arm-none-eabi/lib/thumb2\libc.a
END GROUP
LOAD c:/programs/arduino/hardware/tools/g++_arm_none_eabi/bin/../lib/gcc/arm-none-eabi/4.4.1/thumb2/crtend.o
LOAD c:/programs/arduino/hardware/tools/g++_arm_none_eabi/bin/../lib/gcc/arm-none-eabi/4.4.1/thumb2/crtn.o

.text           0x00080000    0x101ec
                0x00080000                . = ALIGN (0x4)
                0x00080000                _sfixed = .
 *(.vectors .vectors.*)
 .vectors       0x00080000       0xf4 C:/Programs/Arduino/hardware/arduino/sam/variants/arduino_due_x/libsam_sam3x8e_gcc_rel.a(startup_sam3xa.o)
                0x00080000                exception_table
 *(.text .text.* .gnu.linkonce.t.*)
 .text          0x000800f4       0x30 c:/programs/arduino/hardware/tools/g++_arm_none_eabi/bin/../lib/gcc/arm-none-eabi/4.4.1/thumb2/crtbegin.o
 .text._sbrk    0x00080124       0x20 C:/Users/Juraj/Workspace/Eclipse_C++_Arduino/Quadcopter/Release/arduino/syscalls_sam3.c.o
                0x00080124                _sbrk
 .text._close   0x00080144        0x6 C:/Users/Juraj/Workspace/Eclipse_C++_Arduino/Quadcopter/Release/arduino/syscalls_sam3.c.o
                0x00080144                _close
 .text._fstat   0x0008014a        0xa C:/Users/Juraj/Workspace/Eclipse_C++_Arduino/Quadcopter/Release/arduino/syscalls_sam3.c.o
                0x0008014a                _fstat
 .text._isatty  0x00080154        0x4 C:/Users/Juraj/Workspace/Eclipse_C++_Arduino/Quadcopter/Release/arduino/syscalls_sam3.c.o
                0x00080154                _isatty
 .text._lseek   0x00080158        0x4 C:/Users/Juraj/Workspace/Eclipse_C++_Arduino/Quadcopter/Release/arduino/syscalls_sam3.c.o
                0x00080158                _lseek
 .text._read    0x0008015c        0x4 C:/Users/Juraj/Workspace/Eclipse_C++_Arduino/Quadcopter/Release/arduino/syscalls_sam3.c.o
                0x0008015c                _read
 .text._write   0x00080160       0x20 C:/Users/Juraj/Workspace/Eclipse_C++_Arduino/Quadcopter/Release/arduino/syscalls_sam3.c.o
                0x00080160                _write
 .text._kill    0x00080180        0x2 C:/Users/Juraj/Workspace/Eclipse_C++_Arduino/Quadcopter/Release/arduino/syscalls_sam3.c.o
                0x00080180                _kill
 .text._getpid  0x00080182        0x6 C:/Users/Juraj/Workspace/Eclipse_C++_Arduino/Quadcopter/Release/arduino/syscalls_sam3.c.o
                0x00080182                _getpid
 .text._exit    0x00080188       0x10 C:/Users/Juraj/Workspace/Eclipse_C++_Arduino/Quadcopter/Release/arduino/syscalls_sam3.c.o
                0x00080188                _exit
 .text._ZN20ArduinoCommunication14sendOverSerialEv
                0x00080198       0xa8 ./ArduinoCommunication.cpp.o
                0x00080198                ArduinoCommunication::sendOverSerial()
 .text._ZN20ArduinoCommunication13sendSerialValE6Stringd
                0x00080240       0x74 ./ArduinoCommunication.cpp.o
                0x00080240                ArduinoCommunication::sendSerialVal(String, double)
 .text._ZN20ArduinoCommunication12setGuiValuesEv
                0x000802b4      0x1c8 ./ArduinoCommunication.cpp.o
                0x000802b4                ArduinoCommunication::setGuiValues()
 .text._ZN20ArduinoCommunication31serial_Communication_GUI_CsharpEv
                0x0008047c      0x3d8 ./ArduinoCommunication.cpp.o
                0x0008047c                ArduinoCommunication::serial_Communication_GUI_Csharp()
 .text._ZN6I2Cdev10writeWordsEhhhPt
                0x00080854       0x54 ./I2Cdev.cpp.o
                0x00080854                I2Cdev::writeWords(unsigned char, unsigned char, unsigned char, unsigned short*)
 .text._ZN6I2Cdev9writeWordEhht
                0x000808a8       0x10 ./I2Cdev.cpp.o
                0x000808a8                I2Cdev::writeWord(unsigned char, unsigned char, unsigned short)
 .text._ZN6I2Cdev10writeBytesEhhhPh
                0x000808b8       0x44 ./I2Cdev.cpp.o
                0x000808b8                I2Cdev::writeBytes(unsigned char, unsigned char, unsigned char, unsigned char*)
 .text._ZN6I2Cdev9writeByteEhhh
                0x000808fc       0x10 ./I2Cdev.cpp.o
                0x000808fc                I2Cdev::writeByte(unsigned char, unsigned char, unsigned char)
 .text._ZN6I2Cdev9readBytesEhhhPht
                0x0008090c       0xb8 ./I2Cdev.cpp.o
                0x0008090c                I2Cdev::readBytes(unsigned char, unsigned char, unsigned char, unsigned char*, unsigned short)
 .text._ZN6I2Cdev8readByteEhhPht
                0x000809c4       0x12 ./I2Cdev.cpp.o
                0x000809c4                I2Cdev::readByte(unsigned char, unsigned char, unsigned char*, unsigned short)
 *fill*         0x000809d6        0x2 00
 .text._ZN6I2Cdev9writeBitsEhhhhh
                0x000809d8       0x54 ./I2Cdev.cpp.o
                0x000809d8                I2Cdev::writeBits(unsigned char, unsigned char, unsigned char, unsigned char, unsigned char)
 .text._ZN6I2Cdev8writeBitEhhhh
                0x00080a2c       0x44 ./I2Cdev.cpp.o
                0x00080a2c                I2Cdev::writeBit(unsigned char, unsigned char, unsigned char, unsigned char)
 .text._ZN6I2Cdev8readBitsEhhhhPht
                0x00080a70       0x36 ./I2Cdev.cpp.o
                0x00080a70                I2Cdev::readBits(unsigned char, unsigned char, unsigned char, unsigned char, unsigned char*, unsigned short)
 .text._ZN6I2Cdev7readBitEhhhPht
                0x00080aa6       0x24 ./I2Cdev.cpp.o
                0x00080aa6                I2Cdev::readBit(unsigned char, unsigned char, unsigned char, unsigned char*, unsigned short)
 *fill*         0x00080aca        0x6 00
 .text._ZN3IMU9getYPRdmpEv
                0x00080ad0      0x110 ./IMU.cpp.o
                0x00080ad0                IMU::getYPRdmp()
 .text._ZN3IMU8startDMPEv
                0x00080be0       0x6c ./IMU.cpp.o
                0x00080be0                IMU::startDMP()
 .text._ZN3IMU6setDMPEv
                0x00080c4c       0xe8 ./IMU.cpp.o
                0x00080c4c                IMU::setDMP()
 .text._ZN7MPU6050C1Ev
                0x00080d34        0x6 ./MPU6050.cpp.o
                0x00080d34                MPU6050::MPU6050()
 .text._ZN7MPU605013setDMPConfig2Eh
                0x00080d3a        0xa ./MPU6050.cpp.o
                0x00080d3a                MPU6050::setDMPConfig2(unsigned char)
 .text._ZN7MPU605013setDMPConfig1Eh
                0x00080d44        0xa ./MPU6050.cpp.o
                0x00080d44                MPU6050::setDMPConfig1(unsigned char)
 .text._ZN7MPU605021setMemoryStartAddressEh
                0x00080d4e        0xa ./MPU6050.cpp.o
                0x00080d4e                MPU6050::setMemoryStartAddress(unsigned char)
 .text._ZN7MPU605013setMemoryBankEhbb
                0x00080d58       0x20 ./MPU6050.cpp.o
                0x00080d58                MPU6050::setMemoryBank(unsigned char, bool, bool)
 .text._ZN7MPU605013setIntEnabledEh
                0x00080d78        0xa ./MPU6050.cpp.o
                0x00080d78                MPU6050::setIntEnabled(unsigned char)
 .text._ZN7MPU605015setSlaveAddressEhh
                0x00080d82       0x14 ./MPU6050.cpp.o
                0x00080d82                MPU6050::setSlaveAddress(unsigned char, unsigned char)
 .text._ZN7MPU605030setZeroMotionDetectionDurationEh
                0x00080d96        0xa ./MPU6050.cpp.o
                0x00080d96                MPU6050::setZeroMotionDetectionDuration(unsigned char)
 .text._ZN7MPU605031setZeroMotionDetectionThresholdEh
                0x00080da0        0xa ./MPU6050.cpp.o
                0x00080da0                MPU6050::setZeroMotionDetectionThreshold(unsigned char)
 .text._ZN7MPU605026setMotionDetectionDurationEh
                0x00080daa        0xa ./MPU6050.cpp.o
                0x00080daa                MPU6050::setMotionDetectionDuration(unsigned char)
 .text._ZN7MPU605027setMotionDetectionThresholdEh
                0x00080db4        0xa ./MPU6050.cpp.o
                0x00080db4                MPU6050::setMotionDetectionThreshold(unsigned char)
 .text._ZN7MPU60507setRateEh
                0x00080dbe        0xa ./MPU6050.cpp.o
                0x00080dbe                MPU6050::setRate(unsigned char)
 .text._ZN7MPU605014readMemoryByteEv
                0x00080dc8       0x1c ./MPU6050.cpp.o
                0x00080dc8                MPU6050::readMemoryByte()
 .text._ZN7MPU605012getIntStatusEv
                0x00080de4       0x1c ./MPU6050.cpp.o
                0x00080de4                MPU6050::getIntStatus()
 .text._ZN7MPU605015readMemoryBlockEPhthh
                0x00080e00       0x90 ./MPU6050.cpp.o
                0x00080e00                MPU6050::readMemoryBlock(unsigned char*, unsigned short, unsigned char, unsigned char)
 .text._ZN7MPU605012getFIFOBytesEPhh
                0x00080e90       0x18 ./MPU6050.cpp.o
                0x00080e90                MPU6050::getFIFOBytes(unsigned char*, unsigned char)
 .text._ZN7MPU605012getFIFOCountEv
                0x00080ea8       0x28 ./MPU6050.cpp.o
                0x00080ea8                MPU6050::getFIFOCount()
 .text._ZN7MPU605016writeMemoryBlockEPKhthhbb
                0x00080ed0      0x150 ./MPU6050.cpp.o
                0x00080ed0                MPU6050::writeMemoryBlock(unsigned char const*, unsigned short, unsigned char, unsigned char, bool, bool)
 .text._ZN7MPU605024writeDMPConfigurationSetEPKhtb
                0x00081020       0xce ./MPU6050.cpp.o
                0x00081020                MPU6050::writeDMPConfigurationSet(unsigned char const*, unsigned short, bool)
 .text._ZN7MPU605028writeProgDMPConfigurationSetEPKht
                0x000810ee        0x6 ./MPU6050.cpp.o
                0x000810ee                MPU6050::writeProgDMPConfigurationSet(unsigned char const*, unsigned short)
 .text._ZN7MPU605020writeProgMemoryBlockEPKhthhb
                0x000810f4       0x1c ./MPU6050.cpp.o
                0x000810f4                MPU6050::writeProgMemoryBlock(unsigned char const*, unsigned short, unsigned char, unsigned char, bool)
 .text._ZN7MPU60508resetDMPEv
                0x00081110        0xc ./MPU6050.cpp.o
                0x00081110                MPU6050::resetDMP()
 .text._ZN7MPU605013setDMPEnabledEb
                0x0008111c        0xc ./MPU6050.cpp.o
                0x0008111c                MPU6050::setDMPEnabled(bool)
 .text._ZN7MPU605015setOTPBankValidEb
                0x00081128        0xc ./MPU6050.cpp.o
                0x00081128                MPU6050::setOTPBankValid(bool)
 .text._ZN7MPU605015setSleepEnabledEb
                0x00081134        0xc ./MPU6050.cpp.o
                0x00081134                MPU6050::setSleepEnabled(bool)
 .text._ZN7MPU60505resetEv
                0x00081140        0xc ./MPU6050.cpp.o
                0x00081140                MPU6050::reset()
 .text._ZN7MPU605014resetI2CMasterEv
                0x0008114c        0xc ./MPU6050.cpp.o
                0x0008114c                MPU6050::resetI2CMaster()
 .text._ZN7MPU60509resetFIFOEv
                0x00081158        0xc ./MPU6050.cpp.o
                0x00081158                MPU6050::resetFIFO()
 .text._ZN7MPU605023setI2CMasterModeEnabledEb
                0x00081164        0xc ./MPU6050.cpp.o
                0x00081164                MPU6050::setI2CMasterModeEnabled(bool)
 .text._ZN7MPU605014setFIFOEnabledEb
                0x00081170        0xc ./MPU6050.cpp.o
                0x00081170                MPU6050::setFIFOEnabled(bool)
 .text._ZN7MPU605015getOTPBankValidEv
                0x0008117c       0x20 ./MPU6050.cpp.o
                0x0008117c                MPU6050::getOTPBankValid()
 .text._ZN7MPU605014setZGyroOffsetEs
                0x0008119c        0xa ./MPU6050.cpp.o
                0x0008119c                MPU6050::setZGyroOffset(short)
 .text._ZN7MPU605014setYGyroOffsetEs
                0x000811a6        0xa ./MPU6050.cpp.o
                0x000811a6                MPU6050::setYGyroOffset(short)
 .text._ZN7MPU605014setXGyroOffsetEs
                0x000811b0        0xa ./MPU6050.cpp.o
                0x000811b0                MPU6050::setXGyroOffset(short)
 .text._ZN7MPU605015setZAccelOffsetEs
                0x000811ba        0xa ./MPU6050.cpp.o
                0x000811ba                MPU6050::setZAccelOffset(short)
 .text._ZN7MPU605015setYAccelOffsetEs
                0x000811c4        0xa ./MPU6050.cpp.o
                0x000811c4                MPU6050::setYAccelOffset(short)
 .text._ZN7MPU605015setXAccelOffsetEs
                0x000811ce        0xa ./MPU6050.cpp.o
                0x000811ce                MPU6050::setXAccelOffset(short)
 .text._ZN7MPU605016setZGyroOffsetTCEa
                0x000811d8       0x14 ./MPU6050.cpp.o
                0x000811d8                MPU6050::setZGyroOffsetTC(signed char)
 .text._ZN7MPU605016setYGyroOffsetTCEa
                0x000811ec       0x14 ./MPU6050.cpp.o
                0x000811ec                MPU6050::setYGyroOffsetTC(signed char)
 .text._ZN7MPU605016setXGyroOffsetTCEa
                0x00081200       0x14 ./MPU6050.cpp.o
                0x00081200                MPU6050::setXGyroOffsetTC(signed char)
 .text._ZN7MPU605014setClockSourceEh
                0x00081214       0x12 ./MPU6050.cpp.o
                0x00081214                MPU6050::setClockSource(unsigned char)
 .text._ZN7MPU605022setFullScaleAccelRangeEh
                0x00081226       0x12 ./MPU6050.cpp.o
                0x00081226                MPU6050::setFullScaleAccelRange(unsigned char)
 .text._ZN7MPU605021setFullScaleGyroRangeEh
                0x00081238       0x12 ./MPU6050.cpp.o
                0x00081238                MPU6050::setFullScaleGyroRange(unsigned char)
 .text._ZN7MPU605010initializeEv
                0x0008124a       0x26 ./MPU6050.cpp.o
                0x0008124a                MPU6050::initialize()
 .text._ZN7MPU605011setDLPFModeEh
                0x00081270       0x12 ./MPU6050.cpp.o
                0x00081270                MPU6050::setDLPFMode(unsigned char)
 .text._ZN7MPU605020setExternalFrameSyncEh
                0x00081282       0x12 ./MPU6050.cpp.o
                0x00081282                MPU6050::setExternalFrameSync(unsigned char)
 .text._ZN7MPU605016getZGyroOffsetTCEv
                0x00081294       0x28 ./MPU6050.cpp.o
                0x00081294                MPU6050::getZGyroOffsetTC()
 .text._ZN7MPU605016getYGyroOffsetTCEv
                0x000812bc       0x28 ./MPU6050.cpp.o
                0x000812bc                MPU6050::getYGyroOffsetTC()
 .text._ZN7MPU605016getXGyroOffsetTCEv
                0x000812e4       0x28 ./MPU6050.cpp.o
                0x000812e4                MPU6050::getXGyroOffsetTC()
 .text._ZN7MPU605011getDeviceIDEv
                0x0008130c       0x24 ./MPU6050.cpp.o
                0x0008130c                MPU6050::getDeviceID()
 .text._ZN7MPU605014testConnectionEv
                0x00081330       0x10 ./MPU6050.cpp.o
                0x00081330                MPU6050::testConnection()
 .text._ZN7MPU605016dmpGetQuaternionEPsPKh
                0x00081340       0x32 ./MPU6050_6Axis_MotionApps20.cpp.o
                0x00081340                MPU6050::dmpGetQuaternion(short*, unsigned char const*)
 .text._ZN7MPU605016dmpGetQuaternionEP10QuaternionPKh
                0x00081372       0x5a ./MPU6050_6Axis_MotionApps20.cpp.o
                0x00081372                MPU6050::dmpGetQuaternion(Quaternion*, unsigned char const*)
 .text._ZN7MPU605013dmpGetGravityEP11VectorFloatP10Quaternion
                0x000813cc       0x9a ./MPU6050_6Axis_MotionApps20.cpp.o
                0x000813cc                MPU6050::dmpGetGravity(VectorFloat*, Quaternion*)
 .text._ZN7MPU605020dmpGetFIFOPacketSizeEv
                0x00081466        0x4 ./MPU6050_6Axis_MotionApps20.cpp.o
                0x00081466                MPU6050::dmpGetFIFOPacketSize()
 *fill*         0x0008146a        0x2 00
 .text._ZN7MPU605018dmpGetYawPitchRollEPfP10QuaternionP11VectorFloat
                0x0008146c      0x120 ./MPU6050_6Axis_MotionApps20.cpp.o
                0x0008146c                MPU6050::dmpGetYawPitchRoll(float*, Quaternion*, VectorFloat*)
 .text._ZN7MPU605013dmpInitializeEv
                0x0008158c      0x3a8 ./MPU6050_6Axis_MotionApps20.cpp.o
                0x0008158c                MPU6050::dmpInitialize()
 *fill*         0x00081934        0x4 00
 .text._ZN3PID10SetTuningsEddd
                0x00081938       0xd0 ./PID.cpp.o
                0x00081938                PID::SetTunings(double, double, double)
 .text._ZN3PID13SetSampleTimeEi
                0x00081a08       0x4c ./PID.cpp.o
                0x00081a08                PID::SetSampleTime(int)
 .text._ZN3PID15SetOutputLimitsEdd
                0x00081a54       0x92 ./PID.cpp.o
                0x00081a54                PID::SetOutputLimits(double, double)
 .text._ZN3PID22SetControllerDirectionEi
                0x00081ae6       0x46 ./PID.cpp.o
                0x00081ae6                PID::SetControllerDirection(int)
 .text._ZN3PID5GetKpEv
                0x00081b2c        0x4 ./PID.cpp.o
                0x00081b2c                PID::GetKp()
 .text._ZN3PID5GetKiEv
                0x00081b30        0xa ./PID.cpp.o
                0x00081b30                PID::GetKi()
 .text._ZN3PID5GetKdEv
                0x00081b3a        0xa ./PID.cpp.o
                0x00081b3a                PID::GetKd()
 .text._ZNK3PID9getOutMaxEv
                0x00081b44        0xa ./PID.cpp.o
                0x00081b44                PID::getOutMax() const
 .text._ZNK3PID13getSampleTimeEv
                0x00081b4e        0x4 ./PID.cpp.o
                0x00081b4e                PID::getSampleTime() const
 .text._ZN3PID7ComputeEv
                0x00081b52       0xf6 ./PID.cpp.o
                0x00081b52                PID::Compute()
 .text._ZN3PIDC1EPdS0_S0_dddi
                0x00081c48       0x68 ./PID.cpp.o
                0x00081c48                PID::PID(double*, double*, double*, double, double, double, int)
 .text._ZN20ArduinoCommunicationD1Ev
                0x00081cb0       0x20 ./Quadcopter.cpp.o
                0x00081cb0                ArduinoCommunication::~ArduinoCommunication()
 .text._ZN8MotorESCD1Ev
                0x00081cd0        0xe ./Quadcopter.cpp.o
                0x00081cd0                MotorESC::~MotorESC()
 *fill*         0x00081cde        0x2 00
 .text._ZN8MotorESCC1Ei6String
                0x00081ce0       0x50 ./Quadcopter.cpp.o
                0x00081ce0                MotorESC::MotorESC(int, String)
 .text._Z11serialEventv
                0x00081d30        0xc ./Quadcopter.cpp.o
                0x00081d30                serialEvent()
 .text._ZN8MotorESC13setMotorSpeedEd
                0x00081d3c       0x8e ./Quadcopter.cpp.o
                0x00081d3c                MotorESC::setMotorSpeed(double)
 *fill*         0x00081dca        0x2 00
 .text.loop     0x00081dcc       0xbc ./Quadcopter.cpp.o
                0x00081dcc                loop
 .text._ZN8MotorESC10initializeEv
                0x00081e88       0xe4 ./Quadcopter.cpp.o
                0x00081e88                MotorESC::initialize()
 .text.setup    0x00081f6c       0xdc ./Quadcopter.cpp.o
                0x00081f6c                setup
 .text.T.42     0x00082048      0x2d8 ./Quadcopter.cpp.o
 .text._GLOBAL__I_rollControll
                0x00082320        0x4 ./Quadcopter.cpp.o
 .text._ZL13isTimerActive18timer16_Sequence_t
                0x00082324       0x20 ./Servo.cpp.o
 .text._ZN5ServoC1Ev
                0x00082344       0x44 ./Servo.cpp.o
                0x00082344                Servo::Servo()
 .text._ZN5Servo17writeMicrosecondsEi
                0x00082388       0x4c ./Servo.cpp.o
                0x00082388                Servo::writeMicroseconds(int)
 .text._ZL8_initISRP2Tcmm4IRQn
                0x000823d4       0x54 ./Servo.cpp.o
 .text._ZN5Servo6attachEiii
                0x00082428       0xb0 ./Servo.cpp.o
                0x00082428                Servo::attach(int, int, int)
 .text._ZN5Servo6attachEi
                0x000824d8        0xc ./Servo.cpp.o
                0x000824d8                Servo::attach(int)
 .text._Z13Servo_Handler18timer16_Sequence_tP2Tch
                0x000824e4      0x10c ./Servo.cpp.o
                0x000824e4                Servo_Handler(timer16_Sequence_t, Tc*, unsigned char)
 .text.TC0_Handler
                0x000825f0       0x10 ./Servo.cpp.o
                0x000825f0                TC0_Handler
 .text.TC2_Handler
                0x00082600       0x10 ./Servo.cpp.o
                0x00082600                TC2_Handler
 .text.TC5_Handler
                0x00082610       0x10 ./Servo.cpp.o
                0x00082610                TC5_Handler
 .text.TC4_Handler
                0x00082620       0x10 ./Servo.cpp.o
                0x00082620                TC4_Handler
 .text.TC3_Handler
                0x00082630       0x10 ./Servo.cpp.o
                0x00082630                TC3_Handler
 .text._ZN7TwoWireC1EP3TwiPFvvE
                0x00082640       0x3c ./Wire.cpp.o
                0x00082640                TwoWire::TwoWire(Twi*, void (*)())
 .text._ZN7TwoWire17beginTransmissionEh
                0x0008267c       0x12 ./Wire.cpp.o
                0x0008267c                TwoWire::beginTransmission(unsigned char)
 .text._ZN7TwoWire5writeEh
                0x0008268e       0x3a ./Wire.cpp.o
                0x0008268e                TwoWire::write(unsigned char)
 .text._ZN7TwoWire5writeEPKhj
                0x000826c8       0x5e ./Wire.cpp.o
                0x000826c8                TwoWire::write(unsigned char const*, unsigned int)
 .text._ZN7TwoWire9availableEv
                0x00082726        0xc ./Wire.cpp.o
                0x00082726                TwoWire::available()
 .text._ZN7TwoWire4readEv
                0x00082732       0x20 ./Wire.cpp.o
                0x00082732                TwoWire::read()
 .text._ZN7TwoWire4peekEv
                0x00082752       0x18 ./Wire.cpp.o
                0x00082752                TwoWire::peek()
 .text._ZN7TwoWire5flushEv
                0x0008276a        0x2 ./Wire.cpp.o
                0x0008276a                TwoWire::flush()
 .text._ZL10Wire1_Initv
                0x0008276c       0x54 ./Wire.cpp.o
 .text._ZL9Wire_Initv
                0x000827c0       0x54 ./Wire.cpp.o
 .text._ZN7TwoWire9onServiceEv
                0x00082814      0x130 ./Wire.cpp.o
                0x00082814                TwoWire::onService()
 .text.TWI0_Handler
                0x00082944        0xc ./Wire.cpp.o
                0x00082944                TWI0_Handler
 .text.TWI1_Handler
                0x00082950        0xc ./Wire.cpp.o
                0x00082950                TWI1_Handler
 .text._ZN7TwoWire15endTransmissionEh
                0x0008295c       0xcc ./Wire.cpp.o
                0x0008295c                TwoWire::endTransmission(unsigned char)
 .text._ZN7TwoWire15endTransmissionEv
                0x00082a28        0x6 ./Wire.cpp.o
                0x00082a28                TwoWire::endTransmission()
 *fill*         0x00082a2e        0x2 00
 .text._ZN7TwoWire11requestFromEhhh
                0x00082a30       0x90 ./Wire.cpp.o
                0x00082a30                TwoWire::requestFrom(unsigned char, unsigned char, unsigned char)
 .text._ZN7TwoWire11requestFromEhh
                0x00082ac0        0x6 ./Wire.cpp.o
                0x00082ac0                TwoWire::requestFrom(unsigned char, unsigned char)
 *fill*         0x00082ac6        0x2 00
 .text._ZN7TwoWire5beginEv
                0x00082ac8       0x30 ./Wire.cpp.o
                0x00082ac8                TwoWire::begin()
 .text._GLOBAL__I__ZN7TwoWireC2EP3TwiPFvvE
                0x00082af8       0x34 ./Wire.cpp.o
 .text._Z12serialEvent1v
                0x00082b2c        0x2 C:/Users/Juraj/Workspace/Eclipse_C++_Arduino/Quadcopter/Release/arduino.ar(variant.cpp.o)
                0x00082b2c                serialEvent1()
 .text._Z12serialEvent2v
                0x00082b2e        0x2 C:/Users/Juraj/Workspace/Eclipse_C++_Arduino/Quadcopter/Release/arduino.ar(variant.cpp.o)
                0x00082b2e                serialEvent2()
 .text._Z12serialEvent3v
                0x00082b30        0x2 C:/Users/Juraj/Workspace/Eclipse_C++_Arduino/Quadcopter/Release/arduino.ar(variant.cpp.o)
                0x00082b30                serialEvent3()
 *fill*         0x00082b32        0x2 00
 .text.init     0x00082b34      0x134 C:/Users/Juraj/Workspace/Eclipse_C++_Arduino/Quadcopter/Release/arduino.ar(variant.cpp.o)
                0x00082b34                init
 .text._Z14serialEventRunv
                0x00082c68       0x48 C:/Users/Juraj/Workspace/Eclipse_C++_Arduino/Quadcopter/Release/arduino.ar(variant.cpp.o)
                0x00082c68                serialEventRun()
 .text.USART3_Handler
                0x00082cb0        0xc C:/Users/Juraj/Workspace/Eclipse_C++_Arduino/Quadcopter/Release/arduino.ar(variant.cpp.o)
                0x00082cb0                USART3_Handler
 .text.USART1_Handler
                0x00082cbc        0xc C:/Users/Juraj/Workspace/Eclipse_C++_Arduino/Quadcopter/Release/arduino.ar(variant.cpp.o)
                0x00082cbc                USART1_Handler
 .text.USART0_Handler
                0x00082cc8        0xc C:/Users/Juraj/Workspace/Eclipse_C++_Arduino/Quadcopter/Release/arduino.ar(variant.cpp.o)
                0x00082cc8                USART0_Handler
 .text.UART_Handler
                0x00082cd4        0xc C:/Users/Juraj/Workspace/Eclipse_C++_Arduino/Quadcopter/Release/arduino.ar(variant.cpp.o)
                0x00082cd4                UART_Handler
 .text._GLOBAL__I_g_APinDescription
                0x00082ce0       0x8c C:/Users/Juraj/Workspace/Eclipse_C++_Arduino/Quadcopter/Release/arduino.ar(variant.cpp.o)
 .text._ZN5Print5writeEPKhj
                0x00082d6c       0x2e C:/Users/Juraj/Workspace/Eclipse_C++_Arduino/Quadcopter/Release/arduino.ar(Print.cpp.o)
                0x00082d6c                Print::write(unsigned char const*, unsigned int)
 .text._ZN5Print5printERK6String
                0x00082d9a       0x10 C:/Users/Juraj/Workspace/Eclipse_C++_Arduino/Quadcopter/Release/arduino.ar(Print.cpp.o)
                0x00082d9a                Print::print(String const&)
 .text._ZN5Print5printEc
                0x00082daa        0xa C:/Users/Juraj/Workspace/Eclipse_C++_Arduino/Quadcopter/Release/arduino.ar(Print.cpp.o)
                0x00082daa                Print::print(char)
 .text._ZN5Print7printlnEv
                0x00082db4       0x18 C:/Users/Juraj/Workspace/Eclipse_C++_Arduino/Quadcopter/Release/arduino.ar(Print.cpp.o)
                0x00082db4                Print::println()
 .text._ZN5Print7printlnERK6String
                0x00082dcc       0x14 C:/Users/Juraj/Workspace/Eclipse_C++_Arduino/Quadcopter/Release/arduino.ar(Print.cpp.o)
                0x00082dcc                Print::println(String const&)
 .text._ZN5Print5writeEPKc
                0x00082de0       0x20 C:/Users/Juraj/Workspace/Eclipse_C++_Arduino/Quadcopter/Release/arduino.ar(Print.cpp.o)
                0x00082de0                Print::write(char const*)
 .text._ZN5Print11printNumberEmh
                0x00082e00       0x3e C:/Users/Juraj/Workspace/Eclipse_C++_Arduino/Quadcopter/Release/arduino.ar(Print.cpp.o)
                0x00082e00                Print::printNumber(unsigned long, unsigned char)
 .text._ZN5Print5printEmi
                0x00082e3e       0x1a C:/Users/Juraj/Workspace/Eclipse_C++_Arduino/Quadcopter/Release/arduino.ar(Print.cpp.o)
                0x00082e3e                Print::print(unsigned long, int)
 .text._ZN5Print5printEji
                0x00082e58        0x4 C:/Users/Juraj/Workspace/Eclipse_C++_Arduino/Quadcopter/Release/arduino.ar(Print.cpp.o)
                0x00082e58                Print::print(unsigned int, int)
 .text._ZN5Print7printlnEji
                0x00082e5c       0x14 C:/Users/Juraj/Workspace/Eclipse_C++_Arduino/Quadcopter/Release/arduino.ar(Print.cpp.o)
                0x00082e5c                Print::println(unsigned int, int)
 .text._ZN5Print5printEli
                0x00082e70       0x42 C:/Users/Juraj/Workspace/Eclipse_C++_Arduino/Quadcopter/Release/arduino.ar(Print.cpp.o)
                0x00082e70                Print::print(long, int)
 .text._ZN5Print5printEii
                0x00082eb2        0x4 C:/Users/Juraj/Workspace/Eclipse_C++_Arduino/Quadcopter/Release/arduino.ar(Print.cpp.o)
                0x00082eb2                Print::print(int, int)
 .text._ZN5Print7printlnEii
                0x00082eb6       0x14 C:/Users/Juraj/Workspace/Eclipse_C++_Arduino/Quadcopter/Release/arduino.ar(Print.cpp.o)
                0x00082eb6                Print::println(int, int)
 .text._ZN5Print5printEPKc
                0x00082eca        0x4 C:/Users/Juraj/Workspace/Eclipse_C++_Arduino/Quadcopter/Release/arduino.ar(Print.cpp.o)
                0x00082eca                Print::print(char const*)
 .text._ZN5Print7printlnEPKc
                0x00082ece       0x14 C:/Users/Juraj/Workspace/Eclipse_C++_Arduino/Quadcopter/Release/arduino.ar(Print.cpp.o)
                0x00082ece                Print::println(char const*)
 .text._ZN5Print5printEPK19__FlashStringHelper
                0x00082ee2        0x4 C:/Users/Juraj/Workspace/Eclipse_C++_Arduino/Quadcopter/Release/arduino.ar(Print.cpp.o)
                0x00082ee2                Print::print(__FlashStringHelper const*)
 .text._ZN5Print7printlnEPK19__FlashStringHelper
                0x00082ee6       0x14 C:/Users/Juraj/Workspace/Eclipse_C++_Arduino/Quadcopter/Release/arduino.ar(Print.cpp.o)
                0x00082ee6                Print::println(__FlashStringHelper const*)
 .text._ZN10RingBuffer10store_charEh
                0x00082efa       0x16 C:/Users/Juraj/Workspace/Eclipse_C++_Arduino/Quadcopter/Release/arduino.ar(RingBuffer.cpp.o)
                0x00082efa                RingBuffer::store_char(unsigned char)
 .text._ZN10RingBufferC1Ev
                0x00082f10       0x16 C:/Users/Juraj/Workspace/Eclipse_C++_Arduino/Quadcopter/Release/arduino.ar(RingBuffer.cpp.o)
                0x00082f10                RingBuffer::RingBuffer()
 .text._ZN9UARTClasscvbEv
                0x00082f26        0x4 C:/Users/Juraj/Workspace/Eclipse_C++_Arduino/Quadcopter/Release/arduino.ar(UARTClass.cpp.o)
                0x00082f26                UARTClass::operator bool()
 *fill*         0x00082f2a        0x2 00
 .text._ZN9UARTClassC1EP4Uart4IRQnmP10RingBuffer
                0x00082f2c       0x24 C:/Users/Juraj/Workspace/Eclipse_C++_Arduino/Quadcopter/Release/arduino.ar(UARTClass.cpp.o)
                0x00082f2c                UARTClass::UARTClass(Uart*, IRQn, unsigned long, RingBuffer*)
 .text._ZN9UARTClass9availableEv
                0x00082f50        0xe C:/Users/Juraj/Workspace/Eclipse_C++_Arduino/Quadcopter/Release/arduino.ar(UARTClass.cpp.o)
                0x00082f50                UARTClass::available()
 .text._ZN9UARTClass4peekEv
                0x00082f5e       0x12 C:/Users/Juraj/Workspace/Eclipse_C++_Arduino/Quadcopter/Release/arduino.ar(UARTClass.cpp.o)
                0x00082f5e                UARTClass::peek()
 .text._ZN9UARTClass4readEv
                0x00082f70       0x1c C:/Users/Juraj/Workspace/Eclipse_C++_Arduino/Quadcopter/Release/arduino.ar(UARTClass.cpp.o)
                0x00082f70                UARTClass::read()
 .text._ZN9UARTClass5flushEv
                0x00082f8c        0xc C:/Users/Juraj/Workspace/Eclipse_C++_Arduino/Quadcopter/Release/arduino.ar(UARTClass.cpp.o)
                0x00082f8c                UARTClass::flush()
 .text._ZN9UARTClass5writeEh
                0x00082f98       0x10 C:/Users/Juraj/Workspace/Eclipse_C++_Arduino/Quadcopter/Release/arduino.ar(UARTClass.cpp.o)
                0x00082f98                UARTClass::write(unsigned char)
 .text._ZN9UARTClass10IrqHandlerEv
                0x00082fa8       0x2a C:/Users/Juraj/Workspace/Eclipse_C++_Arduino/Quadcopter/Release/arduino.ar(UARTClass.cpp.o)
                0x00082fa8                UARTClass::IrqHandler()
 *fill*         0x00082fd2        0x2 00
 .text._ZN9UARTClass3endEv
                0x00082fd4       0x38 C:/Users/Juraj/Workspace/Eclipse_C++_Arduino/Quadcopter/Release/arduino.ar(UARTClass.cpp.o)
                0x00082fd4                UARTClass::end()
 .text._ZN9UARTClass5beginEm
                0x0008300c       0x5c C:/Users/Juraj/Workspace/Eclipse_C++_Arduino/Quadcopter/Release/arduino.ar(UARTClass.cpp.o)
                0x0008300c                UARTClass::begin(unsigned long)
 .text._ZN10USARTClasscvbEv
                0x00083068        0x4 C:/Users/Juraj/Workspace/Eclipse_C++_Arduino/Quadcopter/Release/arduino.ar(USARTClass.cpp.o)
                0x00083068                USARTClass::operator bool()
 .text._ZN10USARTClassC1EP5Usart4IRQnmP10RingBuffer
                0x0008306c       0x24 C:/Users/Juraj/Workspace/Eclipse_C++_Arduino/Quadcopter/Release/arduino.ar(USARTClass.cpp.o)
                0x0008306c                USARTClass::USARTClass(Usart*, IRQn, unsigned long, RingBuffer*)
 .text._ZN10USARTClass9availableEv
                0x00083090        0xe C:/Users/Juraj/Workspace/Eclipse_C++_Arduino/Quadcopter/Release/arduino.ar(USARTClass.cpp.o)
                0x00083090                USARTClass::available()
 .text._ZN10USARTClass4peekEv
                0x0008309e       0x12 C:/Users/Juraj/Workspace/Eclipse_C++_Arduino/Quadcopter/Release/arduino.ar(USARTClass.cpp.o)
                0x0008309e                USARTClass::peek()
 .text._ZN10USARTClass4readEv
                0x000830b0       0x1c C:/Users/Juraj/Workspace/Eclipse_C++_Arduino/Quadcopter/Release/arduino.ar(USARTClass.cpp.o)
                0x000830b0                USARTClass::read()
 .text._ZN10USARTClass5flushEv
                0x000830cc        0xc C:/Users/Juraj/Workspace/Eclipse_C++_Arduino/Quadcopter/Release/arduino.ar(USARTClass.cpp.o)
                0x000830cc                USARTClass::flush()
 .text._ZN10USARTClass5writeEh
                0x000830d8       0x10 C:/Users/Juraj/Workspace/Eclipse_C++_Arduino/Quadcopter/Release/arduino.ar(USARTClass.cpp.o)
                0x000830d8                USARTClass::write(unsigned char)
 .text._ZN10USARTClass10IrqHandlerEv
                0x000830e8       0x2a C:/Users/Juraj/Workspace/Eclipse_C++_Arduino/Quadcopter/Release/arduino.ar(USARTClass.cpp.o)
                0x000830e8                USARTClass::IrqHandler()
 *fill*         0x00083112        0x2 00
 .text._ZN10USARTClass3endEv
                0x00083114       0x38 C:/Users/Juraj/Workspace/Eclipse_C++_Arduino/Quadcopter/Release/arduino.ar(USARTClass.cpp.o)
                0x00083114                USARTClass::end()
 .text._ZN10USARTClass5beginEmm
                0x0008314c       0x58 C:/Users/Juraj/Workspace/Eclipse_C++_Arduino/Quadcopter/Release/arduino.ar(USARTClass.cpp.o)
                0x0008314c                USARTClass::begin(unsigned long, unsigned long)
 .text._ZN10USARTClass5beginEm
                0x000831a4        0x8 C:/Users/Juraj/Workspace/Eclipse_C++_Arduino/Quadcopter/Release/arduino.ar(USARTClass.cpp.o)
                0x000831a4                USARTClass::begin(unsigned long)
 .text._ZNK6String7toFloatEv
                0x000831ac       0x14 C:/Users/Juraj/Workspace/Eclipse_C++_Arduino/Quadcopter/Release/arduino.ar(WString.cpp.o)
                0x000831ac                String::toFloat() const
 .text._ZNK6String6equalsEPKc
                0x000831c0       0x2e C:/Users/Juraj/Workspace/Eclipse_C++_Arduino/Quadcopter/Release/arduino.ar(WString.cpp.o)
                0x000831c0                String::equals(char const*) const
 .text._ZN6String12changeBufferEj
                0x000831ee       0x1a C:/Users/Juraj/Workspace/Eclipse_C++_Arduino/Quadcopter/Release/arduino.ar(WString.cpp.o)
                0x000831ee                String::changeBuffer(unsigned int)
 .text._ZN6String7reserveEj
                0x00083208       0x28 C:/Users/Juraj/Workspace/Eclipse_C++_Arduino/Quadcopter/Release/arduino.ar(WString.cpp.o)
                0x00083208                String::reserve(unsigned int)
 .text._ZN6String6concatEPKcj
                0x00083230       0x2c C:/Users/Juraj/Workspace/Eclipse_C++_Arduino/Quadcopter/Release/arduino.ar(WString.cpp.o)
                0x00083230                String::concat(char const*, unsigned int)
 .text._ZN6String6concatEc
                0x0008325c       0x16 C:/Users/Juraj/Workspace/Eclipse_C++_Arduino/Quadcopter/Release/arduino.ar(WString.cpp.o)
                0x0008325c                String::concat(char)
 .text._ZN6String6concatEPKc
                0x00083272       0x20 C:/Users/Juraj/Workspace/Eclipse_C++_Arduino/Quadcopter/Release/arduino.ar(WString.cpp.o)
                0x00083272                String::concat(char const*)
 .text._ZN6String6concatERKS_
                0x00083292        0xa C:/Users/Juraj/Workspace/Eclipse_C++_Arduino/Quadcopter/Release/arduino.ar(WString.cpp.o)
                0x00083292                String::concat(String const&)
 .text._ZN6String10invalidateEv
                0x0008329c       0x16 C:/Users/Juraj/Workspace/Eclipse_C++_Arduino/Quadcopter/Release/arduino.ar(WString.cpp.o)
                0x0008329c                String::invalidate()
 .text._ZN6String4copyEPKcj
                0x000832b2       0x26 C:/Users/Juraj/Workspace/Eclipse_C++_Arduino/Quadcopter/Release/arduino.ar(WString.cpp.o)
                0x000832b2                String::copy(char const*, unsigned int)
 .text._ZN6StringC1EPKc
                0x000832d8       0x24 C:/Users/Juraj/Workspace/Eclipse_C++_Arduino/Quadcopter/Release/arduino.ar(WString.cpp.o)
                0x000832d8                String::String(char const*)
 .text._ZN6StringaSEPKc
                0x000832fc       0x22 C:/Users/Juraj/Workspace/Eclipse_C++_Arduino/Quadcopter/Release/arduino.ar(WString.cpp.o)
                0x000832fc                String::operator=(char const*)
 .text._ZN6StringC1Edh
                0x0008331e       0x36 C:/Users/Juraj/Workspace/Eclipse_C++_Arduino/Quadcopter/Release/arduino.ar(WString.cpp.o)
                0x0008331e                String::String(double, unsigned char)
 .text._ZN6StringaSERKS_
                0x00083354       0x1e C:/Users/Juraj/Workspace/Eclipse_C++_Arduino/Quadcopter/Release/arduino.ar(WString.cpp.o)
                0x00083354                String::operator=(String const&)
 .text._ZN6StringC1ERKS_
                0x00083372       0x14 C:/Users/Juraj/Workspace/Eclipse_C++_Arduino/Quadcopter/Release/arduino.ar(WString.cpp.o)
                0x00083372                String::String(String const&)
 .text._ZN6StringD1Ev
                0x00083386        0xe C:/Users/Juraj/Workspace/Eclipse_C++_Arduino/Quadcopter/Release/arduino.ar(WString.cpp.o)
                0x00083386                String::~String()
 .text.millis   0x00083394        0x4 C:/Users/Juraj/Workspace/Eclipse_C++_Arduino/Quadcopter/Release/arduino.ar(wiring.c.o)
                0x00083394                millis
 .text.delay    0x00083398       0x1c C:/Users/Juraj/Workspace/Eclipse_C++_Arduino/Quadcopter/Release/arduino.ar(wiring.c.o)
                0x00083398                delay
 .text.analogOutputInit
                0x000833b4       0x14 C:/Users/Juraj/Workspace/Eclipse_C++_Arduino/Quadcopter/Release/arduino.ar(wiring_analog.c.o)
                0x000833b4                analogOutputInit
 .text.digitalWrite
                0x000833c8       0x48 C:/Users/Juraj/Workspace/Eclipse_C++_Arduino/Quadcopter/Release/arduino.ar(wiring_digital.c.o)
                0x000833c8                digitalWrite
 .text.pinMode  0x00083410       0x68 C:/Users/Juraj/Workspace/Eclipse_C++_Arduino/Quadcopter/Release/arduino.ar(wiring_digital.c.o)
                0x00083410                pinMode
 .text.dtostrf  0x00083478       0x2c C:/Users/Juraj/Workspace/Eclipse_C++_Arduino/Quadcopter/Release/arduino.ar(dtostrf.c.o)
                0x00083478                dtostrf
 .text.__empty  0x000834a4        0x2 C:/Users/Juraj/Workspace/Eclipse_C++_Arduino/Quadcopter/Release/arduino.ar(hooks.c.o)
                0x000834a4                yield
 .text.__false  0x000834a6        0x4 C:/Users/Juraj/Workspace/Eclipse_C++_Arduino/Quadcopter/Release/arduino.ar(hooks.c.o)
                0x000834a6                sysTickHook
 .text.__halt   0x000834aa        0x2 C:/Users/Juraj/Workspace/Eclipse_C++_Arduino/Quadcopter/Release/arduino.ar(hooks.c.o)
                0x000834aa                svcHook
                0x000834aa                pendSVHook
 .text.PIO_DisableInterrupt
                0x000834ac        0x4 C:/Programs/Arduino/hardware/arduino/sam/variants/arduino_due_x/libsam_sam3x8e_gcc_rel.a(pio.o)
                0x000834ac                PIO_DisableInterrupt
 .text.PIO_PullUp
                0x000834b0        0xa C:/Programs/Arduino/hardware/arduino/sam/variants/arduino_due_x/libsam_sam3x8e_gcc_rel.a(pio.o)
                0x000834b0                PIO_PullUp
 .text.PIO_SetPeripheral
                0x000834ba       0x2a C:/Programs/Arduino/hardware/arduino/sam/variants/arduino_due_x/libsam_sam3x8e_gcc_rel.a(pio.o)
                0x000834ba                PIO_SetPeripheral
 .text.PIO_SetInput
                0x000834e4       0x40 C:/Programs/Arduino/hardware/arduino/sam/variants/arduino_due_x/libsam_sam3x8e_gcc_rel.a(pio.o)
                0x000834e4                PIO_SetInput
 .text.PIO_SetOutput
                0x00083524       0x38 C:/Programs/Arduino/hardware/arduino/sam/variants/arduino_due_x/libsam_sam3x8e_gcc_rel.a(pio.o)
                0x00083524                PIO_SetOutput
 .text.PIO_Configure
                0x0008355c       0x74 C:/Programs/Arduino/hardware/arduino/sam/variants/arduino_due_x/libsam_sam3x8e_gcc_rel.a(pio.o)
                0x0008355c                PIO_Configure
 .text.PIO_GetOutputDataStatus
                0x000835d0       0x16 C:/Programs/Arduino/hardware/arduino/sam/variants/arduino_due_x/libsam_sam3x8e_gcc_rel.a(pio.o)
                0x000835d0                PIO_GetOutputDataStatus
 *fill*         0x000835e6        0x2 00
 .text.pmc_enable_upll_clock
                0x000835e8       0x18 C:/Programs/Arduino/hardware/arduino/sam/variants/arduino_due_x/libsam_sam3x8e_gcc_rel.a(pmc.o)
                0x000835e8                pmc_enable_upll_clock
 .text.pmc_enable_periph_clk
                0x00083600       0x48 C:/Programs/Arduino/hardware/arduino/sam/variants/arduino_due_x/libsam_sam3x8e_gcc_rel.a(pmc.o)
                0x00083600                pmc_enable_periph_clk
 .text.pmc_disable_periph_clk
                0x00083648       0x48 C:/Programs/Arduino/hardware/arduino/sam/variants/arduino_due_x/libsam_sam3x8e_gcc_rel.a(pmc.o)
                0x00083648                pmc_disable_periph_clk
 .text.pmc_switch_udpck_to_upllck
                0x00083690       0x14 C:/Programs/Arduino/hardware/arduino/sam/variants/arduino_due_x/libsam_sam3x8e_gcc_rel.a(pmc.o)
                0x00083690                pmc_switch_udpck_to_upllck
 .text.pmc_enable_udpck
                0x000836a4        0xc C:/Programs/Arduino/hardware/arduino/sam/variants/arduino_due_x/libsam_sam3x8e_gcc_rel.a(pmc.o)
                0x000836a4                pmc_enable_udpck
 .text.TC_Configure
                0x000836b0       0x38 C:/Programs/Arduino/hardware/arduino/sam/variants/arduino_due_x/libsam_sam3x8e_gcc_rel.a(tc.o)
                0x000836b0                TC_Configure
 .text.TC_Start
                0x000836e8       0x2c C:/Programs/Arduino/hardware/arduino/sam/variants/arduino_due_x/libsam_sam3x8e_gcc_rel.a(tc.o)
                0x000836e8                TC_Start
 .text.TC_SetRA
                0x00083714        0x8 C:/Programs/Arduino/hardware/arduino/sam/variants/arduino_due_x/libsam_sam3x8e_gcc_rel.a(tc.o)
                0x00083714                TC_SetRA
 .text.TimeTick_Increment
                0x0008371c       0x10 C:/Programs/Arduino/hardware/arduino/sam/variants/arduino_due_x/libsam_sam3x8e_gcc_rel.a(timetick.o)
                0x0008371c                TimeTick_Increment
 .text.GetTickCount
                0x0008372c        0xc C:/Programs/Arduino/hardware/arduino/sam/variants/arduino_due_x/libsam_sam3x8e_gcc_rel.a(timetick.o)
                0x0008372c                GetTickCount
 .text.TWI_ConfigureMaster
                0x00083738       0x70 C:/Programs/Arduino/hardware/arduino/sam/variants/arduino_due_x/libsam_sam3x8e_gcc_rel.a(twi.o)
                0x00083738                TWI_ConfigureMaster
 .text.TWI_Stop
                0x000837a8       0x28 C:/Programs/Arduino/hardware/arduino/sam/variants/arduino_due_x/libsam_sam3x8e_gcc_rel.a(twi.o)
                0x000837a8                TWI_Stop
 .text.TWI_StartRead
                0x000837d0       0x74 C:/Programs/Arduino/hardware/arduino/sam/variants/arduino_due_x/libsam_sam3x8e_gcc_rel.a(twi.o)
                0x000837d0                TWI_StartRead
 .text.TWI_ReadByte
                0x00083844       0x28 C:/Programs/Arduino/hardware/arduino/sam/variants/arduino_due_x/libsam_sam3x8e_gcc_rel.a(twi.o)
                0x00083844                TWI_ReadByte
 .text.TWI_WriteByte
                0x0008386c       0x24 C:/Programs/Arduino/hardware/arduino/sam/variants/arduino_due_x/libsam_sam3x8e_gcc_rel.a(twi.o)
                0x0008386c                TWI_WriteByte
 .text.TWI_StartWrite
                0x00083890       0x80 C:/Programs/Arduino/hardware/arduino/sam/variants/arduino_due_x/libsam_sam3x8e_gcc_rel.a(twi.o)
                0x00083890                TWI_StartWrite
 .text.TWI_EnableIt
                0x00083910       0x40 C:/Programs/Arduino/hardware/arduino/sam/variants/arduino_due_x/libsam_sam3x8e_gcc_rel.a(twi.o)
                0x00083910                TWI_EnableIt
 .text.TWI_DisableIt
                0x00083950       0x40 C:/Programs/Arduino/hardware/arduino/sam/variants/arduino_due_x/libsam_sam3x8e_gcc_rel.a(twi.o)
                0x00083950                TWI_DisableIt
 .text.TWI_GetStatus
                0x00083990       0x28 C:/Programs/Arduino/hardware/arduino/sam/variants/arduino_due_x/libsam_sam3x8e_gcc_rel.a(twi.o)
                0x00083990                TWI_GetStatus
 .text.TWI_SendSTOPCondition
                0x000839b8       0x2c C:/Programs/Arduino/hardware/arduino/sam/variants/arduino_due_x/libsam_sam3x8e_gcc_rel.a(twi.o)
                0x000839b8                TWI_SendSTOPCondition
 .text.WDT_Disable
                0x000839e4        0x8 C:/Programs/Arduino/hardware/arduino/sam/variants/arduino_due_x/libsam_sam3x8e_gcc_rel.a(wdt.o)
                0x000839e4                WDT_Disable
 .text.SystemInit
                0x000839ec       0x9c C:/Programs/Arduino/hardware/arduino/sam/variants/arduino_due_x/libsam_sam3x8e_gcc_rel.a(system_sam3xa.o)
                0x000839ec                SystemInit
 .text.Reset_Handler
                0x00083a88       0x70 C:/Programs/Arduino/hardware/arduino/sam/variants/arduino_due_x/libsam_sam3x8e_gcc_rel.a(startup_sam3xa.o)
                0x00083a88                Reset_Handler
 .text.adc_init
                0x00083af8       0xa0 C:/Programs/Arduino/hardware/arduino/sam/variants/arduino_due_x/libsam_sam3x8e_gcc_rel.a(adc.o)
                0x00083af8                adc_init
 .text.adc_configure_trigger
                0x00083b98       0x10 C:/Programs/Arduino/hardware/arduino/sam/variants/arduino_due_x/libsam_sam3x8e_gcc_rel.a(adc.o)
                0x00083b98                adc_configure_trigger
 .text.adc_configure_timing
                0x00083ba8       0x1a C:/Programs/Arduino/hardware/arduino/sam/variants/arduino_due_x/libsam_sam3x8e_gcc_rel.a(adc.o)
                0x00083ba8                adc_configure_timing
 .text.adc_disable_all_channel
                0x00083bc2        0x8 C:/Programs/Arduino/hardware/arduino/sam/variants/arduino_due_x/libsam_sam3x8e_gcc_rel.a(adc.o)
                0x00083bc2                adc_disable_all_channel
 .text.adc_disable_interrupt
                0x00083bca        0x4 C:/Programs/Arduino/hardware/arduino/sam/variants/arduino_due_x/libsam_sam3x8e_gcc_rel.a(adc.o)
                0x00083bca                adc_disable_interrupt
 *fill*         0x00083bce        0x2 00
 .text.UOTGHS_Handler
                0x00083bd0       0x10 C:/Programs/Arduino/hardware/arduino/sam/variants/arduino_due_x/libsam_sam3x8e_gcc_rel.a(uotghs.o)
                0x00083bd0                UOTGHS_Handler
 .text.PIOA_Handler
                0x00083be0       0x2c C:/Users/Juraj/Workspace/Eclipse_C++_Arduino/Quadcopter/Release/arduino.ar(WInterrupts.c.o)
                0x00083be0                PIOA_Handler
 .text.PIOB_Handler
                0x00083c0c       0x2c C:/Users/Juraj/Workspace/Eclipse_C++_Arduino/Quadcopter/Release/arduino.ar(WInterrupts.c.o)
                0x00083c0c                PIOB_Handler
 .text.PIOC_Handler
                0x00083c38       0x2c C:/Users/Juraj/Workspace/Eclipse_C++_Arduino/Quadcopter/Release/arduino.ar(WInterrupts.c.o)
                0x00083c38                PIOC_Handler
 .text.PIOD_Handler
                0x00083c64       0x2c C:/Users/Juraj/Workspace/Eclipse_C++_Arduino/Quadcopter/Release/arduino.ar(WInterrupts.c.o)
                0x00083c64                PIOD_Handler
 .text.__halt   0x00083c90        0x2 C:/Users/Juraj/Workspace/Eclipse_C++_Arduino/Quadcopter/Release/arduino.ar(cortex_handlers.c.o)
                0x00083c90                DACC_Handler
                0x00083c90                DebugMon_Handler
                0x00083c90                DMAC_Handler
                0x00083c90                TRNG_Handler
                0x00083c90                HardFault_Handler
                0x00083c90                NMI_Handler
                0x00083c90                TC7_Handler
                0x00083c90                ADC_Handler
                0x00083c90                SMC_Handler
                0x00083c90                RTT_Handler
                0x00083c90                EFC1_Handler
                0x00083c90                RTC_Handler
                0x00083c90                UsageFault_Handler
                0x00083c90                TC6_Handler
                0x00083c90                WDT_Handler
                0x00083c90                CAN0_Handler
                0x00083c90                TC1_Handler
                0x00083c90                HSMCI_Handler
                0x00083c90                SSC_Handler
                0x00083c90                EFC0_Handler
                0x00083c90                PMC_Handler
                0x00083c90                PWM_Handler
                0x00083c90                CAN1_Handler
                0x00083c90                MemManage_Handler
                0x00083c90                SUPC_Handler
                0x00083c90                TC8_Handler
                0x00083c90                USART2_Handler
                0x00083c90                EMAC_Handler
                0x00083c90                BusFault_Handler
                0x00083c90                RSTC_Handler
                0x00083c90                SPI0_Handler
 .text.SysTick_Handler
                0x00083c92       0x16 C:/Users/Juraj/Workspace/Eclipse_C++_Arduino/Quadcopter/Release/arduino.ar(cortex_handlers.c.o)
                0x00083c92                SysTick_Handler
 .text.PendSV_Handler
                0x00083ca8        0x4 C:/Users/Juraj/Workspace/Eclipse_C++_Arduino/Quadcopter/Release/arduino.ar(cortex_handlers.c.o)
                0x00083ca8                PendSV_Handler
 .text.SVC_Handler
                0x00083cac        0x4 C:/Users/Juraj/Workspace/Eclipse_C++_Arduino/Quadcopter/Release/arduino.ar(cortex_handlers.c.o)
                0x00083cac                SVC_Handler
 .text.main     0x00083cb0       0x30 C:/Users/Juraj/Workspace/Eclipse_C++_Arduino/Quadcopter/Release/arduino.ar(main.cpp.o)
                0x00083cb0                main
 .text._Z16USBD_InitControli
                0x00083ce0       0x14 C:/Users/Juraj/Workspace/Eclipse_C++_Arduino/Quadcopter/Release/arduino.ar(USBCore.cpp.o)
                0x00083ce0                USBD_InitControl(int)
 .text._ZL11USB_SendZlpv
                0x00083cf4       0x24 C:/Users/Juraj/Workspace/Eclipse_C++_Arduino/Quadcopter/Release/arduino.ar(USBCore.cpp.o)
 .text._ZN10USBDevice_6attachEv
                0x00083d18       0x20 C:/Users/Juraj/Workspace/Eclipse_C++_Arduino/Quadcopter/Release/arduino.ar(USBCore.cpp.o)
                0x00083d18                USBDevice_::attach()
 .text._ZN10USBDevice_C1Ev
                0x00083d38       0x24 C:/Users/Juraj/Workspace/Eclipse_C++_Arduino/Quadcopter/Release/arduino.ar(USBCore.cpp.o)
                0x00083d38                USBDevice_::USBDevice_()
 .text._Z14USBD_Availablem
                0x00083d5c       0x2c C:/Users/Juraj/Workspace/Eclipse_C++_Arduino/Quadcopter/Release/arduino.ar(USBCore.cpp.o)
                0x00083d5c                USBD_Available(unsigned long)
 .text._Z10USBD_Flushm
                0x00083d88       0x16 C:/Users/Juraj/Workspace/Eclipse_C++_Arduino/Quadcopter/Release/arduino.ar(USBCore.cpp.o)
                0x00083d88                USBD_Flush(unsigned long)
 .text._Z24USBD_SendOtherInterfacesv
                0x00083d9e       0x1c C:/Users/Juraj/Workspace/Eclipse_C++_Arduino/Quadcopter/Release/arduino.ar(USBCore.cpp.o)
                0x00083d9e                USBD_SendOtherInterfaces()
 .text._Z19USBD_SendInterfacesv
                0x00083dba       0x1c C:/Users/Juraj/Workspace/Eclipse_C++_Arduino/Quadcopter/Release/arduino.ar(USBCore.cpp.o)
                0x00083dba                USBD_SendInterfaces()
 .text._Z26USBD_ClassInterfaceRequestR5Setup
                0x00083dd6       0x14 C:/Users/Juraj/Workspace/Eclipse_C++_Arduino/Quadcopter/Release/arduino.ar(USBCore.cpp.o)
                0x00083dd6                USBD_ClassInterfaceRequest(Setup&)
 .text._Z16USBD_RecvControlPvm
                0x00083dea       0x1c C:/Users/Juraj/Workspace/Eclipse_C++_Arduino/Quadcopter/Release/arduino.ar(USBCore.cpp.o)
                0x00083dea                USBD_RecvControl(void*, unsigned long)
 *fill*         0x00083e06        0x2 00
 .text._Z16USBD_SendControlhPKvm
                0x00083e08       0x40 C:/Users/Juraj/Workspace/Eclipse_C++_Arduino/Quadcopter/Release/arduino.ar(USBCore.cpp.o)
                0x00083e08                USBD_SendControl(unsigned char, void const*, unsigned long)
 .text._ZL24USB_SendStringDescriptorPKhi
                0x00083e48       0x42 C:/Users/Juraj/Workspace/Eclipse_C++_Arduino/Quadcopter/Release/arduino.ar(USBCore.cpp.o)
 *fill*         0x00083e8a        0x2 00
 .text._ZL7USB_ISRv
                0x00083e8c      0x438 C:/Users/Juraj/Workspace/Eclipse_C++_Arduino/Quadcopter/Release/arduino.ar(USBCore.cpp.o)
 .text._Z9USBD_SendmPKvm
                0x000842c4       0x4c C:/Users/Juraj/Workspace/Eclipse_C++_Arduino/Quadcopter/Release/arduino.ar(USBCore.cpp.o)
                0x000842c4                USBD_Send(unsigned long, void const*, unsigned long)
 .text._Z9USBD_RecvmPvm
                0x00084310       0x7c C:/Users/Juraj/Workspace/Eclipse_C++_Arduino/Quadcopter/Release/arduino.ar(USBCore.cpp.o)
                0x00084310                USBD_Recv(unsigned long, void*, unsigned long)
 .text._Z9USBD_Recvm
                0x0008438c       0x1e C:/Users/Juraj/Workspace/Eclipse_C++_Arduino/Quadcopter/Release/arduino.ar(USBCore.cpp.o)
                0x0008438c                USBD_Recv(unsigned long)
 *fill*         0x000843aa        0x2 00
 .text._GLOBAL__I_TxLEDPulse
                0x000843ac        0xc C:/Users/Juraj/Workspace/Eclipse_C++_Arduino/Quadcopter/Release/arduino.ar(USBCore.cpp.o)
 .text.initiateReset
                0x000843b8        0xc C:/Users/Juraj/Workspace/Eclipse_C++_Arduino/Quadcopter/Release/arduino.ar(Reset.cpp.o)
                0x000843b8                initiateReset
 .text.cancelReset
                0x000843c4       0x10 C:/Users/Juraj/Workspace/Eclipse_C++_Arduino/Quadcopter/Release/arduino.ar(Reset.cpp.o)
                0x000843c4                cancelReset
 .text.tickReset
                0x000843d4       0x20 C:/Users/Juraj/Workspace/Eclipse_C++_Arduino/Quadcopter/Release/arduino.ar(Reset.cpp.o)
                0x000843d4                tickReset
 .text._ZN7Serial_9availableEv
                0x000843f4       0x18 C:/Users/Juraj/Workspace/Eclipse_C++_Arduino/Quadcopter/Release/arduino.ar(CDC.cpp.o)
                0x000843f4                Serial_::available()
 .text._ZN7Serial_4peekEv
                0x0008440c       0x20 C:/Users/Juraj/Workspace/Eclipse_C++_Arduino/Quadcopter/Release/arduino.ar(CDC.cpp.o)
                0x0008440c                Serial_::peek()
 .text._ZN7Serial_5writeEh
                0x0008442c       0x14 C:/Users/Juraj/Workspace/Eclipse_C++_Arduino/Quadcopter/Release/arduino.ar(CDC.cpp.o)
                0x0008442c                Serial_::write(unsigned char)
 .text._ZN7Serial_5writeEPKhj
                0x00084440       0x28 C:/Users/Juraj/Workspace/Eclipse_C++_Arduino/Quadcopter/Release/arduino.ar(CDC.cpp.o)
                0x00084440                Serial_::write(unsigned char const*, unsigned int)
 .text._ZN7Serial_5flushEv
                0x00084468        0x6 C:/Users/Juraj/Workspace/Eclipse_C++_Arduino/Quadcopter/Release/arduino.ar(CDC.cpp.o)
                0x00084468                Serial_::flush()
 *fill*         0x0008446e        0x2 00
 .text._ZN7Serial_4readEv
                0x00084470       0x44 C:/Users/Juraj/Workspace/Eclipse_C++_Arduino/Quadcopter/Release/arduino.ar(CDC.cpp.o)
                0x00084470                Serial_::read()
 .text._ZN7Serial_6acceptEv
                0x000844b4       0x6c C:/Users/Juraj/Workspace/Eclipse_C++_Arduino/Quadcopter/Release/arduino.ar(CDC.cpp.o)
                0x000844b4                Serial_::accept()
 .text._Z21CDC_GetOtherInterfacePh
                0x00084520       0x14 C:/Users/Juraj/Workspace/Eclipse_C++_Arduino/Quadcopter/Release/arduino.ar(CDC.cpp.o)
                0x00084520                CDC_GetOtherInterface(unsigned char*)
 .text._Z16CDC_GetInterfacePh
                0x00084534       0x14 C:/Users/Juraj/Workspace/Eclipse_C++_Arduino/Quadcopter/Release/arduino.ar(CDC.cpp.o)
                0x00084534                CDC_GetInterface(unsigned char*)
 .text._Z9CDC_SetupR5Setup
                0x00084548       0x60 C:/Users/Juraj/Workspace/Eclipse_C++_Arduino/Quadcopter/Release/arduino.ar(CDC.cpp.o)
                0x00084548                CDC_Setup(Setup&)
 .text._GLOBAL__I_cdc_rx_buffer
                0x000845a8       0x1c C:/Users/Juraj/Workspace/Eclipse_C++_Arduino/Quadcopter/Release/arduino.ar(CDC.cpp.o)
 .text._Z9HID_SetupR5Setup
                0x000845c4       0x44 C:/Users/Juraj/Workspace/Eclipse_C++_Arduino/Quadcopter/Release/arduino.ar(HID.cpp.o)
                0x000845c4                HID_Setup(Setup&)
 .text._ZN6Mouse_C1Ev
                0x00084608        0x6 C:/Users/Juraj/Workspace/Eclipse_C++_Arduino/Quadcopter/Release/arduino.ar(HID.cpp.o)
                0x00084608                Mouse_::Mouse_()
 *fill*         0x0008460e        0x2 00
 .text._ZN9Keyboard_C1Ev
                0x00084610       0x10 C:/Users/Juraj/Workspace/Eclipse_C++_Arduino/Quadcopter/Release/arduino.ar(HID.cpp.o)
                0x00084610                Keyboard_::Keyboard_()
 .text._ZN9Keyboard_5writeEh
                0x00084620       0x1c C:/Users/Juraj/Workspace/Eclipse_C++_Arduino/Quadcopter/Release/arduino.ar(HID.cpp.o)
                0x00084620                Keyboard_::write(unsigned char)
 .text._Z14HID_SendReporthPKvm
                0x0008463c       0x2c C:/Users/Juraj/Workspace/Eclipse_C++_Arduino/Quadcopter/Release/arduino.ar(HID.cpp.o)
                0x0008463c                HID_SendReport(unsigned char, void const*, unsigned long)
 .text._ZN9Keyboard_10sendReportEP9KeyReport
                0x00084668        0x8 C:/Users/Juraj/Workspace/Eclipse_C++_Arduino/Quadcopter/Release/arduino.ar(HID.cpp.o)
                0x00084668                Keyboard_::sendReport(KeyReport*)
 .text._ZN9Keyboard_10releaseAllEv
                0x00084670       0x18 C:/Users/Juraj/Workspace/Eclipse_C++_Arduino/Quadcopter/Release/arduino.ar(HID.cpp.o)
                0x00084670                Keyboard_::releaseAll()
 .text._ZN9Keyboard_7releaseEh
                0x00084688       0x74 C:/Users/Juraj/Workspace/Eclipse_C++_Arduino/Quadcopter/Release/arduino.ar(HID.cpp.o)
                0x00084688                Keyboard_::release(unsigned char)
 .text._ZN9Keyboard_5pressEh
                0x000846fc       0x9c C:/Users/Juraj/Workspace/Eclipse_C++_Arduino/Quadcopter/Release/arduino.ar(HID.cpp.o)
                0x000846fc                Keyboard_::press(unsigned char)
 .text._Z17HID_GetDescriptori
                0x00084798       0x10 C:/Users/Juraj/Workspace/Eclipse_C++_Arduino/Quadcopter/Release/arduino.ar(HID.cpp.o)
                0x00084798                HID_GetDescriptor(int)
 .text._Z16HID_GetInterfacePh
                0x000847a8       0x14 C:/Users/Juraj/Workspace/Eclipse_C++_Arduino/Quadcopter/Release/arduino.ar(HID.cpp.o)
                0x000847a8                HID_GetInterface(unsigned char*)
 .text._GLOBAL__I_Mouse
                0x000847bc       0x1c C:/Users/Juraj/Workspace/Eclipse_C++_Arduino/Quadcopter/Release/arduino.ar(HID.cpp.o)
 .text.UDD_SetStack
                0x000847d8        0xc C:/Programs/Arduino/hardware/arduino/sam/variants/arduino_due_x/libsam_sam3x8e_gcc_rel.a(uotghs_device.o)
                0x000847d8                UDD_SetStack
 .text.UDD_Init
                0x000847e4       0xd0 C:/Programs/Arduino/hardware/arduino/sam/variants/arduino_due_x/libsam_sam3x8e_gcc_rel.a(uotghs_device.o)
                0x000847e4                UDD_Init
 .text.UDD_Attach
                0x000848b4       0x4c C:/Programs/Arduino/hardware/arduino/sam/variants/arduino_due_x/libsam_sam3x8e_gcc_rel.a(uotghs_device.o)
                0x000848b4                UDD_Attach
 .text.UDD_InitEP
                0x00084900       0x30 C:/Programs/Arduino/hardware/arduino/sam/variants/arduino_due_x/libsam_sam3x8e_gcc_rel.a(uotghs_device.o)
                0x00084900                UDD_InitEP
 .text.UDD_InitEndpoints
                0x00084930       0x3c C:/Programs/Arduino/hardware/arduino/sam/variants/arduino_due_x/libsam_sam3x8e_gcc_rel.a(uotghs_device.o)
                0x00084930                UDD_InitEndpoints
 .text.UDD_WaitIN
                0x0008496c       0x14 C:/Programs/Arduino/hardware/arduino/sam/variants/arduino_due_x/libsam_sam3x8e_gcc_rel.a(uotghs_device.o)
                0x0008496c                UDD_WaitIN
 .text.UDD_WaitOUT
                0x00084980       0x14 C:/Programs/Arduino/hardware/arduino/sam/variants/arduino_due_x/libsam_sam3x8e_gcc_rel.a(uotghs_device.o)
                0x00084980                UDD_WaitOUT
 .text.UDD_ClearIN
                0x00084994       0x18 C:/Programs/Arduino/hardware/arduino/sam/variants/arduino_due_x/libsam_sam3x8e_gcc_rel.a(uotghs_device.o)
                0x00084994                UDD_ClearIN
 .text.UDD_ClearOUT
                0x000849ac       0x18 C:/Programs/Arduino/hardware/arduino/sam/variants/arduino_due_x/libsam_sam3x8e_gcc_rel.a(uotghs_device.o)
                0x000849ac                UDD_ClearOUT
 .text.UDD_ReceivedSetupInt
                0x000849c4       0x10 C:/Programs/Arduino/hardware/arduino/sam/variants/arduino_due_x/libsam_sam3x8e_gcc_rel.a(uotghs_device.o)
                0x000849c4                UDD_ReceivedSetupInt
 .text.UDD_ClearSetupInt
                0x000849d4       0x10 C:/Programs/Arduino/hardware/arduino/sam/variants/arduino_due_x/libsam_sam3x8e_gcc_rel.a(uotghs_device.o)
                0x000849d4                UDD_ClearSetupInt
 .text.UDD_Send
                0x000849e4       0x90 C:/Programs/Arduino/hardware/arduino/sam/variants/arduino_due_x/libsam_sam3x8e_gcc_rel.a(uotghs_device.o)
                0x000849e4                UDD_Send
 .text.UDD_Send8
                0x00084a74       0x28 C:/Programs/Arduino/hardware/arduino/sam/variants/arduino_due_x/libsam_sam3x8e_gcc_rel.a(uotghs_device.o)
                0x00084a74                UDD_Send8
 .text.UDD_Recv8
                0x00084a9c       0x28 C:/Programs/Arduino/hardware/arduino/sam/variants/arduino_due_x/libsam_sam3x8e_gcc_rel.a(uotghs_device.o)
                0x00084a9c                UDD_Recv8
 .text.UDD_Recv
                0x00084ac4       0x34 C:/Programs/Arduino/hardware/arduino/sam/variants/arduino_due_x/libsam_sam3x8e_gcc_rel.a(uotghs_device.o)
                0x00084ac4                UDD_Recv
 .text.UDD_Stall
                0x00084af8       0x14 C:/Programs/Arduino/hardware/arduino/sam/variants/arduino_due_x/libsam_sam3x8e_gcc_rel.a(uotghs_device.o)
                0x00084af8                UDD_Stall
 .text.UDD_FifoByteCount
                0x00084b0c       0x1c C:/Programs/Arduino/hardware/arduino/sam/variants/arduino_due_x/libsam_sam3x8e_gcc_rel.a(uotghs_device.o)
                0x00084b0c                UDD_FifoByteCount
 .text.UDD_ReleaseRX
                0x00084b28       0x2c C:/Programs/Arduino/hardware/arduino/sam/variants/arduino_due_x/libsam_sam3x8e_gcc_rel.a(uotghs_device.o)
                0x00084b28                UDD_ReleaseRX
 .text.UDD_ReleaseTX
                0x00084b54       0x2c C:/Programs/Arduino/hardware/arduino/sam/variants/arduino_due_x/libsam_sam3x8e_gcc_rel.a(uotghs_device.o)
                0x00084b54                UDD_ReleaseTX
 .text.UDD_SetAddress
                0x00084b80       0x20 C:/Programs/Arduino/hardware/arduino/sam/variants/arduino_due_x/libsam_sam3x8e_gcc_rel.a(uotghs_device.o)
                0x00084b80                UDD_SetAddress
 .text.__aeabi_atexit
                0x00084ba0        0xc c:/programs/arduino/hardware/tools/g++_arm_none_eabi/bin/../lib/gcc/arm-none-eabi/4.4.1/../../../../arm-none-eabi/lib/thumb2\libstdc++.a(atexit_arm.o)
                0x00084ba0                __aeabi_atexit
 .text._GLOBAL__I___cxa_allocate_exception
                0x00084bac        0x4 c:/programs/arduino/hardware/tools/g++_arm_none_eabi/bin/../lib/gcc/arm-none-eabi/4.4.1/../../../../arm-none-eabi/lib/thumb2\libstdc++.a(eh_alloc.o)
 .text          0x00084bb0       0x24 c:/programs/arduino/hardware/tools/g++_arm_none_eabi/bin/../lib/gcc/arm-none-eabi/4.4.1/../../../../arm-none-eabi/lib/thumb2\libm.a(lib_a-s_isinfd.o)
                0x00084bb0                __isinfd
 .text          0x00084bd4       0x1c c:/programs/arduino/hardware/tools/g++_arm_none_eabi/bin/../lib/gcc/arm-none-eabi/4.4.1/../../../../arm-none-eabi/lib/thumb2\libm.a(lib_a-s_isnand.o)
                0x00084bd4                __isnand
 .text          0x00084bf0        0x4 c:/programs/arduino/hardware/tools/g++_arm_none_eabi/bin/../lib/gcc/arm-none-eabi/4.4.1/../../../../arm-none-eabi/lib/thumb2\libm.a(lib_a-w_atan2.o)
                0x00084bf0                atan2
 .text          0x00084bf4       0xac c:/programs/arduino/hardware/tools/g++_arm_none_eabi/bin/../lib/gcc/arm-none-eabi/4.4.1/../../../../arm-none-eabi/lib/thumb2\libm.a(lib_a-w_sqrt.o)
                0x00084bf4                sqrt
 .text          0x00084ca0      0x220 c:/programs/arduino/hardware/tools/g++_arm_none_eabi/bin/../lib/gcc/arm-none-eabi/4.4.1/../../../../arm-none-eabi/lib/thumb2\libm.a(lib_a-e_atan2.o)
                0x00084ca0                __ieee754_atan2
 .text          0x00084ec0      0x1dc c:/programs/arduino/hardware/tools/g++_arm_none_eabi/bin/../lib/gcc/arm-none-eabi/4.4.1/../../../../arm-none-eabi/lib/thumb2\libm.a(lib_a-e_sqrt.o)
                0x00084ec0                __ieee754_sqrt
 *fill*         0x0008509c        0x4 00
 .text          0x000850a0      0x348 c:/programs/arduino/hardware/tools/g++_arm_none_eabi/bin/../lib/gcc/arm-none-eabi/4.4.1/../../../../arm-none-eabi/lib/thumb2\libm.a(lib_a-s_atan.o)
                0x000850a0                atan
 .text          0x000853e8        0x8 c:/programs/arduino/hardware/tools/g++_arm_none_eabi/bin/../lib/gcc/arm-none-eabi/4.4.1/../../../../arm-none-eabi/lib/thumb2\libm.a(lib_a-s_fabs.o)
                0x000853e8                fabs
 .text          0x000853f0        0x4 c:/programs/arduino/hardware/tools/g++_arm_none_eabi/bin/../lib/gcc/arm-none-eabi/4.4.1/../../../../arm-none-eabi/lib/thumb2\libm.a(lib_a-s_matherr.o)
                0x000853f0                matherr
 .text          0x000853f4      0x370 c:/programs/arduino/hardware/tools/g++_arm_none_eabi/bin/../lib/gcc/arm-none-eabi/4.4.1/thumb2\libgcc.a(_arm_addsubdf3.o)
                0x000853f4                __aeabi_drsub
                0x000853fc                __aeabi_dsub
                0x000853fc                __subdf3
                0x00085400                __aeabi_dadd
                0x00085400                __adddf3
                0x00085678                __floatunsidf
                0x00085678                __aeabi_ui2d
                0x00085698                __floatsidf
                0x00085698                __aeabi_i2d
                0x000856bc                __aeabi_f2d
                0x000856bc                __extendsfdf2
                0x000856f8                __floatundidf
                0x000856f8                __aeabi_ul2d
                0x00085708                __floatdidf
                0x00085708                __aeabi_l2d
 .text          0x00085764      0x424 c:/programs/arduino/hardware/tools/g++_arm_none_eabi/bin/../lib/gcc/arm-none-eabi/4.4.1/thumb2\libgcc.a(_arm_muldivdf3.o)
                0x00085764                __aeabi_dmul
                0x00085764                __muldf3
                0x000859b8                __divdf3
                0x000859b8                __aeabi_ddiv
 .text          0x00085b88      0x110 c:/programs/arduino/hardware/tools/g++_arm_none_eabi/bin/../lib/gcc/arm-none-eabi/4.4.1/thumb2\libgcc.a(_arm_cmpdf2.o)
                0x00085b88                __gtdf2
                0x00085b88                __gedf2
                0x00085b90                __ltdf2
                0x00085b90                __ledf2
                0x00085b98                __nedf2
                0x00085b98                __eqdf2
                0x00085b98                __cmpdf2
                0x00085c14                __aeabi_cdrcmple
                0x00085c24                __aeabi_cdcmpeq
                0x00085c24                __aeabi_cdcmple
                0x00085c34                __aeabi_dcmpeq
                0x00085c48                __aeabi_dcmplt
                0x00085c5c                __aeabi_dcmple
                0x00085c70                __aeabi_dcmpge
                0x00085c84                __aeabi_dcmpgt
 .text          0x00085c98       0x50 c:/programs/arduino/hardware/tools/g++_arm_none_eabi/bin/../lib/gcc/arm-none-eabi/4.4.1/thumb2\libgcc.a(_arm_fixdfsi.o)
                0x00085c98                __aeabi_d2iz
                0x00085c98                __fixdfsi
 .text          0x00085ce8       0x40 c:/programs/arduino/hardware/tools/g++_arm_none_eabi/bin/../lib/gcc/arm-none-eabi/4.4.1/thumb2\libgcc.a(_arm_fixunsdfsi.o)
                0x00085ce8                __aeabi_d2uiz
                0x00085ce8                __fixunsdfsi
 .text          0x00085d28       0xa0 c:/programs/arduino/hardware/tools/g++_arm_none_eabi/bin/../lib/gcc/arm-none-eabi/4.4.1/thumb2\libgcc.a(_arm_truncdfsf2.o)
                0x00085d28                __truncdfsf2
                0x00085d28                __aeabi_d2f
 .text          0x00085dc8      0x21c c:/programs/arduino/hardware/tools/g++_arm_none_eabi/bin/../lib/gcc/arm-none-eabi/4.4.1/thumb2\libgcc.a(_arm_addsubsf3.o)
                0x00085dc8                __aeabi_frsub
                0x00085dd0                __subsf3
                0x00085dd0                __aeabi_fsub
                0x00085dd4                __aeabi_fadd
                0x00085dd4                __addsf3
                0x00085f34                __aeabi_ui2f
                0x00085f34                __floatunsisf
                0x00085f3c                __aeabi_i2f
                0x00085f3c                __floatsisf
                0x00085f58                __aeabi_ul2f
                0x00085f58                __floatundisf
                0x00085f68                __aeabi_l2f
                0x00085f68                __floatdisf
 .text          0x00085fe4      0x2a0 c:/programs/arduino/hardware/tools/g++_arm_none_eabi/bin/../lib/gcc/arm-none-eabi/4.4.1/thumb2\libgcc.a(_arm_muldivsf3.o)
                0x00085fe4                __mulsf3
                0x00085fe4                __aeabi_fmul
                0x0008614c                __aeabi_fdiv
                0x0008614c                __divsf3
 .text          0x00086284       0x4c c:/programs/arduino/hardware/tools/g++_arm_none_eabi/bin/../lib/gcc/arm-none-eabi/4.4.1/thumb2\libgcc.a(_arm_fixsfsi.o)
                0x00086284                __aeabi_f2iz
                0x00086284                __fixsfsi
 .text          0x000862d0       0x10 c:/programs/arduino/hardware/tools/g++_arm_none_eabi/bin/../lib/gcc/arm-none-eabi/4.4.1/../../../../arm-none-eabi/lib/thumb2\libc.a(lib_a-abort.o)
                0x000862d0                abort
 .text          0x000862e0       0x54 c:/programs/arduino/hardware/tools/g++_arm_none_eabi/bin/../lib/gcc/arm-none-eabi/4.4.1/../../../../arm-none-eabi/lib/thumb2\libc.a(lib_a-assert.o)
                0x000862e0                __assert_func
                0x00086328                __assert
 .text          0x00086334        0x8 c:/programs/arduino/hardware/tools/g++_arm_none_eabi/bin/../lib/gcc/arm-none-eabi/4.4.1/../../../../arm-none-eabi/lib/thumb2\libc.a(lib_a-atof.o)
                0x00086334                atof
 .text          0x0008633c       0x10 c:/programs/arduino/hardware/tools/g++_arm_none_eabi/bin/../lib/gcc/arm-none-eabi/4.4.1/../../../../arm-none-eabi/lib/thumb2\libc.a(lib_a-cxa_atexit.o)
                0x0008633c                __cxa_atexit
 .text          0x0008634c        0xc c:/programs/arduino/hardware/tools/g++_arm_none_eabi/bin/../lib/gcc/arm-none-eabi/4.4.1/../../../../arm-none-eabi/lib/thumb2\libc.a(lib_a-errno.o)
                0x0008634c                __errno
 .text          0x00086358       0x4c c:/programs/arduino/hardware/tools/g++_arm_none_eabi/bin/../lib/gcc/arm-none-eabi/4.4.1/../../../../arm-none-eabi/lib/thumb2\libc.a(lib_a-fiprintf.o)
                0x00086358                fiprintf
                0x00086384                _fiprintf_r
 .text          0x000863a4      0x334 c:/programs/arduino/hardware/tools/g++_arm_none_eabi/bin/../lib/gcc/arm-none-eabi/4.4.1/../../../../arm-none-eabi/lib/thumb2\libc.a(lib_a-fvwrite.o)
                0x000863a4                __sfvwrite_r
 .text          0x000866d8       0x50 c:/programs/arduino/hardware/tools/g++_arm_none_eabi/bin/../lib/gcc/arm-none-eabi/4.4.1/../../../../arm-none-eabi/lib/thumb2\libc.a(lib_a-init.o)
                0x000866d8                __libc_init_array
 .text          0x00086728       0x64 c:/programs/arduino/hardware/tools/g++_arm_none_eabi/bin/../lib/gcc/arm-none-eabi/4.4.1/../../../../arm-none-eabi/lib/thumb2\libc.a(lib_a-iprintf.o)
                0x00086728                _iprintf_r
                0x00086754                iprintf
 .text          0x0008678c       0x20 c:/programs/arduino/hardware/tools/g++_arm_none_eabi/bin/../lib/gcc/arm-none-eabi/4.4.1/../../../../arm-none-eabi/lib/thumb2\libc.a(lib_a-malloc.o)
                0x0008678c                free
                0x0008679c                malloc
 .text          0x000867ac      0x5a4 c:/programs/arduino/hardware/tools/g++_arm_none_eabi/bin/../lib/gcc/arm-none-eabi/4.4.1/../../../../arm-none-eabi/lib/thumb2\libc.a(lib_a-mallocr.o)
                0x000867ac                _malloc_r
 .text          0x00086d50       0x74 c:/programs/arduino/hardware/tools/g++_arm_none_eabi/bin/../lib/gcc/arm-none-eabi/4.4.1/../../../../arm-none-eabi/lib/thumb2\libc.a(lib_a-memchr.o)
                0x00086d50                memchr
 .text          0x00086dc4       0x64 c:/programs/arduino/hardware/tools/g++_arm_none_eabi/bin/../lib/gcc/arm-none-eabi/4.4.1/../../../../arm-none-eabi/lib/thumb2\libc.a(lib_a-memcmp.o)
                0x00086dc4                memcmp
 .text          0x00086e28      0x190 c:/programs/arduino/hardware/tools/g++_arm_none_eabi/bin/../lib/gcc/arm-none-eabi/4.4.1/../../../../arm-none-eabi/lib/thumb2\libc.a(lib_a-memcpy.o)
                0x00086e28                memcpy
 .text          0x00086fb8       0xb8 c:/programs/arduino/hardware/tools/g++_arm_none_eabi/bin/../lib/gcc/arm-none-eabi/4.4.1/../../../../arm-none-eabi/lib/thumb2\libc.a(lib_a-memmove.o)
                0x00086fb8                memmove
 .text          0x00087070       0xd4 c:/programs/arduino/hardware/tools/g++_arm_none_eabi/bin/../lib/gcc/arm-none-eabi/4.4.1/../../../../arm-none-eabi/lib/thumb2\libc.a(lib_a-memset.o)
                0x00087070                memset
 .text          0x00087144        0x8 c:/programs/arduino/hardware/tools/g++_arm_none_eabi/bin/../lib/gcc/arm-none-eabi/4.4.1/../../../../arm-none-eabi/lib/thumb2\libc.a(lib_a-mlock.o)
                0x00087144                __malloc_lock
                0x00087148                __malloc_unlock
 .text          0x0008714c       0x14 c:/programs/arduino/hardware/tools/g++_arm_none_eabi/bin/../lib/gcc/arm-none-eabi/4.4.1/../../../../arm-none-eabi/lib/thumb2\libc.a(lib_a-realloc.o)
                0x0008714c                realloc
 .text          0x00087160      0x3b4 c:/programs/arduino/hardware/tools/g++_arm_none_eabi/bin/../lib/gcc/arm-none-eabi/4.4.1/../../../../arm-none-eabi/lib/thumb2\libc.a(lib_a-reallocr.o)
                0x00087160                _realloc_r
 .text          0x00087514       0x28 c:/programs/arduino/hardware/tools/g++_arm_none_eabi/bin/../lib/gcc/arm-none-eabi/4.4.1/../../../../arm-none-eabi/lib/thumb2\libc.a(lib_a-sbrkr.o)
                0x00087514                _sbrk_r
 .text          0x0008753c      0x14c c:/programs/arduino/hardware/tools/g++_arm_none_eabi/bin/../lib/gcc/arm-none-eabi/4.4.1/../../../../arm-none-eabi/lib/thumb2\libc.a(lib_a-signal.o)
                0x0008753c                _raise_r
                0x00087594                raise
                0x000875a4                _init_signal_r
                0x000875cc                _init_signal
                0x000875d8                __sigtramp_r
                0x0008762c                __sigtramp
                0x0008763c                _signal_r
                0x00087678                signal
 .text          0x00087688       0x30 c:/programs/arduino/hardware/tools/g++_arm_none_eabi/bin/../lib/gcc/arm-none-eabi/4.4.1/../../../../arm-none-eabi/lib/thumb2\libc.a(lib_a-signalr.o)
                0x00087688                _getpid_r
                0x0008768c                _kill_r
 .text          0x000876b8       0x94 c:/programs/arduino/hardware/tools/g++_arm_none_eabi/bin/../lib/gcc/arm-none-eabi/4.4.1/../../../../arm-none-eabi/lib/thumb2\libc.a(lib_a-sprintf.o)
                0x000876b8                sprintf
                0x00087708                _sprintf_r
 .text          0x0008774c      0x1dc c:/programs/arduino/hardware/tools/g++_arm_none_eabi/bin/../lib/gcc/arm-none-eabi/4.4.1/../../../../arm-none-eabi/lib/thumb2\libc.a(lib_a-strcmp.o)
                0x0008774c                strcmp
 .text          0x00087928       0xbc c:/programs/arduino/hardware/tools/g++_arm_none_eabi/bin/../lib/gcc/arm-none-eabi/4.4.1/../../../../arm-none-eabi/lib/thumb2\libc.a(lib_a-strcpy.o)
                0x00087928                strcpy
 .text          0x000879e4       0x60 c:/programs/arduino/hardware/tools/g++_arm_none_eabi/bin/../lib/gcc/arm-none-eabi/4.4.1/../../../../arm-none-eabi/lib/thumb2\libc.a(lib_a-strlen.o)
                0x000879e4                strlen
 *fill*         0x00087a44        0x4 00
 .text          0x00087a48     0x1010 c:/programs/arduino/hardware/tools/g++_arm_none_eabi/bin/../lib/gcc/arm-none-eabi/4.4.1/../../../../arm-none-eabi/lib/thumb2\libc.a(lib_a-strtod.o)
                0x00087a48                _strtod_r
                0x000889b8                strtof
                0x00088a44                strtod
 .text          0x00088a58     0x15a8 c:/programs/arduino/hardware/tools/g++_arm_none_eabi/bin/../lib/gcc/arm-none-eabi/4.4.1/../../../../arm-none-eabi/lib/thumb2\libc.a(lib_a-svfprintf.o)
                0x00088b74                _svfprintf_r
 .text          0x0008a000      0xd38 c:/programs/arduino/hardware/tools/g++_arm_none_eabi/bin/../lib/gcc/arm-none-eabi/4.4.1/../../../../arm-none-eabi/lib/thumb2\libc.a(lib_a-vfiprintf.o)
                0x0008a01c                _vfiprintf_r
                0x0008ad1c                vfiprintf
 .text          0x0008ad38      0x104 c:/programs/arduino/hardware/tools/g++_arm_none_eabi/bin/../lib/gcc/arm-none-eabi/4.4.1/../../../../arm-none-eabi/lib/thumb2\libc.a(lib_a-wsetup.o)
                0x0008ad38                __swsetup_r
 .text          0x0008ae3c       0xe8 c:/programs/arduino/hardware/tools/g++_arm_none_eabi/bin/../lib/gcc/arm-none-eabi/4.4.1/../../../../arm-none-eabi/lib/thumb2\libc.a(lib_a-__atexit.o)
                0x0008ae3c                __register_exitproc
 *fill*         0x0008af24        0x4 00
 .text          0x0008af28      0xfb8 c:/programs/arduino/hardware/tools/g++_arm_none_eabi/bin/../lib/gcc/arm-none-eabi/4.4.1/../../../../arm-none-eabi/lib/thumb2\libc.a(lib_a-dtoa.o)
                0x0008b048                _dtoa_r
 .text          0x0008bee0      0x178 c:/programs/arduino/hardware/tools/g++_arm_none_eabi/bin/../lib/gcc/arm-none-eabi/4.4.1/../../../../arm-none-eabi/lib/thumb2\libc.a(lib_a-fflush.o)
                0x0008bee0                _fflush_r
                0x0008c030                fflush
 .text          0x0008c058      0x1c8 c:/programs/arduino/hardware/tools/g++_arm_none_eabi/bin/../lib/gcc/arm-none-eabi/4.4.1/../../../../arm-none-eabi/lib/thumb2\libc.a(lib_a-findfp.o)
                0x0008c058                __sfp_lock_acquire
                0x0008c05c                __sfp_lock_release
                0x0008c060                __sinit_lock_acquire
                0x0008c064                __sinit_lock_release
                0x0008c070                __fp_unlock_all
                0x0008c088                __fp_lock_all
                0x0008c0a0                _cleanup_r
                0x0008c0ac                _cleanup
                0x0008c108                __sfmoreglue
                0x0008c138                __sfp
                0x0008c1c0                __sinit
 .text          0x0008c220      0x268 c:/programs/arduino/hardware/tools/g++_arm_none_eabi/bin/../lib/gcc/arm-none-eabi/4.4.1/../../../../arm-none-eabi/lib/thumb2\libc.a(lib_a-freer.o)
                0x0008c220                _malloc_trim_r
                0x0008c2c8                _free_r
 .text          0x0008c488       0xa0 c:/programs/arduino/hardware/tools/g++_arm_none_eabi/bin/../lib/gcc/arm-none-eabi/4.4.1/../../../../arm-none-eabi/lib/thumb2\libc.a(lib_a-fwalk.o)
                0x0008c488                _fwalk_reent
                0x0008c4dc                _fwalk
 .text          0x0008c528      0x5a8 c:/programs/arduino/hardware/tools/g++_arm_none_eabi/bin/../lib/gcc/arm-none-eabi/4.4.1/../../../../arm-none-eabi/lib/thumb2\libc.a(lib_a-gdtoa-gethex.o)
                0x0008c528                __hexdig_init
                0x0008c614                __gethex
 .text          0x0008cad0      0x1bc c:/programs/arduino/hardware/tools/g++_arm_none_eabi/bin/../lib/gcc/arm-none-eabi/4.4.1/../../../../arm-none-eabi/lib/thumb2\libc.a(lib_a-gdtoa-hexnan.o)
                0x0008cad0                __hexnan
 .text          0x0008cc8c       0x74 c:/programs/arduino/hardware/tools/g++_arm_none_eabi/bin/../lib/gcc/arm-none-eabi/4.4.1/../../../../arm-none-eabi/lib/thumb2\libc.a(lib_a-locale.o)
                0x0008cc8c                __locale_charset
                0x0008cc98                _localeconv_r
                0x0008cca0                localeconv
                0x0008cca8                _setlocale_r
                0x0008ccf0                setlocale
 .text          0x0008cd00       0xdc c:/programs/arduino/hardware/tools/g++_arm_none_eabi/bin/../lib/gcc/arm-none-eabi/4.4.1/../../../../arm-none-eabi/lib/thumb2\libc.a(lib_a-makebuf.o)
                0x0008cd00                __smakebuf_r
 .text          0x0008cddc      0x958 c:/programs/arduino/hardware/tools/g++_arm_none_eabi/bin/../lib/gcc/arm-none-eabi/4.4.1/../../../../arm-none-eabi/lib/thumb2\libc.a(lib_a-mprec.o)
                0x0008cddc                __hi0bits
                0x0008ce1c                __lo0bits
                0x0008ce80                __mcmp
                0x0008cec0                __ulp
                0x0008cf0c                __b2d
                0x0008cfb4                __ratio
                0x0008d014                _mprec_log10
                0x0008d04c                __copybits
                0x0008d09c                __any_on
                0x0008d0f4                _Bfree
                0x0008d12c                _Balloc
                0x0008d198                __d2b
                0x0008d268                __mdiff
                0x0008d360                __lshift
                0x0008d41c                __multiply
                0x0008d550                __i2b
                0x0008d564                __multadd
                0x0008d5ec                __pow5mult
                0x0008d698                __s2b
 .text          0x0008d734       0x90 c:/programs/arduino/hardware/tools/g++_arm_none_eabi/bin/../lib/gcc/arm-none-eabi/4.4.1/../../../../arm-none-eabi/lib/thumb2\libc.a(lib_a-stdio.o)
                0x0008d734                __sclose
                0x0008d73c                __sseek
                0x0008d764                __swrite
                0x0008d7a0                __sread
 .text          0x0008d7c4       0x2c c:/programs/arduino/hardware/tools/g++_arm_none_eabi/bin/../lib/gcc/arm-none-eabi/4.4.1/../../../../arm-none-eabi/lib/thumb2\libc.a(lib_a-writer.o)
                0x0008d7c4                _write_r
 .text          0x0008d7f0       0x5c c:/programs/arduino/hardware/tools/g++_arm_none_eabi/bin/../lib/gcc/arm-none-eabi/4.4.1/../../../../arm-none-eabi/lib/thumb2\libc.a(lib_a-callocr.o)
                0x0008d7f0                _calloc_r
 .text          0x0008d84c       0x28 c:/programs/arduino/hardware/tools/g++_arm_none_eabi/bin/../lib/gcc/arm-none-eabi/4.4.1/../../../../arm-none-eabi/lib/thumb2\libc.a(lib_a-closer.o)
                0x0008d84c                _close_r
 .text          0x0008d874       0xcc c:/programs/arduino/hardware/tools/g++_arm_none_eabi/bin/../lib/gcc/arm-none-eabi/4.4.1/../../../../arm-none-eabi/lib/thumb2\libc.a(lib_a-fclose.o)
                0x0008d874                _fclose_r
                0x0008d930                fclose
 .text          0x0008d940       0x2c c:/programs/arduino/hardware/tools/g++_arm_none_eabi/bin/../lib/gcc/arm-none-eabi/4.4.1/../../../../arm-none-eabi/lib/thumb2\libc.a(lib_a-fstatr.o)
                0x0008d940                _fstat_r
 .text          0x0008d96c       0x28 c:/programs/arduino/hardware/tools/g++_arm_none_eabi/bin/../lib/gcc/arm-none-eabi/4.4.1/../../../../arm-none-eabi/lib/thumb2\libc.a(lib_a-isattyr.o)
                0x0008d96c                _isatty_r
 .text          0x0008d994       0x2c c:/programs/arduino/hardware/tools/g++_arm_none_eabi/bin/../lib/gcc/arm-none-eabi/4.4.1/../../../../arm-none-eabi/lib/thumb2\libc.a(lib_a-lseekr.o)
                0x0008d994                _lseek_r
 .text          0x0008d9c0       0x2c c:/programs/arduino/hardware/tools/g++_arm_none_eabi/bin/../lib/gcc/arm-none-eabi/4.4.1/../../../../arm-none-eabi/lib/thumb2\libc.a(lib_a-readr.o)
                0x0008d9c0                _read_r
 *fill*         0x0008d9ec        0x4 00
 .text          0x0008d9f0      0x278 c:/programs/arduino/hardware/tools/g++_arm_none_eabi/bin/../lib/gcc/arm-none-eabi/4.4.1/thumb2\libgcc.a(_udivsi3.o)
                0x0008d9f0                __aeabi_uidiv
                0x0008d9f0                __udivsi3
                0x0008dc4c                __aeabi_uidivmod
 .text          0x0008dc68        0x4 c:/programs/arduino/hardware/tools/g++_arm_none_eabi/bin/../lib/gcc/arm-none-eabi/4.4.1/thumb2\libgcc.a(_dvmd_tls.o)
                0x0008dc68                __aeabi_idiv0
                0x0008dc68                __aeabi_ldiv0
 .text          0x0008dc6c       0xec c:/programs/arduino/hardware/tools/g++_arm_none_eabi/bin/../lib/gcc/arm-none-eabi/4.4.1/thumb2\libgcc.a(_arm_cmpsf2.o)
                0x0008dc6c                __gesf2
                0x0008dc6c                __gtsf2
                0x0008dc74                __lesf2
                0x0008dc74                __ltsf2
                0x0008dc7c                __nesf2
                0x0008dc7c                __eqsf2
                0x0008dc7c                __cmpsf2
                0x0008dcdc                __aeabi_cfrcmple
                0x0008dce4                __aeabi_cfcmpeq
                0x0008dce4                __aeabi_cfcmple
                0x0008dcf4                __aeabi_fcmpeq
                0x0008dd08                __aeabi_fcmplt
                0x0008dd1c                __aeabi_fcmple
                0x0008dd30                __aeabi_fcmpge
                0x0008dd44                __aeabi_fcmpgt
 .text          0x0008dd58       0x2c c:/programs/arduino/hardware/tools/g++_arm_none_eabi/bin/../lib/gcc/arm-none-eabi/4.4.1/thumb2\libgcc.a(_aeabi_uldivmod.o)
                0x0008dd58                __aeabi_uldivmod
 .text          0x0008dd84       0x58 c:/programs/arduino/hardware/tools/g++_arm_none_eabi/bin/../lib/gcc/arm-none-eabi/4.4.1/thumb2\libgcc.a(bpabi.o)
                0x0008dd84                __gnu_uldivmod_helper
                0x0008ddb0                __gnu_ldivmod_helper
 .text          0x0008dddc      0x364 c:/programs/arduino/hardware/tools/g++_arm_none_eabi/bin/../lib/gcc/arm-none-eabi/4.4.1/thumb2\libgcc.a(_divdi3.o)
                0x0008dddc                __divdi3
 .text          0x0008e140      0x300 c:/programs/arduino/hardware/tools/g++_arm_none_eabi/bin/../lib/gcc/arm-none-eabi/4.4.1/thumb2\libgcc.a(_udivdi3.o)
                0x0008e140                __udivdi3
 *(.glue_7t)
 .glue_7t       0x00000000        0x0 linker stubs
 *(.glue_7)
 .glue_7        0x00000000        0x0 linker stubs
 *(.rodata .rodata* .gnu.linkonce.r.*)
 .rodata.str1.1
                0x0008e440       0x19 C:/Users/Juraj/Workspace/Eclipse_C++_Arduino/Quadcopter/Release/arduino/syscalls_sam3.c.o
 .rodata.str1.1
                0x0008e459       0x5f ./ArduinoCommunication.cpp.o
                                 0x62 (size before relaxing)
 .rodata.str1.1
                0x0008e4b8       0xd7 ./IMU.cpp.o
                                 0xd9 (size before relaxing)
 *fill*         0x0008e58f        0x1 00
 .rodata._ZL9dmpConfig
                0x0008e590       0xc0 ./MPU6050_6Axis_MotionApps20.cpp.o
 .rodata._ZL10dmpUpdates
                0x0008e650       0x30 ./MPU6050_6Axis_MotionApps20.cpp.o
 .rodata._ZL9dmpMemory
                0x0008e680      0x78c ./MPU6050_6Axis_MotionApps20.cpp.o
 .rodata.str1.1
                0x0008ee0c      0x134 ./Quadcopter.cpp.o
                                0x13a (size before relaxing)
 .rodata._ZTV7TwoWire
                0x0008ef40       0x20 ./Wire.cpp.o
                0x0008ef40                vtable for TwoWire
 .rodata.g_APinDescription
                0x0008ef60      0xa2c C:/Users/Juraj/Workspace/Eclipse_C++_Arduino/Quadcopter/Release/arduino.ar(variant.cpp.o)
                0x0008ef60                g_APinDescription
 *fill*         0x0008f98c        0x4 00
 .rodata._ZTV9UARTClass
                0x0008f990       0x30 C:/Users/Juraj/Workspace/Eclipse_C++_Arduino/Quadcopter/Release/arduino.ar(UARTClass.cpp.o)
                0x0008f990                vtable for UARTClass
 .rodata._ZTV10USARTClass
                0x0008f9c0       0x30 C:/Users/Juraj/Workspace/Eclipse_C++_Arduino/Quadcopter/Release/arduino.ar(USARTClass.cpp.o)
                0x0008f9c0                vtable for USARTClass
 .rodata.str1.1
                0x0008f9f0        0x9 C:/Users/Juraj/Workspace/Eclipse_C++_Arduino/Quadcopter/Release/arduino.ar(dtostrf.c.o)
 .rodata.str1.1
                0x0008f9f9       0x54 C:/Programs/Arduino/hardware/arduino/sam/variants/arduino_due_x/libsam_sam3x8e_gcc_rel.a(tc.o)
 .rodata.__func__.6630
                0x0008fa4d        0xd C:/Programs/Arduino/hardware/arduino/sam/variants/arduino_due_x/libsam_sam3x8e_gcc_rel.a(tc.o)
 .rodata.__func__.6636
                0x0008fa5a        0x9 C:/Programs/Arduino/hardware/arduino/sam/variants/arduino_due_x/libsam_sam3x8e_gcc_rel.a(tc.o)
 .rodata.__func__.7038
                0x0008fa63        0xe C:/Programs/Arduino/hardware/arduino/sam/variants/arduino_due_x/libsam_sam3x8e_gcc_rel.a(twi.o)
 .rodata.__func__.7046