Archive member included because of file (symbol)

C:/Users/Juraj/Workspace/Programming/Eclipse_C++_Arduino/Quadcopter/Release/arduino.ar(variant.cpp.o)
                              ./lib/I2C/Wire.cpp.o (g_APinDescription)
C:/Users/Juraj/Workspace/Programming/Eclipse_C++_Arduino/Quadcopter/Release/arduino.ar(Print.cpp.o)
                              ./Quadcopter.cpp.o (Print::write(unsigned char const*, unsigned int))
C:/Users/Juraj/Workspace/Programming/Eclipse_C++_Arduino/Quadcopter/Release/arduino.ar(RingBuffer.cpp.o)
                              C:/Users/Juraj/Workspace/Programming/Eclipse_C++_Arduino/Quadcopter/Release/arduino.ar(variant.cpp.o) (RingBuffer::RingBuffer())
C:/Users/Juraj/Workspace/Programming/Eclipse_C++_Arduino/Quadcopter/Release/arduino.ar(UARTClass.cpp.o)
                              C:/Users/Juraj/Workspace/Programming/Eclipse_C++_Arduino/Quadcopter/Release/arduino.ar(variant.cpp.o) (UARTClass::UARTClass(Uart*, IRQn, unsigned long, RingBuffer*))
C:/Users/Juraj/Workspace/Programming/Eclipse_C++_Arduino/Quadcopter/Release/arduino.ar(USARTClass.cpp.o)
                              C:/Users/Juraj/Workspace/Programming/Eclipse_C++_Arduino/Quadcopter/Release/arduino.ar(variant.cpp.o) (USARTClass::USARTClass(Usart*, IRQn, unsigned long, RingBuffer*))
C:/Users/Juraj/Workspace/Programming/Eclipse_C++_Arduino/Quadcopter/Release/arduino.ar(WMath.cpp.o)
                              ./Quadcopter.cpp.o (map(long, long, long, long, long))
C:/Users/Juraj/Workspace/Programming/Eclipse_C++_Arduino/Quadcopter/Release/arduino.ar(WString.cpp.o)
                              ./Quadcopter.cpp.o (String::String(char const*))
C:/Users/Juraj/Workspace/Programming/Eclipse_C++_Arduino/Quadcopter/Release/arduino.ar(cxxabi-compat.cpp.o)
                              ./lib/I2C/Wire.cpp.o (__cxa_pure_virtual)
C:/Users/Juraj/Workspace/Programming/Eclipse_C++_Arduino/Quadcopter/Release/arduino.ar(itoa.c.o)
                              C:/Users/Juraj/Workspace/Programming/Eclipse_C++_Arduino/Quadcopter/Release/arduino.ar(WString.cpp.o) (ltoa)
C:/Users/Juraj/Workspace/Programming/Eclipse_C++_Arduino/Quadcopter/Release/arduino.ar(wiring.c.o)
                              ./Quadcopter.cpp.o (millis)
C:/Users/Juraj/Workspace/Programming/Eclipse_C++_Arduino/Quadcopter/Release/arduino.ar(wiring_analog.c.o)
                              C:/Users/Juraj/Workspace/Programming/Eclipse_C++_Arduino/Quadcopter/Release/arduino.ar(variant.cpp.o) (analogOutputInit)
C:/Users/Juraj/Workspace/Programming/Eclipse_C++_Arduino/Quadcopter/Release/arduino.ar(wiring_digital.c.o)
                              ./Quadcopter.cpp.o (digitalWrite)
C:/Users/Juraj/Workspace/Programming/Eclipse_C++_Arduino/Quadcopter/Release/arduino.ar(dtostrf.c.o)
                              C:/Users/Juraj/Workspace/Programming/Eclipse_C++_Arduino/Quadcopter/Release/arduino.ar(WString.cpp.o) (dtostrf)
C:/Users/Juraj/Workspace/Programming/Eclipse_C++_Arduino/Quadcopter/Release/arduino.ar(hooks.c.o)
                              C:/Users/Juraj/Workspace/Programming/Eclipse_C++_Arduino/Quadcopter/Release/arduino.ar(wiring.c.o) (yield)
C:/Programs/Arduino/hardware/arduino/sam/variants/arduino_due_x/libsam_sam3x8e_gcc_rel.a(pio.o)
                              C:/Users/Juraj/Workspace/Programming/Eclipse_C++_Arduino/Quadcopter/Release/arduino.ar(wiring_digital.c.o) (PIO_PullUp)
C:/Programs/Arduino/hardware/arduino/sam/variants/arduino_due_x/libsam_sam3x8e_gcc_rel.a(pmc.o)
                              ./lib/MotorESC/Servo.cpp.o (pmc_enable_periph_clk)
C:/Programs/Arduino/hardware/arduino/sam/variants/arduino_due_x/libsam_sam3x8e_gcc_rel.a(pwmc.o)
                              C:/Users/Juraj/Workspace/Programming/Eclipse_C++_Arduino/Quadcopter/Release/arduino.ar(wiring_analog.c.o) (PWMC_ConfigureChannel)
C:/Programs/Arduino/hardware/arduino/sam/variants/arduino_due_x/libsam_sam3x8e_gcc_rel.a(tc.o)
                              ./lib/MotorESC/Servo.cpp.o (TC_Configure)
C:/Programs/Arduino/hardware/arduino/sam/variants/arduino_due_x/libsam_sam3x8e_gcc_rel.a(timetick.o)
                              C:/Users/Juraj/Workspace/Programming/Eclipse_C++_Arduino/Quadcopter/Release/arduino.ar(wiring.c.o) (GetTickCount)
C:/Programs/Arduino/hardware/arduino/sam/variants/arduino_due_x/libsam_sam3x8e_gcc_rel.a(twi.o)
                              ./lib/I2C/Wire.cpp.o (TWI_ConfigureMaster)
C:/Programs/Arduino/hardware/arduino/sam/variants/arduino_due_x/libsam_sam3x8e_gcc_rel.a(wdt.o)
                              C:/Users/Juraj/Workspace/Programming/Eclipse_C++_Arduino/Quadcopter/Release/arduino.ar(variant.cpp.o) (WDT_Disable)
C:/Programs/Arduino/hardware/arduino/sam/variants/arduino_due_x/libsam_sam3x8e_gcc_rel.a(system_sam3xa.o)
                              C:/Users/Juraj/Workspace/Programming/Eclipse_C++_Arduino/Quadcopter/Release/arduino.ar(variant.cpp.o) (SystemInit)
C:/Programs/Arduino/hardware/arduino/sam/variants/arduino_due_x/libsam_sam3x8e_gcc_rel.a(startup_sam3xa.o)
[...]
Memory Configuration

Name             Origin             Length             Attributes
rom              0x00080000         0x00080000         xr
sram0            0x20000000         0x00010000         xrw
sram1            0x20080000         0x00008000         xrw
ram              0x20070000         0x00018000         xrw
*default*        0x00000000         0xffffffff

Linker script and memory map

LOAD c:/programs/arduino/hardware/tools/g++_arm_none_eabi/bin/../lib/gcc/arm-none-eabi/4.4.1/thumb2/crti.o
LOAD c:/programs/arduino/hardware/tools/g++_arm_none_eabi/bin/../lib/gcc/arm-none-eabi/4.4.1/thumb2/crtbegin.o
LOAD c:/programs/arduino/hardware/tools/g++_arm_none_eabi/bin/../lib/gcc/arm-none-eabi/4.4.1/thumb2\libgcc.a
START GROUP
LOAD C:/Users/Juraj/Workspace/Programming/Eclipse_C++_Arduino/Quadcopter/Release/arduino/syscalls_sam3.c.o
LOAD ./.ino.cpp.o
LOAD ./Quadcopter.cpp.o
LOAD ./lib/ThreadControll/ThreadController.cpp.o
LOAD ./lib/PID/PID.cpp.o
LOAD ./lib/MotorESC/Servo.cpp.o
LOAD ./lib/IMU/MPU6050.cpp.o
LOAD ./lib/IMU/MPU6050_6Axis_MotionApps20.cpp.o
LOAD ./lib/I2C/I2Cdev.cpp.o
LOAD ./lib/I2C/Wire.cpp.o
LOAD C:/Users/Juraj/Workspace/Programming/Eclipse_C++_Arduino/Quadcopter/Release/arduino.ar
LOAD C:/Programs/Arduino/hardware/arduino/sam/variants/arduino_due_x/libsam_sam3x8e_gcc_rel.a
LOAD C:/Users/Juraj/Workspace/Programming/Eclipse_C++_Arduino/Quadcopter/Release/arduino.ar
END GROUP
LOAD c:/programs/arduino/hardware/tools/g++_arm_none_eabi/bin/../lib/gcc/arm-none-eabi/4.4.1/../../../../arm-none-eabi/lib/thumb2\libstdc++.a
LOAD c:/programs/arduino/hardware/tools/g++_arm_none_eabi/bin/../lib/gcc/arm-none-eabi/4.4.1/../../../../arm-none-eabi/lib/thumb2\libm.a
START GROUP
LOAD c:/programs/arduino/hardware/tools/g++_arm_none_eabi/bin/../lib/gcc/arm-none-eabi/4.4.1/thumb2\libgcc.a
LOAD c:/programs/arduino/hardware/tools/g++_arm_none_eabi/bin/../lib/gcc/arm-none-eabi/4.4.1/../../../../arm-none-eabi/lib/thumb2\libc.a
END GROUP
LOAD c:/programs/arduino/hardware/tools/g++_arm_none_eabi/bin/../lib/gcc/arm-none-eabi/4.4.1/thumb2/crtend.o
LOAD c:/programs/arduino/hardware/tools/g++_arm_none_eabi/bin/../lib/gcc/arm-none-eabi/4.4.1/thumb2/crtn.o

.text           0x00080000     0xb940
                0x00080000                . = ALIGN (0x4)
                0x00080000                _sfixed = .
 *(.vectors .vectors.*)
 .vectors       0x00080000       0xf4 C:/Programs/Arduino/hardware/arduino/sam/variants/arduino_due_x/libsam_sam3x8e_gcc_rel.a(startup_sam3xa.o)
                0x00080000                exception_table
 *(.text .text.* .gnu.linkonce.t.*)
 .text          0x000800f4       0x30 c:/programs/arduino/hardware/tools/g++_arm_none_eabi/bin/../lib/gcc/arm-none-eabi/4.4.1/thumb2/crtbegin.o
 .text._sbrk    0x00080124       0x20 C:/Users/Juraj/Workspace/Programming/Eclipse_C++_Arduino/Quadcopter/Release/arduino/syscalls_sam3.c.o
                0x00080124                _sbrk
 .text._close   0x00080144        0x6 C:/Users/Juraj/Workspace/Programming/Eclipse_C++_Arduino/Quadcopter/Release/arduino/syscalls_sam3.c.o
                0x00080144                _close
 .text._fstat   0x0008014a        0xa C:/Users/Juraj/Workspace/Programming/Eclipse_C++_Arduino/Quadcopter/Release/arduino/syscalls_sam3.c.o
                0x0008014a                _fstat
 .text._isatty  0x00080154        0x4 C:/Users/Juraj/Workspace/Programming/Eclipse_C++_Arduino/Quadcopter/Release/arduino/syscalls_sam3.c.o
                0x00080154                _isatty
 .text._lseek   0x00080158        0x4 C:/Users/Juraj/Workspace/Programming/Eclipse_C++_Arduino/Quadcopter/Release/arduino/syscalls_sam3.c.o
                0x00080158                _lseek
 .text._read    0x0008015c        0x4 C:/Users/Juraj/Workspace/Programming/Eclipse_C++_Arduino/Quadcopter/Release/arduino/syscalls_sam3.c.o
                0x0008015c                _read
 .text._write   0x00080160       0x20 C:/Users/Juraj/Workspace/Programming/Eclipse_C++_Arduino/Quadcopter/Release/arduino/syscalls_sam3.c.o
                0x00080160                _write
 .text._kill    0x00080180        0x2 C:/Users/Juraj/Workspace/Programming/Eclipse_C++_Arduino/Quadcopter/Release/arduino/syscalls_sam3.c.o
                0x00080180                _kill
 .text._getpid  0x00080182        0x6 C:/Users/Juraj/Workspace/Programming/Eclipse_C++_Arduino/Quadcopter/Release/arduino/syscalls_sam3.c.o
                0x00080182                _getpid
 .text._exit    0x00080188       0x10 C:/Users/Juraj/Workspace/Programming/Eclipse_C++_Arduino/Quadcopter/Release/arduino/syscalls_sam3.c.o
                0x00080188                _exit
 .text.mavlink_finalize_message
                0x00080198       0xbc ./Quadcopter.cpp.o
 .text._ZN9Mav_Param17cast_to_float_mavE8var_type
                0x00080254       0x34 ./Quadcopter.cpp.o
                0x00080254                Mav_Param::cast_to_float_mav(var_type)
 .text._ZN9Mav_Param9set_valueEfP8var_type
                0x00080288       0x36 ./Quadcopter.cpp.o
                0x00080288                Mav_Param::set_value(float, var_type*)
 *fill*         0x000802be        0x2 00
 .text._ZN9Mav_Param12get_param_idEhP8var_type
                0x000802c0       0x14 ./Quadcopter.cpp.o
                0x000802c0                Mav_Param::get_param_id(unsigned char, var_type*)
 .text._ZN9Mav_Param18get_param_id_valueEhP8var_type
                0x000802d4       0x12 ./Quadcopter.cpp.o
                0x000802d4                Mav_Param::get_param_id_value(unsigned char, var_type*)
 *fill*         0x000802e6        0x2 00
 .text._ZN9Mav_Param9cout_varsEv
                0x000802e8       0x2c ./Quadcopter.cpp.o
                0x000802e8                Mav_Param::cout_vars()
 .text._Z4ahojv
                0x00080314        0x2 ./Quadcopter.cpp.o
                0x00080314                ahoj()
 *fill*         0x00080316        0x2 00
 .text._ZN6ThreadC1EPFvvEth
                0x00080318       0x24 ./Quadcopter.cpp.o
                0x00080318                Thread::Thread(void (*)(), unsigned short, unsigned char)
 *fill*         0x0008033c        0x4 00
 .text._ZN8MotorESCC1Ei
                0x00080340       0x50 ./Quadcopter.cpp.o
                0x00080340                MotorESC::MotorESC(int)
 .text._ZN8MotorESCD1Ev
                0x00080390        0xe ./Quadcopter.cpp.o
                0x00080390                MotorESC::~MotorESC()
 .text._ZN6ThreadD1Ev
                0x0008039e        0xe ./Quadcopter.cpp.o
                0x0008039e                Thread::~Thread()
 .text._ZN8MotorESC13setMotorSpeedEd
                0x000803ac       0xf0 ./Quadcopter.cpp.o
                0x000803ac                MotorESC::setMotorSpeed(double)
 *fill*         0x0008049c        0x4 00
 .text._Z14setMotorsSpeedv
                0x000804a0       0xd8 ./Quadcopter.cpp.o
                0x000804a0                setMotorsSpeed()
 .text._ZN8MotorESC19initializeMinSignalEv
                0x00080578        0xa ./Quadcopter.cpp.o
                0x00080578                MotorESC::initializeMinSignal()
 *fill*         0x00080582        0x2 00
 .text._ZN8MotorESC9calibrateEv
                0x00080584       0x80 ./Quadcopter.cpp.o
                0x00080584                MotorESC::calibrate()
 .text._ZN8MotorESC8resetESCEv
                0x00080604       0x80 ./Quadcopter.cpp.o
                0x00080604                MotorESC::resetESC()
 .text._ZN8MotorESC10initializeEv
                0x00080684       0x58 ./Quadcopter.cpp.o
                0x00080684                MotorESC::initialize()
 .text._Z10motorsInitv
                0x000806dc       0x30 ./Quadcopter.cpp.o
                0x000806dc                motorsInit()
 .text.mavlink_msg_to_send_buffer
                0x0008070c       0x24 ./Quadcopter.cpp.o
 .text._ZN11GCS_Mavlink13send_attitudeER10Attitude_t
                0x00080730      0x100 ./Quadcopter.cpp.o
                0x00080730                GCS_Mavlink::send_attitude(Attitude_t&)
 .text._ZN11GCS_Mavlink15handle_set_modeEP17__mavlink_message
                0x00080830       0x20 ./Quadcopter.cpp.o
                0x00080830                GCS_Mavlink::handle_set_mode(__mavlink_message*)
 .text.mavlink_parse_char
                0x00080850      0x358 ./Quadcopter.cpp.o
 .text._ZN11GCS_Mavlink21handle_manual_controlEP17__mavlink_message
                0x00080ba8       0xb8 ./Quadcopter.cpp.o
                0x00080ba8                GCS_Mavlink::handle_manual_control(__mavlink_message*)
 .text._ZN9Mav_Param17get_param_id_nameEPKc
                0x00080c60       0x34 ./Quadcopter.cpp.o
                0x00080c60                Mav_Param::get_param_id_name(char const*)
 .text._ZN9Mav_Param12find_by_nameEPKcP8var_type
                0x00080c94       0x3c ./Quadcopter.cpp.o
                0x00080c94                Mav_Param::find_by_name(char const*, var_type*)
 .text._ZN3IMU9getYPRdmpEv
                0x00080cd0      0x100 ./Quadcopter.cpp.o
                0x00080cd0                IMU::getYPRdmp()
 .text._ZN3IMU8startDMPEv
                0x00080dd0       0x44 ./Quadcopter.cpp.o
                0x00080dd0                IMU::startDMP()
 .text._ZN3IMU6setDMPEv
                0x00080e14       0xb0 ./Quadcopter.cpp.o
                0x00080e14                IMU::setDMP()
 .text._GLOBAL__I__ZN3IMU6setDMPEv
                0x00080ec4      0x21c ./Quadcopter.cpp.o
 .text.T.131    0x000810e0       0x4a ./Quadcopter.cpp.o
 *fill*         0x0008112a        0x2 00
 .text._ZN11GCS_Mavlink15send_hearthbeatEv
                0x0008112c       0x3c ./Quadcopter.cpp.o
                0x0008112c                GCS_Mavlink::send_hearthbeat()
 .text._Z13initializeImuv
                0x00081168       0x40 ./Quadcopter.cpp.o
                0x00081168                initializeImu()
 .text._ZN11GCS_Mavlink19send_hearthbeat_1HZEv
                0x000811a8       0x68 ./Quadcopter.cpp.o
                0x000811a8                GCS_Mavlink::send_hearthbeat_1HZ()
 .text.loop     0x00081210       0x38 ./Quadcopter.cpp.o
                0x00081210                loop
 .text.T.132    0x00081248       0x5a ./Quadcopter.cpp.o
 *fill*         0x000812a2        0x2 00
 .text._ZN11GCS_Mavlink16handle_param_setEP17__mavlink_message
                0x000812a4       0x80 ./Quadcopter.cpp.o
                0x000812a4                GCS_Mavlink::handle_param_set(__mavlink_message*)
 .text._ZN11GCS_Mavlink20send_param_list_nextEv
                0x00081324       0x70 ./Quadcopter.cpp.o
                0x00081324                GCS_Mavlink::send_param_list_next()
 .text._ZN11GCS_Mavlink25handle_request_param_listEv
                0x00081394       0x1c ./Quadcopter.cpp.o
                0x00081394                GCS_Mavlink::handle_request_param_list()
 .text._ZN11GCS_Mavlink15mavlink_receiveEv
                0x000813b0       0x8c ./Quadcopter.cpp.o
                0x000813b0                GCS_Mavlink::mavlink_receive()
 .text._Z11serialEventv
                0x0008143c        0xc ./Quadcopter.cpp.o
                0x0008143c                serialEvent()
 .text._ZN11GCS_Mavlink14waitGCSconnectEv
                0x00081448       0x12 ./Quadcopter.cpp.o
                0x00081448                GCS_Mavlink::waitGCSconnect()
 *fill*         0x0008145a        0x2 00
 .text.setup    0x0008145c       0x5c ./Quadcopter.cpp.o
                0x0008145c                setup
 .text._GLOBAL__I__ZN6Thread10setEnabledEb
                0x000814b8       0x30 ./lib/ThreadControll/ThreadController.cpp.o
 .text._ZN3PID10SetTuningsEfff
                0x000814e8       0xe8 ./lib/PID/PID.cpp.o
                0x000814e8                PID::SetTunings(float, float, float)
 .text._ZN3PID15SetOutputLimitsEff
                0x000815d0       0x64 ./lib/PID/PID.cpp.o
                0x000815d0                PID::SetOutputLimits(float, float)
 .text._ZN3PID22SetControllerDirectionEi
                0x00081634       0x46 ./lib/PID/PID.cpp.o
                0x00081634                PID::SetControllerDirection(int)
 .text._ZN3PID7ComputeEv
                0x0008167a      0x110 ./lib/PID/PID.cpp.o
                0x0008167a                PID::Compute()
 *fill*         0x0008178a        0x2 00
 .text._ZN3PIDC1EPfS0_S0_S0_S0_S0_i
                0x0008178c       0x74 ./lib/PID/PID.cpp.o
                0x0008178c                PID::PID(float*, float*, float*, float*, float*, float*, int)
 .text._ZL13isTimerActive18timer16_Sequence_t
                0x00081800       0x20 ./lib/MotorESC/Servo.cpp.o
 .text._ZN5ServoC1Ev
                0x00081820       0x44 ./lib/MotorESC/Servo.cpp.o
                0x00081820                Servo::Servo()
 .text._ZN5Servo17writeMicrosecondsEi
                0x00081864       0x4c ./lib/MotorESC/Servo.cpp.o
                0x00081864                Servo::writeMicroseconds(int)
 .text._ZL8_initISRP2Tcmm4IRQn
                0x000818b0       0x54 ./lib/MotorESC/Servo.cpp.o
 .text._ZN5Servo6attachEiii
                0x00081904       0xb0 ./lib/MotorESC/Servo.cpp.o
                0x00081904                Servo::attach(int, int, int)
 .text._ZN5Servo6attachEi
                0x000819b4        0xc ./lib/MotorESC/Servo.cpp.o
                0x000819b4                Servo::attach(int)
 .text._Z13Servo_Handler18timer16_Sequence_tP2Tch
                0x000819c0      0x10c ./lib/MotorESC/Servo.cpp.o
                0x000819c0                Servo_Handler(timer16_Sequence_t, Tc*, unsigned char)
 .text.TC0_Handler
                0x00081acc       0x10 ./lib/MotorESC/Servo.cpp.o
                0x00081acc                TC0_Handler
 .text.TC2_Handler
                0x00081adc       0x10 ./lib/MotorESC/Servo.cpp.o
                0x00081adc                TC2_Handler
 .text.TC5_Handler
                0x00081aec       0x10 ./lib/MotorESC/Servo.cpp.o
                0x00081aec                TC5_Handler
 .text.TC4_Handler
                0x00081afc       0x10 ./lib/MotorESC/Servo.cpp.o
                0x00081afc                TC4_Handler
 .text.TC3_Handler
                0x00081b0c       0x10 ./lib/MotorESC/Servo.cpp.o
                0x00081b0c                TC3_Handler
 .text._ZN7MPU6050C1Ev
                0x00081b1c        0x6 ./lib/IMU/MPU6050.cpp.o
                0x00081b1c                MPU6050::MPU6050()
 .text._ZN7MPU605013setDMPConfig2Eh
                0x00081b22        0xa ./lib/IMU/MPU6050.cpp.o
                0x00081b22                MPU6050::setDMPConfig2(unsigned char)
 .text._ZN7MPU605013setDMPConfig1Eh
                0x00081b2c        0xa ./lib/IMU/MPU6050.cpp.o
                0x00081b2c                MPU6050::setDMPConfig1(unsigned char)
 .text._ZN7MPU605021setMemoryStartAddressEh
                0x00081b36        0xa ./lib/IMU/MPU6050.cpp.o
                0x00081b36                MPU6050::setMemoryStartAddress(unsigned char)
 .text._ZN7MPU605013setMemoryBankEhbb
                0x00081b40       0x20 ./lib/IMU/MPU6050.cpp.o
                0x00081b40                MPU6050::setMemoryBank(unsigned char, bool, bool)
 .text._ZN7MPU605013setIntEnabledEh
                0x00081b60        0xa ./lib/IMU/MPU6050.cpp.o
                0x00081b60                MPU6050::setIntEnabled(unsigned char)
 .text._ZN7MPU605015setSlaveAddressEhh
                0x00081b6a       0x14 ./lib/IMU/MPU6050.cpp.o
                0x00081b6a                MPU6050::setSlaveAddress(unsigned char, unsigned char)
 .text._ZN7MPU605030setZeroMotionDetectionDurationEh
                0x00081b7e        0xa ./lib/IMU/MPU6050.cpp.o
                0x00081b7e                MPU6050::setZeroMotionDetectionDuration(unsigned char)
 .text._ZN7MPU605031setZeroMotionDetectionThresholdEh
                0x00081b88        0xa ./lib/IMU/MPU6050.cpp.o
                0x00081b88                MPU6050::setZeroMotionDetectionThreshold(unsigned char)
 .text._ZN7MPU605026setMotionDetectionDurationEh
                0x00081b92        0xa ./lib/IMU/MPU6050.cpp.o
                0x00081b92                MPU6050::setMotionDetectionDuration(unsigned char)
 .text._ZN7MPU605027setMotionDetectionThresholdEh
                0x00081b9c        0xa ./lib/IMU/MPU6050.cpp.o
                0x00081b9c                MPU6050::setMotionDetectionThreshold(unsigned char)
 .text._ZN7MPU60507setRateEh
                0x00081ba6        0xa ./lib/IMU/MPU6050.cpp.o
                0x00081ba6                MPU6050::setRate(unsigned char)
 .text._ZN7MPU605014readMemoryByteEv
                0x00081bb0       0x1c ./lib/IMU/MPU6050.cpp.o
                0x00081bb0                MPU6050::readMemoryByte()
 .text._ZN7MPU605012getIntStatusEv
                0x00081bcc       0x1c ./lib/IMU/MPU6050.cpp.o
                0x00081bcc                MPU6050::getIntStatus()
 .text._ZN7MPU605015readMemoryBlockEPhthh
                0x00081be8       0x90 ./lib/IMU/MPU6050.cpp.o
                0x00081be8                MPU6050::readMemoryBlock(unsigned char*, unsigned short, unsigned char, unsigned char)
 .text._ZN7MPU605012getFIFOBytesEPhh
                0x00081c78       0x18 ./lib/IMU/MPU6050.cpp.o
                0x00081c78                MPU6050::getFIFOBytes(unsigned char*, unsigned char)
 .text._ZN7MPU605012getFIFOCountEv
                0x00081c90       0x28 ./lib/IMU/MPU6050.cpp.o
                0x00081c90                MPU6050::getFIFOCount()
 .text._ZN7MPU605016writeMemoryBlockEPKhthhbb
                0x00081cb8      0x150 ./lib/IMU/MPU6050.cpp.o
                0x00081cb8                MPU6050::writeMemoryBlock(unsigned char const*, unsigned short, unsigned char, unsigned char, bool, bool)
 .text._ZN7MPU605024writeDMPConfigurationSetEPKhtb
                0x00081e08       0xce ./lib/IMU/MPU6050.cpp.o
                0x00081e08                MPU6050::writeDMPConfigurationSet(unsigned char const*, unsigned short, bool)
 .text._ZN7MPU605028writeProgDMPConfigurationSetEPKht
                0x00081ed6        0x6 ./lib/IMU/MPU6050.cpp.o
                0x00081ed6                MPU6050::writeProgDMPConfigurationSet(unsigned char const*, unsigned short)
 .text._ZN7MPU605020writeProgMemoryBlockEPKhthhb
                0x00081edc       0x1c ./lib/IMU/MPU6050.cpp.o
                0x00081edc                MPU6050::writeProgMemoryBlock(unsigned char const*, unsigned short, unsigned char, unsigned char, bool)
 .text._ZN7MPU60508resetDMPEv
                0x00081ef8        0xc ./lib/IMU/MPU6050.cpp.o
                0x00081ef8                MPU6050::resetDMP()
 .text._ZN7MPU605013setDMPEnabledEb
                0x00081f04        0xc ./lib/IMU/MPU6050.cpp.o
                0x00081f04                MPU6050::setDMPEnabled(bool)
 .text._ZN7MPU605015setOTPBankValidEb
                0x00081f10        0xc ./lib/IMU/MPU6050.cpp.o
                0x00081f10                MPU6050::setOTPBankValid(bool)
 .text._ZN7MPU605015setSleepEnabledEb
                0x00081f1c        0xc ./lib/IMU/MPU6050.cpp.o
                0x00081f1c                MPU6050::setSleepEnabled(bool)
 .text._ZN7MPU60505resetEv
                0x00081f28        0xc ./lib/IMU/MPU6050.cpp.o
                0x00081f28                MPU6050::reset()
 .text._ZN7MPU605014resetI2CMasterEv
                0x00081f34        0xc ./lib/IMU/MPU6050.cpp.o
                0x00081f34                MPU6050::resetI2CMaster()
 .text._ZN7MPU60509resetFIFOEv
                0x00081f40        0xc ./lib/IMU/MPU6050.cpp.o
                0x00081f40                MPU6050::resetFIFO()
 .text._ZN7MPU605023setI2CMasterModeEnabledEb
                0x00081f4c        0xc ./lib/IMU/MPU6050.cpp.o
                0x00081f4c                MPU6050::setI2CMasterModeEnabled(bool)
 .text._ZN7MPU605014setFIFOEnabledEb
                0x00081f58        0xc ./lib/IMU/MPU6050.cpp.o
                0x00081f58                MPU6050::setFIFOEnabled(bool)
 .text._ZN7MPU605015getOTPBankValidEv
                0x00081f64       0x20 ./lib/IMU/MPU6050.cpp.o
                0x00081f64                MPU6050::getOTPBankValid()
 .text._ZN7MPU605014setZGyroOffsetEs
                0x00081f84        0xa ./lib/IMU/MPU6050.cpp.o
                0x00081f84                MPU6050::setZGyroOffset(short)
 .text._ZN7MPU605014setYGyroOffsetEs
                0x00081f8e        0xa ./lib/IMU/MPU6050.cpp.o
                0x00081f8e                MPU6050::setYGyroOffset(short)
 .text._ZN7MPU605014setXGyroOffsetEs
                0x00081f98        0xa ./lib/IMU/MPU6050.cpp.o
                0x00081f98                MPU6050::setXGyroOffset(short)
 .text._ZN7MPU605015setZAccelOffsetEs
                0x00081fa2        0xa ./lib/IMU/MPU6050.cpp.o
                0x00081fa2                MPU6050::setZAccelOffset(short)
 .text._ZN7MPU605015setYAccelOffsetEs
                0x00081fac        0xa ./lib/IMU/MPU6050.cpp.o
                0x00081fac                MPU6050::setYAccelOffset(short)
 .text._ZN7MPU605015setXAccelOffsetEs
                0x00081fb6        0xa ./lib/IMU/MPU6050.cpp.o
                0x00081fb6                MPU6050::setXAccelOffset(short)
 .text._ZN7MPU605016setZGyroOffsetTCEa
                0x00081fc0       0x14 ./lib/IMU/MPU6050.cpp.o
                0x00081fc0                MPU6050::setZGyroOffsetTC(signed char)
 .text._ZN7MPU605016setYGyroOffsetTCEa
                0x00081fd4       0x14 ./lib/IMU/MPU6050.cpp.o
                0x00081fd4                MPU6050::setYGyroOffsetTC(signed char)
 .text._ZN7MPU605016setXGyroOffsetTCEa
                0x00081fe8       0x14 ./lib/IMU/MPU6050.cpp.o
                0x00081fe8                MPU6050::setXGyroOffsetTC(signed char)
 .text._ZN7MPU605014setClockSourceEh
                0x00081ffc       0x12 ./lib/IMU/MPU6050.cpp.o
                0x00081ffc                MPU6050::setClockSource(unsigned char)
 .text._ZN7MPU605022setFullScaleAccelRangeEh
                0x0008200e       0x12 ./lib/IMU/MPU6050.cpp.o
                0x0008200e                MPU6050::setFullScaleAccelRange(unsigned char)
 .text._ZN7MPU605021setFullScaleGyroRangeEh
                0x00082020       0x12 ./lib/IMU/MPU6050.cpp.o
                0x00082020                MPU6050::setFullScaleGyroRange(unsigned char)
 .text._ZN7MPU605010initializeEv
                0x00082032       0x26 ./lib/IMU/MPU6050.cpp.o
                0x00082032                MPU6050::initialize()
 .text._ZN7MPU605011setDLPFModeEh
                0x00082058       0x12 ./lib/IMU/MPU6050.cpp.o
                0x00082058                MPU6050::setDLPFMode(unsigned char)
 .text._ZN7MPU605020setExternalFrameSyncEh
                0x0008206a       0x12 ./lib/IMU/MPU6050.cpp.o
                0x0008206a                MPU6050::setExternalFrameSync(unsigned char)
 .text._ZN7MPU605016getZGyroOffsetTCEv
                0x0008207c       0x28 ./lib/IMU/MPU6050.cpp.o
                0x0008207c                MPU6050::getZGyroOffsetTC()
 .text._ZN7MPU605016getYGyroOffsetTCEv
                0x000820a4       0x28 ./lib/IMU/MPU6050.cpp.o
                0x000820a4                MPU6050::getYGyroOffsetTC()
 .text._ZN7MPU605016getXGyroOffsetTCEv
                0x000820cc       0x28 ./lib/IMU/MPU6050.cpp.o
                0x000820cc                MPU6050::getXGyroOffsetTC()
 .text._ZN7MPU605011getDeviceIDEv
                0x000820f4       0x24 ./lib/IMU/MPU6050.cpp.o
                0x000820f4                MPU6050::getDeviceID()
 .text._ZN7MPU605014testConnectionEv
                0x00082118       0x10 ./lib/IMU/MPU6050.cpp.o
                0x00082118                MPU6050::testConnection()
 .text._ZN7MPU605016dmpGetQuaternionEPsPKh
                0x00082128       0x32 ./lib/IMU/MPU6050_6Axis_MotionApps20.cpp.o
                0x00082128                MPU6050::dmpGetQuaternion(short*, unsigned char const*)
 .text._ZN7MPU605016dmpGetQuaternionEP10QuaternionPKh
                0x0008215a       0x5a ./lib/IMU/MPU6050_6Axis_MotionApps20.cpp.o
                0x0008215a                MPU6050::dmpGetQuaternion(Quaternion*, unsigned char const*)
 .text._ZN7MPU605013dmpGetGravityEP11VectorFloatP10Quaternion
                0x000821b4       0x9a ./lib/IMU/MPU6050_6Axis_MotionApps20.cpp.o
                0x000821b4                MPU6050::dmpGetGravity(VectorFloat*, Quaternion*)
 .text._ZN7MPU605020dmpGetFIFOPacketSizeEv
                0x0008224e        0x4 ./lib/IMU/MPU6050_6Axis_MotionApps20.cpp.o
                0x0008224e                MPU6050::dmpGetFIFOPacketSize()
 *fill*         0x00082252        0x2 00
 .text._ZN7MPU605018dmpGetYawPitchRollEPfP10QuaternionP11VectorFloat
                0x00082254      0x120 ./lib/IMU/MPU6050_6Axis_MotionApps20.cpp.o
                0x00082254                MPU6050::dmpGetYawPitchRoll(float*, Quaternion*, VectorFloat*)
 .text._ZN7MPU605013dmpInitializeEv
                0x00082374      0x3a8 ./lib/IMU/MPU6050_6Axis_MotionApps20.cpp.o
                0x00082374                MPU6050::dmpInitialize()
 .text._ZN6I2Cdev10writeWordsEhhhPt
                0x0008271c       0x54 ./lib/I2C/I2Cdev.cpp.o
                0x0008271c                I2Cdev::writeWords(unsigned char, unsigned char, unsigned char, unsigned short*)
 .text._ZN6I2Cdev9writeWordEhht
                0x00082770       0x10 ./lib/I2C/I2Cdev.cpp.o
                0x00082770                I2Cdev::writeWord(unsigned char, unsigned char, unsigned short)
 .text._ZN6I2Cdev10writeBytesEhhhPh
                0x00082780       0x44 ./lib/I2C/I2Cdev.cpp.o
                0x00082780                I2Cdev::writeBytes(unsigned char, unsigned char, unsigned char, unsigned char*)
 .text._ZN6I2Cdev9writeByteEhhh
                0x000827c4       0x10 ./lib/I2C/I2Cdev.cpp.o
                0x000827c4                I2Cdev::writeByte(unsigned char, unsigned char, unsigned char)
 .text._ZN6I2Cdev9readBytesEhhhPht
                0x000827d4       0xb8 ./lib/I2C/I2Cdev.cpp.o
                0x000827d4                I2Cdev::readBytes(unsigned char, unsigned char, unsigned char, unsigned char*, unsigned short)
 .text._ZN6I2Cdev8readByteEhhPht
                0x0008288c       0x12 ./lib/I2C/I2Cdev.cpp.o
                0x0008288c                I2Cdev::readByte(unsigned char, unsigned char, unsigned char*, unsigned short)
 *fill*         0x0008289e        0x2 00
 .text._ZN6I2Cdev9writeBitsEhhhhh
                0x000828a0       0x54 ./lib/I2C/I2Cdev.cpp.o
                0x000828a0                I2Cdev::writeBits(unsigned char, unsigned char, unsigned char, unsigned char, unsigned char)
 .text._ZN6I2Cdev8writeBitEhhhh
                0x000828f4       0x44 ./lib/I2C/I2Cdev.cpp.o
                0x000828f4                I2Cdev::writeBit(unsigned char, unsigned char, unsigned char, unsigned char)
 .text._ZN6I2Cdev8readBitsEhhhhPht
                0x00082938       0x36 ./lib/I2C/I2Cdev.cpp.o
                0x00082938                I2Cdev::readBits(unsigned char, unsigned char, unsigned char, unsigned char, unsigned char*, unsigned short)
 .text._ZN6I2Cdev7readBitEhhhPht
                0x0008296e       0x24 ./lib/I2C/I2Cdev.cpp.o
                0x0008296e                I2Cdev::readBit(unsigned char, unsigned char, unsigned char, unsigned char*, unsigned short)
 *fill*         0x00082992        0x2 00
 .text._ZN7TwoWireC1EP3TwiPFvvE
                0x00082994       0x3c ./lib/I2C/Wire.cpp.o
                0x00082994                TwoWire::TwoWire(Twi*, void (*)())
 .text._ZN7TwoWire17beginTransmissionEh
                0x000829d0       0x12 ./lib/I2C/Wire.cpp.o
                0x000829d0                TwoWire::beginTransmission(unsigned char)
 .text._ZN7TwoWire5writeEh
                0x000829e2       0x3a ./lib/I2C/Wire.cpp.o
                0x000829e2                TwoWire::write(unsigned char)
 .text._ZN7TwoWire5writeEPKhj
                0x00082a1c       0x5e ./lib/I2C/Wire.cpp.o
                0x00082a1c                TwoWire::write(unsigned char const*, unsigned int)
 .text._ZN7TwoWire9availableEv
                0x00082a7a        0xc ./lib/I2C/Wire.cpp.o
                0x00082a7a                TwoWire::available()
 .text._ZN7TwoWire4readEv
                0x00082a86       0x20 ./lib/I2C/Wire.cpp.o
                0x00082a86                TwoWire::read()
 .text._ZN7TwoWire4peekEv
                0x00082aa6       0x18 ./lib/I2C/Wire.cpp.o
                0x00082aa6                TwoWire::peek()
 .text._ZN7TwoWire5flushEv
                0x00082abe        0x2 ./lib/I2C/Wire.cpp.o
                0x00082abe                TwoWire::flush()
 .text._ZL10Wire1_Initv
                0x00082ac0       0x54 ./lib/I2C/Wire.cpp.o
 .text._ZL9Wire_Initv
                0x00082b14       0x54 ./lib/I2C/Wire.cpp.o
 .text._ZN7TwoWire9onServiceEv
                0x00082b68      0x130 ./lib/I2C/Wire.cpp.o
                0x00082b68                TwoWire::onService()
 .text.TWI0_Handler
                0x00082c98        0xc ./lib/I2C/Wire.cpp.o
                0x00082c98                TWI0_Handler
 .text.TWI1_Handler
                0x00082ca4        0xc ./lib/I2C/Wire.cpp.o
                0x00082ca4                TWI1_Handler
 .text._ZN7TwoWire15endTransmissionEh
                0x00082cb0       0xcc ./lib/I2C/Wire.cpp.o
                0x00082cb0                TwoWire::endTransmission(unsigned char)
 .text._ZN7TwoWire15endTransmissionEv
                0x00082d7c        0x6 ./lib/I2C/Wire.cpp.o
                0x00082d7c                TwoWire::endTransmission()
 *fill*         0x00082d82        0x2 00
 .text._ZN7TwoWire11requestFromEhhh
                0x00082d84       0x90 ./lib/I2C/Wire.cpp.o
                0x00082d84                TwoWire::requestFrom(unsigned char, unsigned char, unsigned char)
 .text._ZN7TwoWire11requestFromEhh
                0x00082e14        0x6 ./lib/I2C/Wire.cpp.o
                0x00082e14                TwoWire::requestFrom(unsigned char, unsigned char)
 *fill*         0x00082e1a        0x2 00
 .text._ZN7TwoWire5beginEv
                0x00082e1c       0x30 ./lib/I2C/Wire.cpp.o
                0x00082e1c                TwoWire::begin()
 .text._GLOBAL__I__ZN7TwoWireC2EP3TwiPFvvE
                0x00082e4c       0x34 ./lib/I2C/Wire.cpp.o
 .text._Z12serialEvent1v
                0x00082e80        0x2 C:/Users/Juraj/Workspace/Programming/Eclipse_C++_Arduino/Quadcopter/Release/arduino.ar(variant.cpp.o)
                0x00082e80                serialEvent1()
 .text._Z12serialEvent2v
                0x00082e82        0x2 C:/Users/Juraj/Workspace/Programming/Eclipse_C++_Arduino/Quadcopter/Release/arduino.ar(variant.cpp.o)
                0x00082e82                serialEvent2()
 .text._Z12serialEvent3v
                0x00082e84        0x2 C:/Users/Juraj/Workspace/Programming/Eclipse_C++_Arduino/Quadcopter/Release/arduino.ar(variant.cpp.o)
                0x00082e84                serialEvent3()
 *fill*         0x00082e86        0x2 00
 .text.init     0x00082e88      0x134 C:/Users/Juraj/Workspace/Programming/Eclipse_C++_Arduino/Quadcopter/Release/arduino.ar(variant.cpp.o)
                0x00082e88                init
 .text._Z14serialEventRunv
                0x00082fbc       0x48 C:/Users/Juraj/Workspace/Programming/Eclipse_C++_Arduino/Quadcopter/Release/arduino.ar(variant.cpp.o)
                0x00082fbc                serialEventRun()
 .text.USART3_Handler
                0x00083004        0xc C:/Users/Juraj/Workspace/Programming/Eclipse_C++_Arduino/Quadcopter/Release/arduino.ar(variant.cpp.o)
                0x00083004                USART3_Handler
 .text.USART1_Handler
                0x00083010        0xc C:/Users/Juraj/Workspace/Programming/Eclipse_C++_Arduino/Quadcopter/Release/arduino.ar(variant.cpp.o)
                0x00083010                USART1_Handler
 .text.USART0_Handler
                0x0008301c        0xc C:/Users/Juraj/Workspace/Programming/Eclipse_C++_Arduino/Quadcopter/Release/arduino.ar(variant.cpp.o)
                0x0008301c                USART0_Handler
 .text.UART_Handler
                0x00083028        0xc C:/Users/Juraj/Workspace/Programming/Eclipse_C++_Arduino/Quadcopter/Release/arduino.ar(variant.cpp.o)
                0x00083028                UART_Handler
 .text._GLOBAL__I_g_APinDescription
                0x00083034       0x8c C:/Users/Juraj/Workspace/Programming/Eclipse_C++_Arduino/Quadcopter/Release/arduino.ar(variant.cpp.o)
 .text._ZN5Print5writeEPKhj
                0x000830c0       0x2e C:/Users/Juraj/Workspace/Programming/Eclipse_C++_Arduino/Quadcopter/Release/arduino.ar(Print.cpp.o)
                0x000830c0                Print::write(unsigned char const*, unsigned int)
 .text._ZN5Print5printEc
                0x000830ee        0xa C:/Users/Juraj/Workspace/Programming/Eclipse_C++_Arduino/Quadcopter/Release/arduino.ar(Print.cpp.o)
                0x000830ee                Print::print(char)
 .text._ZN5Print7printlnEv
                0x000830f8       0x18 C:/Users/Juraj/Workspace/Programming/Eclipse_C++_Arduino/Quadcopter/Release/arduino.ar(Print.cpp.o)
                0x000830f8                Print::println()
 .text._ZN5Print5writeEPKc
                0x00083110       0x20 C:/Users/Juraj/Workspace/Programming/Eclipse_C++_Arduino/Quadcopter/Release/arduino.ar(Print.cpp.o)
                0x00083110                Print::write(char const*)
 .text._ZN5Print11printNumberEmh
                0x00083130       0x3e C:/Users/Juraj/Workspace/Programming/Eclipse_C++_Arduino/Quadcopter/Release/arduino.ar(Print.cpp.o)
                0x00083130                Print::printNumber(unsigned long, unsigned char)
 .text._ZN5Print5printEmi
                0x0008316e       0x1a C:/Users/Juraj/Workspace/Programming/Eclipse_C++_Arduino/Quadcopter/Release/arduino.ar(Print.cpp.o)
                0x0008316e                Print::print(unsigned long, int)
 .text._ZN5Print5printEji
                0x00083188        0x4 C:/Users/Juraj/Workspace/Programming/Eclipse_C++_Arduino/Quadcopter/Release/arduino.ar(Print.cpp.o)
                0x00083188                Print::print(unsigned int, int)
 .text._ZN5Print7printlnEji
                0x0008318c       0x14 C:/Users/Juraj/Workspace/Programming/Eclipse_C++_Arduino/Quadcopter/Release/arduino.ar(Print.cpp.o)
                0x0008318c                Print::println(unsigned int, int)
 .text._ZN5Print5printEhi
                0x000831a0        0x4 C:/Users/Juraj/Workspace/Programming/Eclipse_C++_Arduino/Quadcopter/Release/arduino.ar(Print.cpp.o)
                0x000831a0                Print::print(unsigned char, int)
 .text._ZN5Print7printlnEhi
                0x000831a4       0x14 C:/Users/Juraj/Workspace/Programming/Eclipse_C++_Arduino/Quadcopter/Release/arduino.ar(Print.cpp.o)
                0x000831a4                Print::println(unsigned char, int)
 .text._ZN5Print5printEli
                0x000831b8       0x42 C:/Users/Juraj/Workspace/Programming/Eclipse_C++_Arduino/Quadcopter/Release/arduino.ar(Print.cpp.o)
                0x000831b8                Print::print(long, int)
 .text._ZN5Print5printEii
                0x000831fa        0x4 C:/Users/Juraj/Workspace/Programming/Eclipse_C++_Arduino/Quadcopter/Release/arduino.ar(Print.cpp.o)
                0x000831fa                Print::print(int, int)
 .text._ZN5Print7printlnEii
                0x000831fe       0x14 C:/Users/Juraj/Workspace/Programming/Eclipse_C++_Arduino/Quadcopter/Release/arduino.ar(Print.cpp.o)
                0x000831fe                Print::println(int, int)
 .text._ZN5Print5printEPKc
                0x00083212        0x4 C:/Users/Juraj/Workspace/Programming/Eclipse_C++_Arduino/Quadcopter/Release/arduino.ar(Print.cpp.o)
                0x00083212                Print::print(char const*)
 .text._ZN5Print7printlnEPKc
                0x00083216       0x14 C:/Users/Juraj/Workspace/Programming/Eclipse_C++_Arduino/Quadcopter/Release/arduino.ar(Print.cpp.o)
                0x00083216                Print::println(char const*)
 .text._ZN5Print5printEPK19__FlashStringHelper
                0x0008322a        0x4 C:/Users/Juraj/Workspace/Programming/Eclipse_C++_Arduino/Quadcopter/Release/arduino.ar(Print.cpp.o)
                0x0008322a                Print::print(__FlashStringHelper const*)
 .text._ZN5Print7printlnEPK19__FlashStringHelper
                0x0008322e       0x14 C:/Users/Juraj/Workspace/Programming/Eclipse_C++_Arduino/Quadcopter/Release/arduino.ar(Print.cpp.o)
                0x0008322e                Print::println(__FlashStringHelper const*)
 .text._ZN10RingBuffer10store_charEh
                0x00083242       0x16 C:/Users/Juraj/Workspace/Programming/Eclipse_C++_Arduino/Quadcopter/Release/arduino.ar(RingBuffer.cpp.o)
                0x00083242                RingBuffer::store_char(unsigned char)
 .text._ZN10RingBufferC1Ev
                0x00083258       0x16 C:/Users/Juraj/Workspace/Programming/Eclipse_C++_Arduino/Quadcopter/Release/arduino.ar(RingBuffer.cpp.o)
                0x00083258                RingBuffer::RingBuffer()
 .text._ZN9UARTClasscvbEv
                0x0008326e        0x4 C:/Users/Juraj/Workspace/Programming/Eclipse_C++_Arduino/Quadcopter/Release/arduino.ar(UARTClass.cpp.o)
                0x0008326e                UARTClass::operator bool()
 *fill*         0x00083272        0x2 00
 .text._ZN9UARTClassC1EP4Uart4IRQnmP10RingBuffer
                0x00083274       0x24 C:/Users/Juraj/Workspace/Programming/Eclipse_C++_Arduino/Quadcopter/Release/arduino.ar(UARTClass.cpp.o)
                0x00083274                UARTClass::UARTClass(Uart*, IRQn, unsigned long, RingBuffer*)
 .text._ZN9UARTClass9availableEv
                0x00083298        0xe C:/Users/Juraj/Workspace/Programming/Eclipse_C++_Arduino/Quadcopter/Release/arduino.ar(UARTClass.cpp.o)
                0x00083298                UARTClass::available()
 .text._ZN9UARTClass4peekEv
                0x000832a6       0x12 C:/Users/Juraj/Workspace/Programming/Eclipse_C++_Arduino/Quadcopter/Release/arduino.ar(UARTClass.cpp.o)
                0x000832a6                UARTClass::peek()
 .text._ZN9UARTClass4readEv
                0x000832b8       0x1c C:/Users/Juraj/Workspace/Programming/Eclipse_C++_Arduino/Quadcopter/Release/arduino.ar(UARTClass.cpp.o)
                0x000832b8                UARTClass::read()
 .text._ZN9UARTClass5flushEv
                0x000832d4        0xc C:/Users/Juraj/Workspace/Programming/Eclipse_C++_Arduino/Quadcopter/Release/arduino.ar(UARTClass.cpp.o)
                0x000832d4                UARTClass::flush()
 .text._ZN9UARTClass5writeEh
                0x000832e0       0x10 C:/Users/Juraj/Workspace/Programming/Eclipse_C++_Arduino/Quadcopter/Release/arduino.ar(UARTClass.cpp.o)
                0x000832e0                UARTClass::write(unsigned char)
 .text._ZN9UARTClass10IrqHandlerEv
                0x000832f0       0x2a C:/Users/Juraj/Workspace/Programming/Eclipse_C++_Arduino/Quadcopter/Release/arduino.ar(UARTClass.cpp.o)
                0x000832f0                UARTClass::IrqHandler()
 *fill*         0x0008331a        0x2 00
 .text._ZN9UARTClass3endEv
                0x0008331c       0x38 C:/Users/Juraj/Workspace/Programming/Eclipse_C++_Arduino/Quadcopter/Release/arduino.ar(UARTClass.cpp.o)
                0x0008331c                UARTClass::end()
 .text._ZN9UARTClass5beginEm
                0x00083354       0x5c C:/Users/Juraj/Workspace/Programming/Eclipse_C++_Arduino/Quadcopter/Release/arduino.ar(UARTClass.cpp.o)
                0x00083354                UARTClass::begin(unsigned long)
 .text._ZN10USARTClasscvbEv
                0x000833b0        0x4 C:/Users/Juraj/Workspace/Programming/Eclipse_C++_Arduino/Quadcopter/Release/arduino.ar(USARTClass.cpp.o)
                0x000833b0                USARTClass::operator bool()
 .text._ZN10USARTClassC1EP5Usart4IRQnmP10RingBuffer
                0x000833b4       0x24 C:/Users/Juraj/Workspace/Programming/Eclipse_C++_Arduino/Quadcopter/Release/arduino.ar(USARTClass.cpp.o)
                0x000833b4                USARTClass::USARTClass(Usart*, IRQn, unsigned long, RingBuffer*)
 .text._ZN10USARTClass9availableEv
                0x000833d8        0xe C:/Users/Juraj/Workspace/Programming/Eclipse_C++_Arduino/Quadcopter/Release/arduino.ar(USARTClass.cpp.o)
                0x000833d8                USARTClass::available()
 .text._ZN10USARTClass4peekEv
                0x000833e6       0x12 C:/Users/Juraj/Workspace/Programming/Eclipse_C++_Arduino/Quadcopter/Release/arduino.ar(USARTClass.cpp.o)
                0x000833e6                USARTClass::peek()
 .text._ZN10USARTClass4readEv
                0x000833f8       0x1c C:/Users/Juraj/Workspace/Programming/Eclipse_C++_Arduino/Quadcopter/Release/arduino.ar(USARTClass.cpp.o)
                0x000833f8                USARTClass::read()
 .text._ZN10USARTClass5flushEv
                0x00083414        0xc C:/Users/Juraj/Workspace/Programming/Eclipse_C++_Arduino/Quadcopter/Release/arduino.ar(USARTClass.cpp.o)
                0x00083414                USARTClass::flush()
 .text._ZN10USARTClass5writeEh
                0x00083420       0x10 C:/Users/Juraj/Workspace/Programming/Eclipse_C++_Arduino/Quadcopter/Release/arduino.ar(USARTClass.cpp.o)
                0x00083420                USARTClass::write(unsigned char)
 .text._ZN10USARTClass10IrqHandlerEv
                0x00083430       0x2a C:/Users/Juraj/Workspace/Programming/Eclipse_C++_Arduino/Quadcopter/Release/arduino.ar(USARTClass.cpp.o)
                0x00083430                USARTClass::IrqHandler()
 *fill*         0x0008345a        0x2 00
 .text._ZN10USARTClass3endEv
                0x0008345c       0x38 C:/Users/Juraj/Workspace/Programming/Eclipse_C++_Arduino/Quadcopter/Release/arduino.ar(USARTClass.cpp.o)
                0x0008345c                USARTClass::end()
 .text._ZN10USARTClass5beginEm
                0x00083494       0x5c C:/Users/Juraj/Workspace/Programming/Eclipse_C++_Arduino/Quadcopter/Release/arduino.ar(USARTClass.cpp.o)
                0x00083494                USARTClass::begin(unsigned long)
 .text._Z3maplllll
                0x000834f0       0x1a C:/Users/Juraj/Workspace/Programming/Eclipse_C++_Arduino/Quadcopter/Release/arduino.ar(WMath.cpp.o)
                0x000834f0                map(long, long, long, long, long)
 .text._ZN6String12changeBufferEj
                0x0008350a       0x1a C:/Users/Juraj/Workspace/Programming/Eclipse_C++_Arduino/Quadcopter/Release/arduino.ar(WString.cpp.o)
                0x0008350a                String::changeBuffer(unsigned int)
 .text._ZN6String7reserveEj
                0x00083524       0x28 C:/Users/Juraj/Workspace/Programming/Eclipse_C++_Arduino/Quadcopter/Release/arduino.ar(WString.cpp.o)
                0x00083524                String::reserve(unsigned int)
 .text._ZN6String10invalidateEv
                0x0008354c       0x16 C:/Users/Juraj/Workspace/Programming/Eclipse_C++_Arduino/Quadcopter/Release/arduino.ar(WString.cpp.o)
                0x0008354c                String::invalidate()
 .text._ZN6String4copyEPKcj
                0x00083562       0x26 C:/Users/Juraj/Workspace/Programming/Eclipse_C++_Arduino/Quadcopter/Release/arduino.ar(WString.cpp.o)
                0x00083562                String::copy(char const*, unsigned int)
 .text._ZN6StringC1EPKc
                0x00083588       0x24 C:/Users/Juraj/Workspace/Programming/Eclipse_C++_Arduino/Quadcopter/Release/arduino.ar(WString.cpp.o)
                0x00083588                String::String(char const*)
 .text._ZN6StringD1Ev
                0x000835ac        0xe C:/Users/Juraj/Workspace/Programming/Eclipse_C++_Arduino/Quadcopter/Release/arduino.ar(WString.cpp.o)
                0x000835ac                String::~String()
 .text.millis   0x000835ba        0x4 C:/Users/Juraj/Workspace/Programming/Eclipse_C++_Arduino/Quadcopter/Release/arduino.ar(wiring.c.o)
                0x000835ba                millis
 .text.delay    0x000835be       0x1c C:/Users/Juraj/Workspace/Programming/Eclipse_C++_Arduino/Quadcopter/Release/arduino.ar(wiring.c.o)
                0x000835be                delay
 *fill*         0x000835da        0x2 00
 .text.analogOutputInit
                0x000835dc       0x14 C:/Users/Juraj/Workspace/Programming/Eclipse_C++_Arduino/Quadcopter/Release/arduino.ar(wiring_analog.c.o)
                0x000835dc                analogOutputInit
 .text.digitalWrite
                0x000835f0       0x48 C:/Users/Juraj/Workspace/Programming/Eclipse_C++_Arduino/Quadcopter/Release/arduino.ar(wiring_digital.c.o)
                0x000835f0                digitalWrite
 .text.pinMode  0x00083638       0x68 C:/Users/Juraj/Workspace/Programming/Eclipse_C++_Arduino/Quadcopter/Release/arduino.ar(wiring_digital.c.o)
                0x00083638                pinMode
 .text.__empty  0x000836a0        0x2 C:/Users/Juraj/Workspace/Programming/Eclipse_C++_Arduino/Quadcopter/Release/arduino.ar(hooks.c.o)
                0x000836a0                yield
 .text.__false  0x000836a2        0x4 C:/Users/Juraj/Workspace/Programming/Eclipse_C++_Arduino/Quadcopter/Release/arduino.ar(hooks.c.o)
                0x000836a2                sysTickHook
 .text.__halt   0x000836a6        0x2 C:/Users/Juraj/Workspace/Programming/Eclipse_C++_Arduino/Quadcopter/Release/arduino.ar(hooks.c.o)
                0x000836a6                svcHook
                0x000836a6                pendSVHook
 .text.PIO_DisableInterrupt
                0x000836a8        0x4 C:/Programs/Arduino/hardware/arduino/sam/variants/arduino_due_x/libsam_sam3x8e_gcc_rel.a(pio.o)
                0x000836a8                PIO_DisableInterrupt
 .text.PIO_PullUp
                0x000836ac        0xa C:/Programs/Arduino/hardware/arduino/sam/variants/arduino_due_x/libsam_sam3x8e_gcc_rel.a(pio.o)
                0x000836ac                PIO_PullUp
 .text.PIO_SetPeripheral
                0x000836b6       0x2a C:/Programs/Arduino/hardware/arduino/sam/variants/arduino_due_x/libsam_sam3x8e_gcc_rel.a(pio.o)
                0x000836b6                PIO_SetPeripheral
 .text.PIO_SetInput
                0x000836e0       0x40 C:/Programs/Arduino/hardware/arduino/sam/variants/arduino_due_x/libsam_sam3x8e_gcc_rel.a(pio.o)
                0x000836e0                PIO_SetInput
 .text.PIO_SetOutput
                0x00083720       0x38 C:/Programs/Arduino/hardware/arduino/sam/variants/arduino_due_x/libsam_sam3x8e_gcc_rel.a(pio.o)
                0x00083720                PIO_SetOutput
 .text.PIO_Configure
                0x00083758       0x74 C:/Programs/Arduino/hardware/arduino/sam/variants/arduino_due_x/libsam_sam3x8e_gcc_rel.a(pio.o)
                0x00083758                PIO_Configure
 .text.PIO_GetOutputDataStatus
                0x000837cc       0x16 C:/Programs/Arduino/hardware/arduino/sam/variants/arduino_due_x/libsam_sam3x8e_gcc_rel.a(pio.o)
                0x000837cc                PIO_GetOutputDataStatus
 *fill*         0x000837e2        0x2 00
 .text.pmc_enable_upll_clock
                0x000837e4       0x18 C:/Programs/Arduino/hardware/arduino/sam/variants/arduino_due_x/libsam_sam3x8e_gcc_rel.a(pmc.o)
                0x000837e4                pmc_enable_upll_clock
 .text.pmc_enable_periph_clk
                0x000837fc       0x48 C:/Programs/Arduino/hardware/arduino/sam/variants/arduino_due_x/libsam_sam3x8e_gcc_rel.a(pmc.o)
                0x000837fc                pmc_enable_periph_clk
 .text.pmc_disable_periph_clk
                0x00083844       0x48 C:/Programs/Arduino/hardware/arduino/sam/variants/arduino_due_x/libsam_sam3x8e_gcc_rel.a(pmc.o)
                0x00083844                pmc_disable_periph_clk
 .text.pmc_switch_udpck_to_upllck
                0x0008388c       0x14 C:/Programs/Arduino/hardware/arduino/sam/variants/arduino_due_x/libsam_sam3x8e_gcc_rel.a(pmc.o)
                0x0008388c                pmc_switch_udpck_to_upllck
 .text.pmc_enable_udpck
                0x000838a0        0xc C:/Programs/Arduino/hardware/arduino/sam/variants/arduino_due_x/libsam_sam3x8e_gcc_rel.a(pmc.o)
                0x000838a0                pmc_enable_udpck
 .text.TC_Configure
                0x000838ac       0x38 C:/Programs/Arduino/hardware/arduino/sam/variants/arduino_due_x/libsam_sam3x8e_gcc_rel.a(tc.o)
                0x000838ac                TC_Configure
 .text.TC_Start
                0x000838e4       0x2c C:/Programs/Arduino/hardware/arduino/sam/variants/arduino_due_x/libsam_sam3x8e_gcc_rel.a(tc.o)
                0x000838e4                TC_Start
 .text.TC_SetRA
                0x00083910        0x8 C:/Programs/Arduino/hardware/arduino/sam/variants/arduino_due_x/libsam_sam3x8e_gcc_rel.a(tc.o)
                0x00083910                TC_SetRA
 .text.TimeTick_Increment
                0x00083918       0x10 C:/Programs/Arduino/hardware/arduino/sam/variants/arduino_due_x/libsam_sam3x8e_gcc_rel.a(timetick.o)
                0x00083918                TimeTick_Increment
 .text.GetTickCount
                0x00083928        0xc C:/Programs/Arduino/hardware/arduino/sam/variants/arduino_due_x/libsam_sam3x8e_gcc_rel.a(timetick.o)
                0x00083928                GetTickCount
 .text.TWI_ConfigureMaster
                0x00083934       0x70 C:/Programs/Arduino/hardware/arduino/sam/variants/arduino_due_x/libsam_sam3x8e_gcc_rel.a(twi.o)
                0x00083934                TWI_ConfigureMaster
 .text.TWI_Stop
                0x000839a4       0x28 C:/Programs/Arduino/hardware/arduino/sam/variants/arduino_due_x/libsam_sam3x8e_gcc_rel.a(twi.o)
                0x000839a4                TWI_Stop
 .text.TWI_StartRead
                0x000839cc       0x74 C:/Programs/Arduino/hardware/arduino/sam/variants/arduino_due_x/libsam_sam3x8e_gcc_rel.a(twi.o)
                0x000839cc                TWI_StartRead
 .text.TWI_ReadByte
                0x00083a40       0x28 C:/Programs/Arduino/hardware/arduino/sam/variants/arduino_due_x/libsam_sam3x8e_gcc_rel.a(twi.o)
                0x00083a40                TWI_ReadByte
 .text.TWI_WriteByte
                0x00083a68       0x24 C:/Programs/Arduino/hardware/arduino/sam/variants/arduino_due_x/libsam_sam3x8e_gcc_rel.a(twi.o)
                0x00083a68                TWI_WriteByte
 .text.TWI_StartWrite
                0x00083a8c       0x80 C:/Programs/Arduino/hardware/arduino/sam/variants/arduino_due_x/libsam_sam3x8e_gcc_rel.a(twi.o)
                0x00083a8c                TWI_StartWrite
 .text.TWI_EnableIt
                0x00083b0c       0x40 C:/Programs/Arduino/hardware/arduino/sam/variants/arduino_due_x/libsam_sam3x8e_gcc_rel.a(twi.o)
                0x00083b0c                TWI_EnableIt
 .text.TWI_DisableIt
                0x00083b4c       0x40 C:/Programs/Arduino/hardware/arduino/sam/variants/arduino_due_x/libsam_sam3x8e_gcc_rel.a(twi.o)
                0x00083b4c                TWI_DisableIt
 .text.TWI_GetStatus
                0x00083b8c       0x28 C:/Programs/Arduino/hardware/arduino/sam/variants/arduino_due_x/libsam_sam3x8e_gcc_rel.a(twi.o)
                0x00083b8c                TWI_GetStatus
 .text.TWI_SendSTOPCondition
                0x00083bb4       0x2c C:/Programs/Arduino/hardware/arduino/sam/variants/arduino_due_x/libsam_sam3x8e_gcc_rel.a(twi.o)
                0x00083bb4                TWI_SendSTOPCondition
 .text.WDT_Disable
                0x00083be0        0x8 C:/Programs/Arduino/hardware/arduino/sam/variants/arduino_due_x/libsam_sam3x8e_gcc_rel.a(wdt.o)
                0x00083be0                WDT_Disable
 .text.SystemInit
                0x00083be8       0x9c C:/Programs/Arduino/hardware/arduino/sam/variants/arduino_due_x/libsam_sam3x8e_gcc_rel.a(system_sam3xa.o)
                0x00083be8                SystemInit
 .text.Reset_Handler
                0x00083c84       0x70 C:/Programs/Arduino/hardware/arduino/sam/variants/arduino_due_x/libsam_sam3x8e_gcc_rel.a(startup_sam3xa.o)
                0x00083c84                Reset_Handler
 .text.adc_init
                0x00083cf4       0xa0 C:/Programs/Arduino/hardware/arduino/sam/variants/arduino_due_x/libsam_sam3x8e_gcc_rel.a(adc.o)
                0x00083cf4                adc_init
 .text.adc_configure_trigger
                0x00083d94       0x10 C:/Programs/Arduino/hardware/arduino/sam/variants/arduino_due_x/libsam_sam3x8e_gcc_rel.a(adc.o)
                0x00083d94                adc_configure_trigger
 .text.adc_configure_timing
                0x00083da4       0x1a C:/Programs/Arduino/hardware/arduino/sam/variants/arduino_due_x/libsam_sam3x8e_gcc_rel.a(adc.o)
                0x00083da4                adc_configure_timing
 .text.adc_disable_all_channel
                0x00083dbe        0x8 C:/Programs/Arduino/hardware/arduino/sam/variants/arduino_due_x/libsam_sam3x8e_gcc_rel.a(adc.o)
                0x00083dbe                adc_disable_all_channel
 .text.adc_disable_interrupt
                0x00083dc6        0x4 C:/Programs/Arduino/hardware/arduino/sam/variants/arduino_due_x/libsam_sam3x8e_gcc_rel.a(adc.o)
                0x00083dc6                adc_disable_interrupt
 *fill*         0x00083dca        0x2 00
 .text.UOTGHS_Handler
                0x00083dcc       0x10 C:/Programs/Arduino/hardware/arduino/sam/variants/arduino_due_x/libsam_sam3x8e_gcc_rel.a(uotghs.o)
                0x00083dcc                UOTGHS_Handler
 .text.PIOA_Handler
                0x00083ddc       0x2c C:/Users/Juraj/Workspace/Programming/Eclipse_C++_Arduino/Quadcopter/Release/arduino.ar(WInterrupts.c.o)
                0x00083ddc                PIOA_Handler
 .text.PIOB_Handler
                0x00083e08       0x2c C:/Users/Juraj/Workspace/Programming/Eclipse_C++_Arduino/Quadcopter/Release/arduino.ar(WInterrupts.c.o)
                0x00083e08                PIOB_Handler
 .text.PIOC_Handler
                0x00083e34       0x2c C:/Users/Juraj/Workspace/Programming/Eclipse_C++_Arduino/Quadcopter/Release/arduino.ar(WInterrupts.c.o)
                0x00083e34                PIOC_Handler
 .text.PIOD_Handler
                0x00083e60       0x2c C:/Users/Juraj/Workspace/Programming/Eclipse_C++_Arduino/Quadcopter/Release/arduino.ar(WInterrupts.c.o)
                0x00083e60                PIOD_Handler
 .text.__halt   0x00083e8c        0x2 C:/Users/Juraj/Workspace/Programming/Eclipse_C++_Arduino/Quadcopter/Release/arduino.ar(cortex_handlers.c.o)
                0x00083e8c                DACC_Handler
                0x00083e8c                DebugMon_Handler
                0x00083e8c                DMAC_Handler
                0x00083e8c                TRNG_Handler
                0x00083e8c                HardFault_Handler
                0x00083e8c                NMI_Handler
                0x00083e8c                TC7_Handler
                0x00083e8c                ADC_Handler
                0x00083e8c                SMC_Handler
                0x00083e8c                RTT_Handler
                0x00083e8c                EFC1_Handler
                0x00083e8c                RTC_Handler
                0x00083e8c                UsageFault_Handler
                0x00083e8c                TC6_Handler
                0x00083e8c                WDT_Handler
                0x00083e8c                CAN0_Handler
                0x00083e8c                TC1_Handler
                0x00083e8c                HSMCI_Handler
                0x00083e8c                SSC_Handler
                0x00083e8c                EFC0_Handler
                0x00083e8c                PMC_Handler
                0x00083e8c                PWM_Handler
                0x00083e8c                CAN1_Handler
                0x00083e8c                MemManage_Handler
                0x00083e8c                SUPC_Handler
                0x00083e8c                TC8_Handler
                0x00083e8c                USART2_Handler
                0x00083e8c                EMAC_Handler
                0x00083e8c                BusFault_Handler
                0x00083e8c                RSTC_Handler
                0x00083e8c                SPI0_Handler
 .text.SysTick_Handler
                0x00083e8e       0x16 C:/Users/Juraj/Workspace/Programming/Eclipse_C++_Arduino/Quadcopter/Release/arduino.ar(cortex_handlers.c.o)
                0x00083e8e                SysTick_Handler
 .text.PendSV_Handler
                0x00083ea4        0x4 C:/Users/Juraj/Workspace/Programming/Eclipse_C++_Arduino/Quadcopter/Release/arduino.ar(cortex_handlers.c.o)
                0x00083ea4                PendSV_Handler
 .text.SVC_Handler
                0x00083ea8        0x4 C:/Users/Juraj/Workspace/Programming/Eclipse_C++_Arduino/Quadcopter/Release/arduino.ar(cortex_handlers.c.o)
                0x00083ea8                SVC_Handler
 .text.main     0x00083eac       0x30 C:/Users/Juraj/Workspace/Programming/Eclipse_C++_Arduino/Quadcopter/Release/arduino.ar(main.cpp.o)
                0x00083eac                main
 .text._Z16USBD_InitControli
                0x00083edc       0x14 C:/Users/Juraj/Workspace/Programming/Eclipse_C++_Arduino/Quadcopter/Release/arduino.ar(USBCore.cpp.o)
                0x00083edc                USBD_InitControl(int)
 .text._ZL11USB_SendZlpv
                0x00083ef0       0x24 C:/Users/Juraj/Workspace/Programming/Eclipse_C++_Arduino/Quadcopter/Release/arduino.ar(USBCore.cpp.o)
 .text._ZN10USBDevice_6attachEv
                0x00083f14       0x20 C:/Users/Juraj/Workspace/Programming/Eclipse_C++_Arduino/Quadcopter/Release/arduino.ar(USBCore.cpp.o)
                0x00083f14                USBDevice_::attach()
 .text._ZN10USBDevice_C1Ev
                0x00083f34       0x24 C:/Users/Juraj/Workspace/Programming/Eclipse_C++_Arduino/Quadcopter/Release/arduino.ar(USBCore.cpp.o)
                0x00083f34                USBDevice_::USBDevice_()
 .text._Z14USBD_Availablem
                0x00083f58       0x2c C:/Users/Juraj/Workspace/Programming/Eclipse_C++_Arduino/Quadcopter/Release/arduino.ar(USBCore.cpp.o)
                0x00083f58                USBD_Available(unsigned long)
 .text._Z10USBD_Flushm
                0x00083f84       0x16 C:/Users/Juraj/Workspace/Programming/Eclipse_C++_Arduino/Quadcopter/Release/arduino.ar(USBCore.cpp.o)
                0x00083f84                USBD_Flush(unsigned long)
 .text._Z24USBD_SendOtherInterfacesv
                0x00083f9a       0x1c C:/Users/Juraj/Workspace/Programming/Eclipse_C++_Arduino/Quadcopter/Release/arduino.ar(USBCore.cpp.o)
                0x00083f9a                USBD_SendOtherInterfaces()
 .text._Z19USBD_SendInterfacesv
                0x00083fb6       0x1c C:/Users/Juraj/Workspace/Programming/Eclipse_C++_Arduino/Quadcopter/Release/arduino.ar(USBCore.cpp.o)
                0x00083fb6                USBD_SendInterfaces()
 .text._Z26USBD_ClassInterfaceRequestR5Setup
                0x00083fd2       0x14 C:/Users/Juraj/Workspace/Programming/Eclipse_C++_Arduino/Quadcopter/Release/arduino.ar(USBCore.cpp.o)
                0x00083fd2                USBD_ClassInterfaceRequest(Setup&)
 .text._Z16USBD_RecvControlPvm
                0x00083fe6       0x1c C:/Users/Juraj/Workspace/Programming/Eclipse_C++_Arduino/Quadcopter/Release/arduino.ar(USBCore.cpp.o)
                0x00083fe6                USBD_RecvControl(void*, unsigned long)
 *fill*         0x00084002        0x2 00
 .text._Z16USBD_SendControlhPKvm
                0x00084004       0x40 C:/Users/Juraj/Workspace/Programming/Eclipse_C++_Arduino/Quadcopter/Release/arduino.ar(USBCore.cpp.o)
                0x00084004                USBD_SendControl(unsigned char, void const*, unsigned long)
 .text._ZL24USB_SendStringDescriptorPKhi
                0x00084044       0x42 C:/Users/Juraj/Workspace/Programming/Eclipse_C++_Arduino/Quadcopter/Release/arduino.ar(USBCore.cpp.o)
 *fill*         0x00084086        0x2 00
 .text._ZL7USB_ISRv
                0x00084088      0x438 C:/Users/Juraj/Workspace/Programming/Eclipse_C++_Arduino/Quadcopter/Release/arduino.ar(USBCore.cpp.o)
 .text._Z9USBD_SendmPKvm
                0x000844c0       0x4c C:/Users/Juraj/Workspace/Programming/Eclipse_C++_Arduino/Quadcopter/Release/arduino.ar(USBCore.cpp.o)
                0x000844c0                USBD_Send(unsigned long, void const*, unsigned long)
 .text._Z9USBD_RecvmPvm
                0x0008450c       0x7c C:/Users/Juraj/Workspace/Programming/Eclipse_C++_Arduino/Quadcopter/Release/arduino.ar(USBCore.cpp.o)
                0x0008450c                USBD_Recv(unsigned long, void*, unsigned long)
 .text._Z9USBD_Recvm
                0x00084588       0x1e C:/Users/Juraj/Workspace/Programming/Eclipse_C++_Arduino/Quadcopter/Release/arduino.ar(USBCore.cpp.o)
                0x00084588                USBD_Recv(unsigned long)
 *fill*         0x000845a6        0x2 00
 .text._GLOBAL__I_TxLEDPulse
                0x000845a8        0xc C:/Users/Juraj/Workspace/Programming/Eclipse_C++_Arduino/Quadcopter/Release/arduino.ar(USBCore.cpp.o)
 .text.initiateReset
                0x000845b4        0xc C:/Users/Juraj/Workspace/Programming/Eclipse_C++_Arduino/Quadcopter/Release/arduino.ar(Reset.cpp.o)
                0x000845b4                initiateReset
 .text.cancelReset
                0x000845c0       0x10 C:/Users/Juraj/Workspace/Programming/Eclipse_C++_Arduino/Quadcopter/Release/arduino.ar(Reset.cpp.o)
                0x000845c0                cancelReset
 .text.tickReset
                0x000845d0       0x20 C:/Users/Juraj/Workspace/Programming/Eclipse_C++_Arduino/Quadcopter/Release/arduino.ar(Reset.cpp.o)
                0x000845d0                tickReset
 .text._ZN7Serial_9availableEv
                0x000845f0       0x18 C:/Users/Juraj/Workspace/Programming/Eclipse_C++_Arduino/Quadcopter/Release/arduino.ar(CDC.cpp.o)
                0x000845f0                Serial_::available()
 .text._ZN7Serial_4peekEv
                0x00084608       0x20 C:/Users/Juraj/Workspace/Programming/Eclipse_C++_Arduino/Quadcopter/Release/arduino.ar(CDC.cpp.o)
                0x00084608                Serial_::peek()
 .text._ZN7Serial_5writeEh
                0x00084628       0x14 C:/Users/Juraj/Workspace/Programming/Eclipse_C++_Arduino/Quadcopter/Release/arduino.ar(CDC.cpp.o)
                0x00084628                Serial_::write(unsigned char)
 .text._ZN7Serial_5writeEPKhj
                0x0008463c       0x28 C:/Users/Juraj/Workspace/Programming/Eclipse_C++_Arduino/Quadcopter/Release/arduino.ar(CDC.cpp.o)
                0x0008463c                Serial_::write(unsigned char const*, unsigned int)
 .text._ZN7Serial_5flushEv
                0x00084664        0x6 C:/Users/Juraj/Workspace/Programming/Eclipse_C++_Arduino/Quadcopter/Release/arduino.ar(CDC.cpp.o)
                0x00084664                Serial_::flush()
 *fill*         0x0008466a        0x2 00
 .text._ZN7Serial_4readEv
                0x0008466c       0x44 C:/Users/Juraj/Workspace/Programming/Eclipse_C++_Arduino/Quadcopter/Release/arduino.ar(CDC.cpp.o)
                0x0008466c                Serial_::read()
 .text._ZN7Serial_6acceptEv
                0x000846b0       0x6c C:/Users/Juraj/Workspace/Programming/Eclipse_C++_Arduino/Quadcopter/Release/arduino.ar(CDC.cpp.o)
                0x000846b0                Serial_::accept()
 .text._Z21CDC_GetOtherInterfacePh
                0x0008471c       0x14 C:/Users/Juraj/Workspace/Programming/Eclipse_C++_Arduino/Quadcopter/Release/arduino.ar(CDC.cpp.o)
                0x0008471c                CDC_GetOtherInterface(unsigned char*)
 .text._Z16CDC_GetInterfacePh
                0x00084730       0x14 C:/Users/Juraj/Workspace/Programming/Eclipse_C++_Arduino/Quadcopter/Release/arduino.ar(CDC.cpp.o)
                0x00084730                CDC_GetInterface(unsigned char*)
 .text._Z9CDC_SetupR5Setup
                0x00084744       0x60 C:/Users/Juraj/Workspace/Programming/Eclipse_C++_Arduino/Quadcopter/Release/arduino.ar(CDC.cpp.o)
                0x00084744                CDC_Setup(Setup&)
 .text._GLOBAL__I_cdc_rx_buffer
                0x000847a4       0x1c C:/Users/Juraj/Workspace/Programming/Eclipse_C++_Arduino/Quadcopter/Release/arduino.ar(CDC.cpp.o)
 .text._Z9HID_SetupR5Setup
                0x000847c0       0x44 C:/Users/Juraj/Workspace/Programming/Eclipse_C++_Arduino/Quadcopter/Release/arduino.ar(HID.cpp.o)
                0x000847c0                HID_Setup(Setup&)
 .text._ZN6Mouse_C1Ev
                0x00084804        0x6 C:/Users/Juraj/Workspace/Programming/Eclipse_C++_Arduino/Quadcopter/Release/arduino.ar(HID.cpp.o)
                0x00084804                Mouse_::Mouse_()
 *fill*         0x0008480a        0x2 00
 .text._ZN9Keyboard_C1Ev
                0x0008480c       0x10 C:/Users/Juraj/Workspace/Programming/Eclipse_C++_Arduino/Quadcopter/Release/arduino.ar(HID.cpp.o)
                0x0008480c                Keyboard_::Keyboard_()
 .text._ZN9Keyboard_5writeEh
                0x0008481c       0x1c C:/Users/Juraj/Workspace/Programming/Eclipse_C++_Arduino/Quadcopter/Release/arduino.ar(HID.cpp.o)
                0x0008481c                Keyboard_::write(unsigned char)
 .text._Z14HID_SendReporthPKvm
                0x00084838       0x2c C:/Users/Juraj/Workspace/Programming/Eclipse_C++_Arduino/Quadcopter/Release/arduino.ar(HID.cpp.o)
                0x00084838                HID_SendReport(unsigned char, void const*, unsigned long)
 .text._ZN9Keyboard_10sendReportEP9KeyReport
                0x00084864        0x8 C:/Users/Juraj/Workspace/Programming/Eclipse_C++_Arduino/Quadcopter/Release/arduino.ar(HID.cpp.o)
                0x00084864                Keyboard_::sendReport(KeyReport*)
 .text._ZN9Keyboard_10releaseAllEv
                0x0008486c       0x18 C:/Users/Juraj/Workspace/Programming/Eclipse_C++_Arduino/Quadcopter/Release/arduino.ar(HID.cpp.o)
                0x0008486c                Keyboard_::releaseAll()
 .text._ZN9Keyboard_7releaseEh
                0x00084884       0x74 C:/Users/Juraj/Workspace/Programming/Eclipse_C++_Arduino/Quadcopter/Release/arduino.ar(HID.cpp.o)
                0x00084884                Keyboard_::release(unsigned char)
 .text._ZN9Keyboard_5pressEh
                0x000848f8       0x9c C:/Users/Juraj/Workspace/Programming/Eclipse_C++_Arduino/Quadcopter/Release/arduino.ar(HID.cpp.o)
                0x000848f8                Keyboard_::press(unsigned char)
 .text._Z17HID_GetDescriptori
                0x00084994       0x10 C:/Users/Juraj/Workspace/Programming/Eclipse_C++_Arduino/Quadcopter/Release/arduino.ar(HID.cpp.o)
                0x00084994                HID_GetDescriptor(int)
 .text._Z16HID_GetInterfacePh
                0x000849a4       0x14 C:/Users/Juraj/Workspace/Programming/Eclipse_C++_Arduino/Quadcopter/Release/arduino.ar(HID.cpp.o)
                0x000849a4                HID_GetInterface(unsigned char*)
 .text._GLOBAL__I_Mouse
                0x000849b8       0x1c C:/Users/Juraj/Workspace/Programming/Eclipse_C++_Arduino/Quadcopter/Release/arduino.ar(HID.cpp.o)
 .text.UDD_SetStack
                0x000849d4        0xc C:/Programs/Arduino/hardware/arduino/sam/variants/arduino_due_x/libsam_sam3x8e_gcc_rel.a(uotghs_device.o)
                0x000849d4                UDD_SetStack
 .text.UDD_Init
                0x000849e0       0xd0 C:/Programs/Arduino/hardware/arduino/sam/variants/arduino_due_x/libsam_sam3x8e_gcc_rel.a(uotghs_device.o)
                0x000849e0                UDD_Init
 .text.UDD_Attach
                0x00084ab0       0x4c C:/Programs/Arduino/hardware/arduino/sam/variants/arduino_due_x/libsam_sam3x8e_gcc_rel.a(uotghs_device.o)
                0x00084ab0                UDD_Attach
 .text.UDD_InitEP
                0x00084afc       0x30 C:/Programs/Arduino/hardware/arduino/sam/variants/arduino_due_x/libsam_sam3x8e_gcc_rel.a(uotghs_device.o)
                0x00084afc                UDD_InitEP
 .text.UDD_InitEndpoints
                0x00084b2c       0x3c C:/Programs/Arduino/hardware/arduino/sam/variants/arduino_due_x/libsam_sam3x8e_gcc_rel.a(uotghs_device.o)
                0x00084b2c                UDD_InitEndpoints
 .text.UDD_WaitIN
                0x00084b68       0x14 C:/Programs/Arduino/hardware/arduino/sam/variants/arduino_due_x/libsam_sam3x8e_gcc_rel.a(uotghs_device.o)
                0x00084b68                UDD_WaitIN
 .text.UDD_WaitOUT
                0x00084b7c       0x14 C:/Programs/Arduino/hardware/arduino/sam/variants/arduino_due_x/libsam_sam3x8e_gcc_rel.a(uotghs_device.o)
                0x00084b7c                UDD_WaitOUT
 .text.UDD_ClearIN
                0x00084b90       0x18 C:/Programs/Arduino/hardware/arduino/sam/variants/arduino_due_x/libsam_sam3x8e_gcc_rel.a(uotghs_device.o)
                0x00084b90                UDD_ClearIN
 .text.UDD_ClearOUT
                0x00084ba8       0x18 C:/Programs/Arduino/hardware/arduino/sam/variants/arduino_due_x/libsam_sam3x8e_gcc_rel.a(uotghs_device.o)
                0x00084ba8                UDD_ClearOUT
 .text.UDD_ReceivedSetupInt
                0x00084bc0       0x10 C:/Programs/Arduino/hardware/arduino/sam/variants/arduino_due_x/libsam_sam3x8e_gcc_rel.a(uotghs_device.o)
                0x00084bc0                UDD_ReceivedSetupInt
 .text.UDD_ClearSetupInt
                0x00084bd0       0x10 C:/Programs/Arduino/hardware/arduino/sam/variants/arduino_due_x/libsam_sam3x8e_gcc_rel.a(uotghs_device.o)
                0x00084bd0                UDD_ClearSetupInt
 .text.UDD_Send
                0x00084be0       0x90 C:/Programs/Arduino/hardware/arduino/sam/variants/arduino_due_x/libsam_sam3x8e_gcc_rel.a(uotghs_device.o)
                0x00084be0                UDD_Send
 .text.UDD_Send8
                0x00084c70       0x28 C:/Programs/Arduino/hardware/arduino/sam/variants/arduino_due_x/libsam_sam3x8e_gcc_rel.a(uotghs_device.o)
                0x00084c70                UDD_Send8
 .text.UDD_Recv8
                0x00084c98       0x28 C:/Programs/Arduino/hardware/arduino/sam/variants/arduino_due_x/libsam_sam3x8e_gcc_rel.a(uotghs_device.o)
                0x00084c98                UDD_Recv8
 .text.UDD_Recv
                0x00084cc0       0x34 C:/Programs/Arduino/hardware/arduino/sam/variants/arduino_due_x/libsam_sam3x8e_gcc_rel.a(uotghs_device.o)
                0x00084cc0                UDD_Recv
 .text.UDD_Stall
                0x00084cf4       0x14 C:/Programs/Arduino/hardware/arduino/sam/variants/arduino_due_x/libsam_sam3x8e_gcc_rel.a(uotghs_device.o)
                0x00084cf4                UDD_Stall
 .text.UDD_FifoByteCount
                0x00084d08       0x1c C:/Programs/Arduino/hardware/arduino/sam/variants/arduino_due_x/libsam_sam3x8e_gcc_rel.a(uotghs_device.o)
                0x00084d08                UDD_FifoByteCount
 .text.UDD_ReleaseRX
                0x00084d24       0x2c C:/Programs/Arduino/hardware/arduino/sam/variants/arduino_due_x/libsam_sam3x8e_gcc_rel.a(uotghs_device.o)
                0x00084d24                UDD_ReleaseRX
 .text.UDD_ReleaseTX
                0x00084d50       0x2c C:/Programs/Arduino/hardware/arduino/sam/variants/arduino_due_x/libsam_sam3x8e_gcc_rel.a(uotghs_device.o)
                0x00084d50                UDD_ReleaseTX
 .text.UDD_SetAddress
                0x00084d7c       0x20 C:/Programs/Arduino/hardware/arduino/sam/variants/arduino_due_x/libsam_sam3x8e_gcc_rel.a(uotghs_device.o)
                0x00084d7c                UDD_SetAddress
 .text.__aeabi_atexit
                0x00084d9c        0xc c:/programs/arduino/hardware/tools/g++_arm_none_eabi/bin/../lib/gcc/arm-none-eabi/4.4.1/../../../../arm-none-eabi/lib/thumb2\libstdc++.a(atexit_arm.o)
                0x00084d9c                __aeabi_atexit
 .text._GLOBAL__I___cxa_allocate_exception
                0x00084da8        0x4 c:/programs/arduino/hardware/tools/g++_arm_none_eabi/bin/../lib/gcc/arm-none-eabi/4.4.1/../../../../arm-none-eabi/lib/thumb2\libstdc++.a(eh_alloc.o)
 .text          0x00084dac       0x1c c:/programs/arduino/hardware/tools/g++_arm_none_eabi/bin/../lib/gcc/arm-none-eabi/4.4.1/../../../../arm-none-eabi/lib/thumb2\libm.a(lib_a-s_isnand.o)
                0x00084dac                __isnand
 .text          0x00084dc8        0x4 c:/programs/arduino/hardware/tools/g++_arm_none_eabi/bin/../lib/gcc/arm-none-eabi/4.4.1/../../../../arm-none-eabi/lib/thumb2\libm.a(lib_a-w_atan2.o)
                0x00084dc8                atan2
 .text          0x00084dcc       0xac c:/programs/arduino/hardware/tools/g++_arm_none_eabi/bin/../lib/gcc/arm-none-eabi/4.4.1/../../../../arm-none-eabi/lib/thumb2\libm.a(lib_a-w_sqrt.o)
                0x00084dcc                sqrt
 .text          0x00084e78      0x220 c:/programs/arduino/hardware/tools/g++_arm_none_eabi/bin/../lib/gcc/arm-none-eabi/4.4.1/../../../../arm-none-eabi/lib/thumb2\libm.a(lib_a-e_atan2.o)
                0x00084e78                __ieee754_atan2
 .text          0x00085098      0x1dc c:/programs/arduino/hardware/tools/g++_arm_none_eabi/bin/../lib/gcc/arm-none-eabi/4.4.1/../../../../arm-none-eabi/lib/thumb2\libm.a(lib_a-e_sqrt.o)
                0x00085098                __ieee754_sqrt
 *fill*         0x00085274        0x4 00
 .text          0x00085278      0x348 c:/programs/arduino/hardware/tools/g++_arm_none_eabi/bin/../lib/gcc/arm-none-eabi/4.4.1/../../../../arm-none-eabi/lib/thumb2\libm.a(lib_a-s_atan.o)
                0x00085278                atan
 .text          0x000855c0        0x8 c:/programs/arduino/hardware/tools/g++_arm_none_eabi/bin/../lib/gcc/arm-none-eabi/4.4.1/../../../../arm-none-eabi/lib/thumb2\libm.a(lib_a-s_fabs.o)
                0x000855c0                fabs
 .text          0x000855c8        0x4 c:/programs/arduino/hardware/tools/g++_arm_none_eabi/bin/../lib/gcc/arm-none-eabi/4.4.1/../../../../arm-none-eabi/lib/thumb2\libm.a(lib_a-s_matherr.o)
                0x000855c8                matherr
 .text          0x000855cc      0x370 c:/programs/arduino/hardware/tools/g++_arm_none_eabi/bin/../lib/gcc/arm-none-eabi/4.4.1/thumb2\libgcc.a(_arm_addsubdf3.o)
                0x000855cc                __aeabi_drsub
                0x000855d4                __aeabi_dsub
                0x000855d4                __subdf3
                0x000855d8                __aeabi_dadd
                0x000855d8                __adddf3
                0x00085850                __floatunsidf
                0x00085850                __aeabi_ui2d
                0x00085870                __floatsidf
                0x00085870                __aeabi_i2d
                0x00085894                __aeabi_f2d
                0x00085894                __extendsfdf2
                0x000858d0                __floatundidf
                0x000858d0                __aeabi_ul2d
                0x000858e0                __floatdidf
                0x000858e0                __aeabi_l2d
 .text          0x0008593c      0x424 c:/programs/arduino/hardware/tools/g++_arm_none_eabi/bin/../lib/gcc/arm-none-eabi/4.4.1/thumb2\libgcc.a(_arm_muldivdf3.o)
                0x0008593c                __aeabi_dmul
                0x0008593c                __muldf3
                0x00085b90                __divdf3
                0x00085b90                __aeabi_ddiv
 .text          0x00085d60      0x110 c:/programs/arduino/hardware/tools/g++_arm_none_eabi/bin/../lib/gcc/arm-none-eabi/4.4.1/thumb2\libgcc.a(_arm_cmpdf2.o)
                0x00085d60                __gtdf2
                0x00085d60                __gedf2
                0x00085d68                __ltdf2
                0x00085d68                __ledf2
                0x00085d70                __nedf2
                0x00085d70                __eqdf2
                0x00085d70                __cmpdf2
                0x00085dec                __aeabi_cdrcmple
                0x00085dfc                __aeabi_cdcmpeq
                0x00085dfc                __aeabi_cdcmple
                0x00085e0c                __aeabi_dcmpeq
                0x00085e20                __aeabi_dcmplt
                0x00085e34                __aeabi_dcmple
                0x00085e48                __aeabi_dcmpge
                0x00085e5c                __aeabi_dcmpgt
 .text          0x00085e70       0x50 c:/programs/arduino/hardware/tools/g++_arm_none_eabi/bin/../lib/gcc/arm-none-eabi/4.4.1/thumb2\libgcc.a(_arm_fixdfsi.o)
                0x00085e70                __aeabi_d2iz
                0x00085e70                __fixdfsi
 .text          0x00085ec0       0xa0 c:/programs/arduino/hardware/tools/g++_arm_none_eabi/bin/../lib/gcc/arm-none-eabi/4.4.1/thumb2\libgcc.a(_arm_truncdfsf2.o)
                0x00085ec0                __truncdfsf2
                0x00085ec0                __aeabi_d2f
 .text          0x00085f60      0x21c c:/programs/arduino/hardware/tools/g++_arm_none_eabi/bin/../lib/gcc/arm-none-eabi/4.4.1/thumb2\libgcc.a(_arm_addsubsf3.o)
                0x00085f60                __aeabi_frsub
                0x00085f68                __subsf3
                0x00085f68                __aeabi_fsub
                0x00085f6c                __aeabi_fadd
                0x00085f6c                __addsf3
                0x000860cc                __aeabi_ui2f
                0x000860cc                __floatunsisf
                0x000860d4                __aeabi_i2f
                0x000860d4                __floatsisf
                0x000860f0                __aeabi_ul2f
                0x000860f0                __floatundisf
                0x00086100                __aeabi_l2f
                0x00086100                __floatdisf
 .text          0x0008617c      0x2a0 c:/programs/arduino/hardware/tools/g++_arm_none_eabi/bin/../lib/gcc/arm-none-eabi/4.4.1/thumb2\libgcc.a(_arm_muldivsf3.o)
                0x0008617c                __mulsf3
                0x0008617c                __aeabi_fmul
                0x000862e4                __aeabi_fdiv
                0x000862e4                __divsf3
 .text          0x0008641c       0xec c:/programs/arduino/hardware/tools/g++_arm_none_eabi/bin/../lib/gcc/arm-none-eabi/4.4.1/thumb2\libgcc.a(_arm_cmpsf2.o)
                0x0008641c                __gesf2
                0x0008641c                __gtsf2
                0x00086424                __lesf2
                0x00086424                __ltsf2
                0x0008642c                __nesf2
                0x0008642c                __eqsf2
                0x0008642c                __cmpsf2
                0x0008648c                __aeabi_cfrcmple
                0x00086494                __aeabi_cfcmpeq
                0x00086494                __aeabi_cfcmple
                0x000864a4                __aeabi_fcmpeq
                0x000864b8                __aeabi_fcmplt
                0x000864cc                __aeabi_fcmple
                0x000864e0                __aeabi_fcmpge
                0x000864f4                __aeabi_fcmpgt
 .text          0x00086508       0x4c c:/programs/arduino/hardware/tools/g++_arm_none_eabi/bin/../lib/gcc/arm-none-eabi/4.4.1/thumb2\libgcc.a(_arm_fixsfsi.o)
                0x00086508                __aeabi_f2iz
                0x00086508                __fixsfsi
 .text          0x00086554       0x10 c:/programs/arduino/hardware/tools/g++_arm_none_eabi/bin/../lib/gcc/arm-none-eabi/4.4.1/../../../../arm-none-eabi/lib/thumb2\libc.a(lib_a-abort.o)
                0x00086554                abort
 .text          0x00086564       0x54 c:/programs/arduino/hardware/tools/g++_arm_none_eabi/bin/../lib/gcc/arm-none-eabi/4.4.1/../../../../arm-none-eabi/lib/thumb2\libc.a(lib_a-assert.o)
                0x00086564                __assert_func
                0x000865ac                __assert
 .text          0x000865b8       0x10 c:/programs/arduino/hardware/tools/g++_arm_none_eabi/bin/../lib/gcc/arm-none-eabi/4.4.1/../../../../arm-none-eabi/lib/thumb2\libc.a(lib_a-cxa_atexit.o)
                0x000865b8                __cxa_atexit
 .text          0x000865c8        0xc c:/programs/arduino/hardware/tools/g++_arm_none_eabi/bin/../lib/gcc/arm-none-eabi/4.4.1/../../../../arm-none-eabi/lib/thumb2\libc.a(lib_a-errno.o)
                0x000865c8                __errno
 .text          0x000865d4       0x4c c:/programs/arduino/hardware/tools/g++_arm_none_eabi/bin/../lib/gcc/arm-none-eabi/4.4.1/../../../../arm-none-eabi/lib/thumb2\libc.a(lib_a-fiprintf.o)
                0x000865d4                fiprintf
                0x00086600                _fiprintf_r
 .text          0x00086620      0x334 c:/programs/arduino/hardware/tools/g++_arm_none_eabi/bin/../lib/gcc/arm-none-eabi/4.4.1/../../../../arm-none-eabi/lib/thumb2\libc.a(lib_a-fvwrite.o)
                0x00086620                __sfvwrite_r
 .text          0x00086954       0x50 c:/programs/arduino/hardware/tools/g++_arm_none_eabi/bin/../lib/gcc/arm-none-eabi/4.4.1/../../../../arm-none-eabi/lib/thumb2\libc.a(lib_a-init.o)
                0x00086954                __libc_init_array
 .text          0x000869a4       0x64 c:/programs/arduino/hardware/tools/g++_arm_none_eabi/bin/../lib/gcc/arm-none-eabi/4.4.1/../../../../arm-none-eabi/lib/thumb2\libc.a(lib_a-iprintf.o)
                0x000869a4                _iprintf_r
                0x000869d0                iprintf
 .text          0x00086a08       0x20 c:/programs/arduino/hardware/tools/g++_arm_none_eabi/bin/../lib/gcc/arm-none-eabi/4.4.1/../../../../arm-none-eabi/lib/thumb2\libc.a(lib_a-malloc.o)
                0x00086a08                free
                0x00086a18                malloc
 .text          0x00086a28      0x5a4 c:/programs/arduino/hardware/tools/g++_arm_none_eabi/bin/../lib/gcc/arm-none-eabi/4.4.1/../../../../arm-none-eabi/lib/thumb2\libc.a(lib_a-mallocr.o)
                0x00086a28                _malloc_r
 .text          0x00086fcc       0x74 c:/programs/arduino/hardware/tools/g++_arm_none_eabi/bin/../lib/gcc/arm-none-eabi/4.4.1/../../../../arm-none-eabi/lib/thumb2\libc.a(lib_a-memchr.o)
                0x00086fcc                memchr
 .text          0x00087040       0x64 c:/programs/arduino/hardware/tools/g++_arm_none_eabi/bin/../lib/gcc/arm-none-eabi/4.4.1/../../../../arm-none-eabi/lib/thumb2\libc.a(lib_a-memcmp.o)
                0x00087040                memcmp
 .text          0x000870a4      0x190 c:/programs/arduino/hardware/tools/g++_arm_none_eabi/bin/../lib/gcc/arm-none-eabi/4.4.1/../../../../arm-none-eabi/lib/thumb2\libc.a(lib_a-memcpy.o)
                0x000870a4                memcpy
 .text          0x00087234       0xb8 c:/programs/arduino/hardware/tools/g++_arm_none_eabi/bin/../lib/gcc/arm-none-eabi/4.4.1/../../../../arm-none-eabi/lib/thumb2\libc.a(lib_a-memmove.o)
                0x00087234                memmove
 .text          0x000872ec       0xd4 c:/programs/arduino/hardware/tools/g++_arm_none_eabi/bin/../lib/gcc/arm-none-eabi/4.4.1/../../../../arm-none-eabi/lib/thumb2\libc.a(lib_a-memset.o)
                0x000872ec                memset
 .text          0x000873c0        0x8 c:/programs/arduino/hardware/tools/g++_arm_none_eabi/bin/../lib/gcc/arm-none-eabi/4.4.1/../../../../arm-none-eabi/lib/thumb2\libc.a(lib_a-mlock.o)
                0x000873c0                __malloc_lock
                0x000873c4                __malloc_unlock
 .text          0x000873c8       0x14 c:/programs/arduino/hardware/tools/g++_arm_none_eabi/bin/../lib/gcc/arm-none-eabi/4.4.1/../../../../arm-none-eabi/lib/thumb2\libc.a(lib_a-realloc.o)
                0x000873c8                realloc
 .text          0x000873dc      0x3b4 c:/programs/arduino/hardware/tools/g++_arm_none_eabi/bin/../lib/gcc/arm-none-eabi/4.4.1/../../../../arm-none-eabi/lib/thumb2\libc.a(lib_a-reallocr.o)
                0x000873dc                _realloc_r
 .text          0x00087790       0x28 c:/programs/arduino/hardware/tools/g++_arm_none_eabi/bin/../lib/gcc/arm-none-eabi/4.4.1/../../../../arm-none-eabi/lib/thumb2\libc.a(lib_a-sbrkr.o)
                0x00087790                _sbrk_r
 .text          0x000877b8      0x14c c:/programs/arduino/hardware/tools/g++_arm_none_eabi/bin/../lib/gcc/arm-none-eabi/4.4.1/../../../../arm-none-eabi/lib/thumb2\libc.a(lib_a-signal.o)
                0x000877b8                _raise_r
                0x00087810                raise
                0x00087820                _init_signal_r
                0x00087848                _init_signal
                0x00087854                __sigtramp_r
                0x000878a8                __sigtramp
                0x000878b8                _signal_r
                0x000878f4                signal
 .text          0x00087904       0x30 c:/programs/arduino/hardware/tools/g++_arm_none_eabi/bin/../lib/gcc/arm-none-eabi/4.4.1/../../../../arm-none-eabi/lib/thumb2\libc.a(lib_a-signalr.o)
                0x00087904                _getpid_r
                0x00087908                _kill_r
 .text          0x00087934      0x1dc c:/programs/arduino/hardware/tools/g++_arm_none_eabi/bin/../lib/gcc/arm-none-eabi/4.4.1/../../../../arm-none-eabi/lib/thumb2\libc.a(lib_a-strcmp.o)
                0x00087934                strcmp
 .text          0x00087b10       0xbc c:/programs/arduino/hardware/tools/g++_arm_none_eabi/bin/../lib/gcc/arm-none-eabi/4.4.1/../../../../arm-none-eabi/lib/thumb2\libc.a(lib_a-strcpy.o)
                0x00087b10                strcpy
 .text          0x00087bcc       0x60 c:/programs/arduino/hardware/tools/g++_arm_none_eabi/bin/../lib/gcc/arm-none-eabi/4.4.1/../../../../arm-none-eabi/lib/thumb2\libc.a(lib_a-strlen.o)
                0x00087bcc                strlen
 .text          0x00087c2c      0xd38 c:/programs/arduino/hardware/tools/g++_arm_none_eabi/bin/../lib/gcc/arm-none-eabi/4.4.1/../../../../arm-none-eabi/lib/thumb2\libc.a(lib_a-vfiprintf.o)
                0x00087c48                _vfiprintf_r
                0x00088948                vfiprintf
 .text          0x00088964      0x104 c:/programs/arduino/hardware/tools/g++_arm_none_eabi/bin/../lib/gcc/arm-none-eabi/4.4.1/../../../../arm-none-eabi/lib/thumb2\libc.a(lib_a-wsetup.o)
                0x00088964                __swsetup_r
 .text          0x00088a68       0xe8 c:/programs/arduino/hardware/tools/g++_arm_none_eabi/bin/../lib/gcc/arm-none-eabi/4.4.1/../../../../arm-none-eabi/lib/thumb2\libc.a(lib_a-__atexit.o)
                0x00088a68                __register_exitproc
 .text          0x00088b50      0x178 c:/programs/arduino/hardware/tools/g++_arm_none_eabi/bin/../lib/gcc/arm-none-eabi/4.4.1/../../../../arm-none-eabi/lib/thumb2\libc.a(lib_a-fflush.o)
                0x00088b50                _fflush_r
                0x00088ca0                fflush
 .text          0x00088cc8      0x1c8 c:/programs/arduino/hardware/tools/g++_arm_none_eabi/bin/../lib/gcc/arm-none-eabi/4.4.1/../../../../arm-none-eabi/lib/thumb2\libc.a(lib_a-findfp.o)
                0x00088cc8                __sfp_lock_acquire
                0x00088ccc                __sfp_lock_release
                0x00088cd0                __sinit_lock_acquire
                0x00088cd4                __sinit_lock_release
                0x00088ce0                __fp_unlock_all
                0x00088cf8                __fp_lock_all
                0x00088d10                _cleanup_r
                0x00088d1c                _cleanup
                0x00088d78                __sfmoreglue
                0x00088da8                __sfp
                0x00088e30                __sinit
 .text          0x00088e90      0x268 c:/programs/arduino/hardware/tools/g++_arm_none_eabi/bin/../lib/gcc/arm-none-eabi/4.4.1/../../../../arm-none-eabi/lib/thumb2\libc.a(lib_a-freer.o)
                0x00088e90                _malloc_trim_r
                0x00088f38                _free_r
 .text          0x000890f8       0xa0 c:/programs/arduino/hardware/tools/g++_arm_none_eabi/bin/../lib/gcc/arm-none-eabi/4.4.1/../../../../arm-none-eabi/lib/thumb2\libc.a(lib_a-fwalk.o)
                0x000890f8                _fwalk_reent
                0x0008914c                _fwalk
 .text          0x00089198       0xdc c:/programs/arduino/hardware/tools/g++_arm_none_eabi/bin/../lib/gcc/arm-none-eabi/4.4.1/../../../../arm-none-eabi/lib/thumb2\libc.a(lib_a-makebuf.o)
                0x00089198                __smakebuf_r
 .text          0x00089274       0x90 c:/programs/arduino/hardware/tools/g++_arm_none_eabi/bin/../lib/gcc/arm-none-eabi/4.4.1/../../../../arm-none-eabi/lib/thumb2\libc.a(lib_a-stdio.o)
                0x00089274                __sclose
                0x0008927c                __sseek
                0x000892a4                __swrite
                0x000892e0                __sread
 .text          0x00089304       0x2c c:/programs/arduino/hardware/tools/g++_arm_none_eabi/bin/../lib/gcc/arm-none-eabi/4.4.1/../../../../arm-none-eabi/lib/thumb2\libc.a(lib_a-writer.o)
                0x00089304                _write_r
 .text          0x00089330       0x28 c:/programs/arduino/hardware/tools/g++_arm_none_eabi/bin/../lib/gcc/arm-none-eabi/4.4.1/../../../../arm-none-eabi/lib/thumb2\libc.a(lib_a-closer.o)
                0x00089330                _close_r
 .text          0x00089358       0xcc c:/programs/arduino/hardware/tools/g++_arm_none_eabi/bin/../lib/gcc/arm-none-eabi/4.4.1/../../../../arm-none-eabi/lib/thumb2\libc.a(lib_a-fclose.o)
                0x00089358                _fclose_r
                0x00089414                fclose
 .text          0x00089424       0x2c c:/programs/arduino/hardware/tools/g++_arm_none_eabi/bin/../lib/gcc/arm-none-eabi/4.4.1/../../../../arm-none-eabi/lib/thumb2\libc.a(lib_a-fstatr.o)
                0x00089424                _fstat_r
 .text          0x00089450       0x28 c:/programs/arduino/hardware/tools/g++_arm_none_eabi/bin/../lib/gcc/arm-none-eabi/4.4.1/../../../../arm-none-eabi/lib/thumb2\libc.a(lib_a-isattyr.o)
                0x00089450                _isatty_r
 .text          0x00089478       0x2c c:/programs/arduino/hardware/tools/g++_arm_none_eabi/bin/../lib/gcc/arm-none-eabi/4.4.1/../../../../arm-none-eabi/lib/thumb2\libc.a(lib_a-lseekr.o)
                0x00089478                _lseek_r
 .text          0x000894a4       0x2c c:/programs/arduino/hardware/tools/g++_arm_none_eabi/bin/../lib/gcc/arm-none-eabi/4.4.1/../../../../arm-none-eabi/lib/thumb2\libc.a(lib_a-readr.o)
                0x000894a4                _read_r
 .text          0x000894d0      0x278 c:/programs/arduino/hardware/tools/g++_arm_none_eabi/bin/../lib/gcc/arm-none-eabi/4.4.1/thumb2\libgcc.a(_udivsi3.o)
                0x000894d0                __aeabi_uidiv
                0x000894d0                __udivsi3
                0x0008972c                __aeabi_uidivmod
 .text          0x00089748        0x4 c:/programs/arduino/hardware/tools/g++_arm_none_eabi/bin/../lib/gcc/arm-none-eabi/4.4.1/thumb2\libgcc.a(_dvmd_tls.o)
                0x00089748                __aeabi_idiv0
                0x00089748                __aeabi_ldiv0
 .text          0x0008974c       0x2c c:/programs/arduino/hardware/tools/g++_arm_none_eabi/bin/../lib/gcc/arm-none-eabi/4.4.1/thumb2\libgcc.a(_aeabi_uldivmod.o)
                0x0008974c                __aeabi_uldivmod
 .text          0x00089778       0x58 c:/programs/arduino/hardware/tools/g++_arm_none_eabi/bin/../lib/gcc/arm-none-eabi/4.4.1/thumb2\libgcc.a(bpabi.o)
                0x00089778                __gnu_uldivmod_helper
                0x000897a4                __gnu_ldivmod_helper
 .text          0x000897d0      0x364 c:/programs/arduino/hardware/tools/g++_arm_none_eabi/bin/../lib/gcc/arm-none-eabi/4.4.1/thumb2\libgcc.a(_divdi3.o)
                0x000897d0                __divdi3
 .text          0x00089b34      0x300 c:/programs/arduino/hardware/tools/g++_arm_none_eabi/bin/../lib/gcc/arm-none-eabi/4.4.1/thumb2\libgcc.a(_udivdi3.o)
                0x00089b34                __udivdi3
 *(.glue_7t)
 .glue_7t       0x00000000        0x0 linker stubs
 *(.glue_7)
 .glue_7        0x00000000        0x0 linker stubs
 *(.rodata .rodata* .gnu.linkonce.r.*)
 .rodata.str1.1
                0x00089e34       0x19 C:/Users/Juraj/Workspace/Programming/Eclipse_C++_Arduino/Quadcopter/Release/arduino/syscalls_sam3.c.o
 .rodata.str1.1
                0x00089e4d       0xd2 ./Quadcopter.cpp.o
                                 0xd5 (size before relaxing)
 *fill*         0x00089f1f        0x1 00
 .rodata._ZZ18mavlink_parse_charE20mavlink_message_crcs
                0x00089f20      0x100 ./Quadcopter.cpp.o
 .rodata._ZL9dmpConfig
                0x0008a020       0xc0 ./lib/IMU/MPU6050_6Axis_MotionApps20.cpp.o
 .rodata._ZL10dmpUpdates
                0x0008a0e0       0x30 ./lib/IMU/MPU6050_6Axis_MotionApps20.cpp.o
 .rodata._ZL9dmpMemory
                0x0008a110      0x78c ./lib/IMU/MPU6050_6Axis_MotionApps20.cpp.o
 *fill*         0x0008a89c        0x4 00
 .rodata._ZTV7TwoWire
                0x0008a8a0       0x20 ./lib/I2C/Wire.cpp.o
                0x0008a8a0                vtable for TwoWire
 .rodata.g_APinDescription
                0x0008a8c0      0xa2c C:/Users/Juraj/Workspace/Programming/Eclipse_C++_Arduino/Quadcopter/Release/arduino.ar(variant.cpp.o)
                0x0008a8c0                g_APinDescription
 *fill*         0x0008b2ec        0x4 00
 .rodata._ZTV9UARTClass
                0x0008b2f0       0x30 C:/Users/Juraj/Workspace/Programming/Eclipse_C++_Arduino/Quadcopter/Release/arduino.ar(UARTClass.cpp.o)
                0x0008b2f0                vtable for UARTClass
 .rodata._ZTV10USARTClass
                0x0008b320       0x30 C:/Users/Juraj/Workspace/Programming/Eclipse_C++_Arduino/Quadcopter/Release/arduino.ar(USARTClass.cpp.o)
                0x0008b320                vtable for USARTClass
 .rodata.str1.1
                0x0008b350       0x54 C:/Programs/Arduino/hardware/arduino/sam/variants/arduino_due_x/libsam_sam3x8e_gcc_rel.a(tc.o)
 .rodata.__func__.6630
                0x0008b3a4        0xd C:/Programs/Arduino/hardware/arduino/sam/variants/arduino_due_x/libsam_sam3x8e_gcc_rel.a(tc.o)
 .rodata.__func__.6636
                0x0008b3b1        0x9 C:/Programs/Arduino/hardware/arduino/sam/variants/arduino_due_x/libsam_sam3x8e_gcc_rel.a(tc.o)
 .rodata.__func__.7038
                0x0008b3ba        0xe C:/Programs/Arduino/hardware/arduino/sam/variants/arduino_due_x/libsam_sam3x8e_gcc_rel.a(twi.o)
 .rodata.__func__.7046
                0x0008b3c8        0xf C:/Programs/Arduino/hardware/arduino/sam/variants/arduino_due_x/libsam_sam3x8e_gcc_rel.a(twi.o)
 .rodata.__func__.7060
                0x0008b3d7        0xd C:/Programs/Arduino/hardware/arduino/sam/variants/arduino_due_x/libsam_sam3x8e_gcc_rel.a(twi.o)
 .rodata.__func__.7078
                0x0008b3e4       0x16 C:/Programs/Arduino/hardware/arduino/sam/variants/arduino_due_x/libsam_sam3x8e_gcc_rel.a(twi.o)
 .rodata.__func__.7003
                0x0008b3fa       0x14 C:/Programs/Arduino/hardware/arduino/sam/variants/arduino_due_x/libsam_sam3x8e_gcc_rel.a(twi.o)
 .rodata.__func__.7065
                0x0008b40e        0xe C:/Programs/Arduino/hardware/arduino/sam/variants/arduino_due_x/libsam_sam3x8e_gcc_rel.a(twi.o)
 .rodata.str1.1
                0x0008b41c       0xb4 C:/Programs/Arduino/hardware/arduino/sam/variants/arduino_due_x/libsam_sam3x8e_gcc_rel.a(twi.o)
 .rodata.__func__.7069